start the gc thread
putting data in the thread: <Thread(ThreadPoolExecutor-0_0, started daemon 140131495311104)>
Successfully put the object_id: ObjectID <"o64d1fd088f400002">
putting data in the thread: <Thread(ThreadPoolExecutor-0_0, started daemon 140131495311104)>
Successfully put the object_id: ObjectID <"o64d1fd0892c00005">
putting data in the thread: <Thread(ThreadPoolExecutor-0_0, started daemon 140131495311104)>
Successfully put the object_id: ObjectID <"o64d1fd0895800008">
putting data in the thread: <Thread(ThreadPoolExecutor-0_0, started daemon 140131495311104)>
Successfully put the object_id: ObjectID <"o64d1fd089840000b">
putting data in the thread: <Thread(ThreadPoolExecutor-0_0, started daemon 140131495311104)>
Successfully put the object_id: ObjectID <"o64d1fd089b00000e">
putting data in the thread: <Thread(ThreadPoolExecutor-0_0, started daemon 140131495311104)>
Successfully put the object_id: ObjectID <"o64d1fd089d800011">
putting data in the thread: <Thread(ThreadPoolExecutor-0_0, started daemon 140131495311104)>
Successfully put the object_id: ObjectID <"o64d1fd08a0000014">
putting data in the thread: <Thread(ThreadPoolExecutor-0_0, started daemon 140131495311104)>
Successfully put the object_id: ObjectID <"o64d1fd08a2c00017">
putting data in the thread: <Thread(ThreadPoolExecutor-0_0, started daemon 140131495311104)>
Successfully put the object_id: ObjectID <"o64d1fd08a540001a">
putting data in the thread: <Thread(ThreadPoolExecutor-0_0, started daemon 140131495311104)>
Successfully put the object_id: ObjectID <"o64d1fd08a800001d">
putting data in the thread: <Thread(ThreadPoolExecutor-0_0, started daemon 140131495311104)>
Successfully put the object_id: ObjectID <"o64d1fd08aac00020">
putting data in the thread: <Thread(ThreadPoolExecutor-0_0, started daemon 140131495311104)>
Successfully put the object_id: ObjectID <"o64d1fd08ad400023">
putting data in the thread: <Thread(ThreadPoolExecutor-0_0, started daemon 140131495311104)>
Successfully put the object_id: ObjectID <"o64d1fd08afc00026">
putting data in the thread: <Thread(ThreadPoolExecutor-0_0, started daemon 140131495311104)>
Successfully put the object_id: ObjectID <"o64d1fd08b2800029">
putting data in the thread: <Thread(ThreadPoolExecutor-0_0, started daemon 140131495311104)>
Successfully put the object_id: ObjectID <"o64d1fd08b540002c">
putting data in the thread: <Thread(ThreadPoolExecutor-0_0, started daemon 140131495311104)>
Successfully put the object_id: ObjectID <"o64d1fd08b800002f">
putting data in the thread: <Thread(ThreadPoolExecutor-0_0, started daemon 140131495311104)>
Successfully put the object_id: ObjectID <"o64d1fd08ba800032">
putting data in the thread: <Thread(ThreadPoolExecutor-0_0, started daemon 140131495311104)>
Successfully put the object_id: ObjectID <"o64d1fd08bd000035">
putting data in the thread: <Thread(ThreadPoolExecutor-0_0, started daemon 140131495311104)>
Successfully put the object_id: ObjectID <"o64d1fd08bfc00038">
putting data in the thread: <Thread(ThreadPoolExecutor-0_0, started daemon 140131495311104)>
Successfully put the object_id: ObjectID <"o64d1fd08c280003b">
putting data in the thread: <Thread(ThreadPoolExecutor-0_0, started daemon 140131495311104)>
Successfully put the object_id: ObjectID <"o64d1fd08c500003e">
putting data in the thread: <Thread(ThreadPoolExecutor-0_0, started daemon 140131495311104)>
Successfully put the object_id: ObjectID <"o64d1fd08c7c00041">
putting data in the thread: <Thread(ThreadPoolExecutor-0_0, started daemon 140131495311104)>
Successfully put the object_id: ObjectID <"o64d1fd08ca400044">
putting data in the thread: <Thread(ThreadPoolExecutor-0_0, started daemon 140131495311104)>
Successfully put the object_id: ObjectID <"o64d1fd08ccc00047">
putting data in the thread: <Thread(ThreadPoolExecutor-0_0, started daemon 140131495311104)>
Successfully put the object_id: ObjectID <"o64d1fd08cf40004a">
putting data in the thread: <Thread(ThreadPoolExecutor-0_0, started daemon 140131495311104)>
Successfully put the object_id: ObjectID <"o64d1fd08d1c0004d">
putting data in the thread: <Thread(ThreadPoolExecutor-0_0, started daemon 140131495311104)>
Successfully put the object_id: ObjectID <"o64d1fd08d4400050">
putting data in the thread: <Thread(ThreadPoolExecutor-0_0, started daemon 140131495311104)>
Successfully put the object_id: ObjectID <"o64d1fd08d7400053">
putting data in the thread: <Thread(ThreadPoolExecutor-0_0, started daemon 140131495311104)>
Successfully put the object_id: ObjectID <"o64d1fd08da000056">
putting data in the thread: <Thread(ThreadPoolExecutor-0_0, started daemon 140131495311104)>
Successfully put the object_id: ObjectID <"o64d1fd08dc800059">
putting data in the thread: <Thread(ThreadPoolExecutor-0_0, started daemon 140131495311104)>
Successfully put the object_id: ObjectID <"o64d1fd08df40005c">
putting data in the thread: <Thread(ThreadPoolExecutor-0_0, started daemon 140131495311104)>
Successfully put the object_id: ObjectID <"o64d1fd08e1c0005f">
putting data in the thread: <Thread(ThreadPoolExecutor-0_0, started daemon 140131495311104)>
Successfully put the object_id: ObjectID <"o64d1fd08e4400062">
putting data in the thread: <Thread(ThreadPoolExecutor-0_0, started daemon 140131495311104)>
Successfully put the object_id: ObjectID <"o64d1fd08e7000065">
putting data in the thread: <Thread(ThreadPoolExecutor-0_0, started daemon 140131495311104)>
Successfully put the object_id: ObjectID <"o64d1fd08e9800068">
putting data in the thread: <Thread(ThreadPoolExecutor-0_0, started daemon 140131495311104)>
Successfully put the object_id: ObjectID <"o64d1fd08ecc0006b">
putting data in the thread: <Thread(ThreadPoolExecutor-0_0, started daemon 140131495311104)>
Successfully put the object_id: ObjectID <"o64d1fd08ef40006e">
putting data in the thread: <Thread(ThreadPoolExecutor-0_0, started daemon 140131495311104)>
Successfully put the object_id: ObjectID <"o64d1fd08f2000071">
putting data in the thread: <Thread(ThreadPoolExecutor-0_0, started daemon 140131495311104)>
Successfully put the object_id: ObjectID <"o64d1fd08f4c00074">
putting data in the thread: <Thread(ThreadPoolExecutor-0_0, started daemon 140131495311104)>
Successfully put the object_id: ObjectID <"o64d1fd08f7400077">
putting data in the thread: <Thread(ThreadPoolExecutor-0_0, started daemon 140131495311104)>
Successfully put the object_id: ObjectID <"o64d1fd08fa00007a">
putting data in the thread: <Thread(ThreadPoolExecutor-0_0, started daemon 140131495311104)>
Successfully put the object_id: ObjectID <"o64d1fd090b00007d">
putting data in the thread: <Thread(ThreadPoolExecutor-0_0, started daemon 140131495311104)>
Successfully put the object_id: ObjectID <"o64d1fd090d800080">
putting data in the thread: <Thread(ThreadPoolExecutor-0_0, started daemon 140131495311104)>
Successfully put the object_id: ObjectID <"o64d1fd090fc00083">
putting data in the thread: <Thread(ThreadPoolExecutor-0_0, started daemon 140131495311104)>
Successfully put the object_id: ObjectID <"o64d1fd0912400086">
putting data in the thread: <Thread(ThreadPoolExecutor-0_0, started daemon 140131495311104)>
Successfully put the object_id: ObjectID <"o64d1fd0915000089">
putting data in the thread: <Thread(ThreadPoolExecutor-0_0, started daemon 140131495311104)>
Successfully put the object_id: ObjectID <"o64d1fd091740008c">
putting data in the thread: <Thread(ThreadPoolExecutor-0_0, started daemon 140131495311104)>
Successfully put the object_id: ObjectID <"o64d1fd091980008f">
putting data in the thread: <Thread(ThreadPoolExecutor-0_0, started daemon 140131495311104)>
Successfully put the object_id: ObjectID <"o64d1fd091bc00092">
putting data in the thread: <Thread(ThreadPoolExecutor-0_0, started daemon 140131495311104)>
Successfully put the object_id: ObjectID <"o64d1fd091e400095">
putting data in the thread: <Thread(ThreadPoolExecutor-0_0, started daemon 140131495311104)>
Successfully put the object_id: ObjectID <"o64d1fd0921000098">
putting data in the thread: <Thread(ThreadPoolExecutor-0_0, started daemon 140131495311104)>
Successfully put the object_id: ObjectID <"o64d1fd0923c0009b">
putting data in the thread: <Thread(ThreadPoolExecutor-0_0, started daemon 140131495311104)>
Successfully put the object_id: ObjectID <"o64d1fd092680009e">
putting data in the thread: <Thread(ThreadPoolExecutor-0_0, started daemon 140131495311104)>
Successfully put the object_id: ObjectID <"o64d1fd09294000a1">
putting data in the thread: <Thread(ThreadPoolExecutor-0_0, started daemon 140131495311104)>
Successfully put the object_id: ObjectID <"o64d1fd092bc000a4">
putting data in the thread: <Thread(ThreadPoolExecutor-0_0, started daemon 140131495311104)>
Successfully put the object_id: ObjectID <"o64d1fd092e4000a7">
putting data in the thread: <Thread(ThreadPoolExecutor-0_0, started daemon 140131495311104)>
Successfully put the object_id: ObjectID <"o64d1fd0930c000aa">
putting data in the thread: <Thread(ThreadPoolExecutor-0_0, started daemon 140131495311104)>
Successfully put the object_id: ObjectID <"o64d1fd0932c000ad">
putting data in the thread: <Thread(ThreadPoolExecutor-0_0, started daemon 140131495311104)>
Successfully put the object_id: ObjectID <"o64d1fd09354000b0">
putting data in the thread: <Thread(ThreadPoolExecutor-0_0, started daemon 140131495311104)>
Successfully put the object_id: ObjectID <"o64d1fd0937c000b3">
putting data in the thread: <Thread(ThreadPoolExecutor-0_0, started daemon 140131495311104)>
Successfully put the object_id: ObjectID <"o64d1fd093a8000b6">
putting data in the thread: <Thread(ThreadPoolExecutor-0_0, started daemon 140131495311104)>
Successfully put the object_id: ObjectID <"o64d1fd093d4000b9">
putting data in the thread: <Thread(ThreadPoolExecutor-0_0, started daemon 140131495311104)>
Successfully put the object_id: ObjectID <"o64d1fd093fc000bc">
putting data in the thread: <Thread(ThreadPoolExecutor-0_0, started daemon 140131495311104)>
Successfully put the object_id: ObjectID <"o64d1fd09428000bf">
putting data in the thread: <Thread(ThreadPoolExecutor-0_0, started daemon 140131495311104)>
Successfully put the object_id: ObjectID <"o64d1fd09454000c2">
putting data in the thread: <Thread(ThreadPoolExecutor-0_0, started daemon 140131495311104)>
Successfully put the object_id: ObjectID <"o64d1fd09478000c5">
putting data in the thread: <Thread(ThreadPoolExecutor-0_0, started daemon 140131495311104)>
Successfully put the object_id: ObjectID <"o64d1fd094a0000c8">
putting data in the thread: <Thread(ThreadPoolExecutor-0_0, started daemon 140131495311104)>
Successfully put the object_id: ObjectID <"o64d1fd094c8000cb">
putting data in the thread: <Thread(ThreadPoolExecutor-0_0, started daemon 140131495311104)>
Successfully put the object_id: ObjectID <"o64d1fd095e0000ce">
putting data in the thread: <Thread(ThreadPoolExecutor-0_0, started daemon 140131495311104)>
Successfully put the object_id: ObjectID <"o64d1fd0960c000d1">
putting data in the thread: <Thread(ThreadPoolExecutor-0_0, started daemon 140131495311104)>
Successfully put the object_id: ObjectID <"o64d1fd09634000d4">
putting data in the thread: <Thread(ThreadPoolExecutor-0_0, started daemon 140131495311104)>
Successfully put the object_id: ObjectID <"o64d1fd09654000d7">
putting data in the thread: <Thread(ThreadPoolExecutor-0_0, started daemon 140131495311104)>
Successfully put the object_id: ObjectID <"o64d1fd0967c000da">
putting data in the thread: <Thread(ThreadPoolExecutor-0_0, started daemon 140131495311104)>
Successfully put the object_id: ObjectID <"o64d1fd096a8000dd">
putting data in the thread: <Thread(ThreadPoolExecutor-0_0, started daemon 140131495311104)>
Successfully put the object_id: ObjectID <"o64d1fd096d0000e0">
putting data in the thread: <Thread(ThreadPoolExecutor-0_0, started daemon 140131495311104)>
Successfully put the object_id: ObjectID <"o64d1fd0978c000e3">
putting data in the thread: <Thread(ThreadPoolExecutor-0_0, started daemon 140131495311104)>
Successfully put the object_id: ObjectID <"o64d1fd097b0000e6">
putting data in the thread: <Thread(ThreadPoolExecutor-0_0, started daemon 140131495311104)>
Successfully put the object_id: ObjectID <"o64d1fd097d8000e9">
putting data in the thread: <Thread(ThreadPoolExecutor-0_0, started daemon 140131495311104)>
Successfully put the object_id: ObjectID <"o64d1fd09800000ec">
putting data in the thread: <Thread(ThreadPoolExecutor-0_0, started daemon 140131495311104)>
Successfully put the object_id: ObjectID <"o64d1fd0982c000ef">
putting data in the thread: <Thread(ThreadPoolExecutor-0_0, started daemon 140131495311104)>
Successfully put the object_id: ObjectID <"o64d1fd09850000f2">
putting data in the thread: <Thread(ThreadPoolExecutor-0_0, started daemon 140131495311104)>
Successfully put the object_id: ObjectID <"o64d1fd0987c000f5">
putting data in the thread: <Thread(ThreadPoolExecutor-0_0, started daemon 140131495311104)>
Successfully put the object_id: ObjectID <"o64d1fd098a8000f8">
putting data in the thread: <Thread(ThreadPoolExecutor-0_0, started daemon 140131495311104)>
Successfully put the object_id: ObjectID <"o64d1fd098cc000fb">
putting data in the thread: <Thread(ThreadPoolExecutor-0_0, started daemon 140131495311104)>
Successfully put the object_id: ObjectID <"o64d1fd098fc000fe">
putting data in the thread: <Thread(ThreadPoolExecutor-0_0, started daemon 140131495311104)>
Successfully put the object_id: ObjectID <"o64d1fd0992400101">
putting data in the thread: <Thread(ThreadPoolExecutor-0_0, started daemon 140131495311104)>
Successfully put the object_id: ObjectID <"o64d1fd0994c00104">
putting data in the thread: <Thread(ThreadPoolExecutor-0_0, started daemon 140131495311104)>
Successfully put the object_id: ObjectID <"o64d1fd0997000107">
putting data in the thread: <Thread(ThreadPoolExecutor-0_0, started daemon 140131495311104)>
Successfully put the object_id: ObjectID <"o64d1fd099980010a">
putting data in the thread: <Thread(ThreadPoolExecutor-0_0, started daemon 140131495311104)>
Successfully put the object_id: ObjectID <"o64d1fd099c40010d">
putting data in the thread: <Thread(ThreadPoolExecutor-0_0, started daemon 140131495311104)>
Successfully put the object_id: ObjectID <"o64d1fd099f000110">
putting data in the thread: <Thread(ThreadPoolExecutor-0_0, started daemon 140131495311104)>
Successfully put the object_id: ObjectID <"o64d1fd09a2800113">
putting data in the thread: <Thread(ThreadPoolExecutor-0_0, started daemon 140131495311104)>
Successfully put the object_id: ObjectID <"o64d1fd09a5800116">
putting data in the thread: <Thread(ThreadPoolExecutor-0_0, started daemon 140131495311104)>
Successfully put the object_id: ObjectID <"o64d1fd09a8400119">
putting data in the thread: <Thread(ThreadPoolExecutor-0_0, started daemon 140131495311104)>
Successfully put the object_id: ObjectID <"o64d1fd09ab00011c">
putting data in the thread: <Thread(ThreadPoolExecutor-0_0, started daemon 140131495311104)>
Successfully put the object_id: ObjectID <"o64d1fd09bdc0011f">
putting data in the thread: <Thread(ThreadPoolExecutor-0_0, started daemon 140131495311104)>
Successfully put the object_id: ObjectID <"o64d1fd09c0800122">
putting data in the thread: <Thread(ThreadPoolExecutor-0_0, started daemon 140131495311104)>
Successfully put the object_id: ObjectID <"o64d1fd09c3400125">
putting data in the thread: <Thread(ThreadPoolExecutor-0_0, started daemon 140131495311104)>
Successfully put the object_id: ObjectID <"o64d1fd09c5800128">
putting data in the thread: <Thread(ThreadPoolExecutor-0_0, started daemon 140131495311104)>
Successfully put the object_id: ObjectID <"o64d1fd09cfc0012b">
start the gc thread
putting data in the thread: <Thread(ThreadPoolExecutor-1_0, started daemon 140131495311104)>
Successfully put the object_id: ObjectID <"o64d1fd09d280012e">
putting data in the thread: <Thread(ThreadPoolExecutor-1_0, started daemon 140131495311104)>
Successfully put the object_id: ObjectID <"o64d1fd09d5000131">
putting data in the thread: <Thread(ThreadPoolExecutor-1_0, started daemon 140131495311104)>
Successfully put the object_id: ObjectID <"o64d1fd09d7400134">
putting data in the thread: <Thread(ThreadPoolExecutor-1_0, started daemon 140131495311104)>
Successfully put the object_id: ObjectID <"o64d1fd09d9800137">
putting data in the thread: <Thread(ThreadPoolExecutor-1_0, started daemon 140131495311104)>
Successfully put the object_id: ObjectID <"o64d1fd09dc00013a">
putting data in the thread: <Thread(ThreadPoolExecutor-1_0, started daemon 140131495311104)>
Successfully put the object_id: ObjectID <"o64d1fd09de80013d">
putting data in the thread: <Thread(ThreadPoolExecutor-1_0, started daemon 140131495311104)>
Successfully put the object_id: ObjectID <"o64d1fd09e0800140">
putting data in the thread: <Thread(ThreadPoolExecutor-1_0, started daemon 140131495311104)>
Successfully put the object_id: ObjectID <"o64d1fd09e2c00143">
putting data in the thread: <Thread(ThreadPoolExecutor-1_0, started daemon 140131495311104)>
Successfully put the object_id: ObjectID <"o64d1fd09e5000146">
putting data in the thread: <Thread(ThreadPoolExecutor-1_0, started daemon 140131495311104)>
Successfully put the object_id: ObjectID <"o64d1fd09e7800149">
putting data in the thread: <Thread(ThreadPoolExecutor-1_0, started daemon 140131495311104)>
Successfully put the object_id: ObjectID <"o64d1fd09ea00014c">
putting data in the thread: <Thread(ThreadPoolExecutor-1_0, started daemon 140131495311104)>
Successfully put the object_id: ObjectID <"o64d1fd09ec40014f">
putting data in the thread: <Thread(ThreadPoolExecutor-1_0, started daemon 140131495311104)>
Successfully put the object_id: ObjectID <"o64d1fd09ef000152">
putting data in the thread: <Thread(ThreadPoolExecutor-1_0, started daemon 140131495311104)>
Successfully put the object_id: ObjectID <"o64d1fd09f1400155">
putting data in the thread: <Thread(ThreadPoolExecutor-1_0, started daemon 140131495311104)>
Successfully put the object_id: ObjectID <"o64d1fd09f3c00158">
putting data in the thread: <Thread(ThreadPoolExecutor-1_0, started daemon 140131495311104)>
Successfully put the object_id: ObjectID <"o64d1fd09f640015b">
putting data in the thread: <Thread(ThreadPoolExecutor-1_0, started daemon 140131495311104)>
Failed to put the object Name test5950 already exists in the vineyard
putting data in the thread: <Thread(ThreadPoolExecutor-1_0, started daemon 140131495311104)>
Successfully put the object_id: ObjectID <"o64d1fd09f8c0015e">
putting data in the thread: <Thread(ThreadPoolExecutor-1_0, started daemon 140131495311104)>
Successfully put the object_id: ObjectID <"o64d1fd09fb400161">
putting data in the thread: <Thread(ThreadPoolExecutor-1_0, started daemon 140131495311104)>
Successfully put the object_id: ObjectID <"o64d1fd09fdc00164">
putting data in the thread: <Thread(ThreadPoolExecutor-1_0, started daemon 140131495311104)>
Successfully put the object_id: ObjectID <"o64d1fd0a00400167">
putting data in the thread: <Thread(ThreadPoolExecutor-1_0, started daemon 140131495311104)>
Successfully put the object_id: ObjectID <"o64d1fd0a02c0016a">
putting data in the thread: <Thread(ThreadPoolExecutor-1_0, started daemon 140131495311104)>
Successfully put the object_id: ObjectID <"o64d1fd0a0500016d">
putting data in the thread: <Thread(ThreadPoolExecutor-1_0, started daemon 140131495311104)>
Successfully put the object_id: ObjectID <"o64d1fd0a15c00170">
putting data in the thread: <Thread(ThreadPoolExecutor-1_0, started daemon 140131495311104)>
Successfully put the object_id: ObjectID <"o64d1fd0a18400173">
putting data in the thread: <Thread(ThreadPoolExecutor-1_0, started daemon 140131495311104)>
Successfully put the object_id: ObjectID <"o64d1fd0a1ac00176">
putting data in the thread: <Thread(ThreadPoolExecutor-1_0, started daemon 140131495311104)>
Successfully put the object_id: ObjectID <"o64d1fd0a1d400179">
putting data in the thread: <Thread(ThreadPoolExecutor-1_0, started daemon 140131495311104)>
Successfully put the object_id: ObjectID <"o64d1fd0a1f80017c">
putting data in the thread: <Thread(ThreadPoolExecutor-1_0, started daemon 140131495311104)>
Successfully put the object_id: ObjectID <"o64d1fd0a2200017f">
putting data in the thread: <Thread(ThreadPoolExecutor-1_0, started daemon 140131495311104)>
Successfully put the object_id: ObjectID <"o64d1fd0a24c00182">
putting data in the thread: <Thread(ThreadPoolExecutor-1_0, started daemon 140131495311104)>
Successfully put the object_id: ObjectID <"o64d1fd0a27000185">
putting data in the thread: <Thread(ThreadPoolExecutor-1_0, started daemon 140131495311104)>
Successfully put the object_id: ObjectID <"o64d1fd0a29800188">
putting data in the thread: <Thread(ThreadPoolExecutor-1_0, started daemon 140131495311104)>
Successfully put the object_id: ObjectID <"o64d1fd0a2c00018b">
putting data in the thread: <Thread(ThreadPoolExecutor-1_0, started daemon 140131495311104)>
Successfully put the object_id: ObjectID <"o64d1fd0a2e00018e">
putting data in the thread: <Thread(ThreadPoolExecutor-1_0, started daemon 140131495311104)>
Successfully put the object_id: ObjectID <"o64d1fd0a30800191">
putting data in the thread: <Thread(ThreadPoolExecutor-1_0, started daemon 140131495311104)>
Successfully put the object_id: ObjectID <"o64d1fd0a32800194">
putting data in the thread: <Thread(ThreadPoolExecutor-1_0, started daemon 140131495311104)>
Successfully put the object_id: ObjectID <"o64d1fd0a34c00197">
putting data in the thread: <Thread(ThreadPoolExecutor-1_0, started daemon 140131495311104)>
Successfully put the object_id: ObjectID <"o64d1fd0a3740019a">
putting data in the thread: <Thread(ThreadPoolExecutor-1_0, started daemon 140131495311104)>
Successfully put the object_id: ObjectID <"o64d1fd0a3980019d">
putting data in the thread: <Thread(ThreadPoolExecutor-1_0, started daemon 140131495311104)>
Successfully put the object_id: ObjectID <"o64d1fd0a3bc001a0">
putting data in the thread: <Thread(ThreadPoolExecutor-1_0, started daemon 140131495311104)>
Successfully put the object_id: ObjectID <"o64d1fd0a3e0001a3">
putting data in the thread: <Thread(ThreadPoolExecutor-1_0, started daemon 140131495311104)>
Successfully put the object_id: ObjectID <"o64d1fd0a408001a6">
putting data in the thread: <Thread(ThreadPoolExecutor-1_0, started daemon 140131495311104)>
Successfully put the object_id: ObjectID <"o64d1fd0a42c001a9">
putting data in the thread: <Thread(ThreadPoolExecutor-1_0, started daemon 140131495311104)>
Successfully put the object_id: ObjectID <"o64d1fd0a450001ac">
putting data in the thread: <Thread(ThreadPoolExecutor-1_0, started daemon 140131495311104)>
Successfully put the object_id: ObjectID <"o64d1fd0a478001af">
putting data in the thread: <Thread(ThreadPoolExecutor-1_0, started daemon 140131495311104)>
Successfully put the object_id: ObjectID <"o64d1fd0a49c001b2">
putting data in the thread: <Thread(ThreadPoolExecutor-1_0, started daemon 140131495311104)>
Successfully put the object_id: ObjectID <"o64d1fd0a4c4001b5">
putting data in the thread: <Thread(ThreadPoolExecutor-1_0, started daemon 140131495311104)>
Successfully put the object_id: ObjectID <"o64d1fd0a4e8001b8">
putting data in the thread: <Thread(ThreadPoolExecutor-1_0, started daemon 140131495311104)>
Successfully put the object_id: ObjectID <"o64d1fd0a510001bb">
putting data in the thread: <Thread(ThreadPoolExecutor-1_0, started daemon 140131495311104)>
Successfully put the object_id: ObjectID <"o64d1fd0a538001be">
putting data in the thread: <Thread(ThreadPoolExecutor-1_0, started daemon 140131495311104)>
Successfully put the object_id: ObjectID <"o64d1fd0a640001c1">
putting data in the thread: <Thread(ThreadPoolExecutor-1_0, started daemon 140131495311104)>
Successfully put the object_id: ObjectID <"o64d1fd0a66c001c4">
putting data in the thread: <Thread(ThreadPoolExecutor-1_0, started daemon 140131495311104)>
Successfully put the object_id: ObjectID <"o64d1fd0a694001c7">
putting data in the thread: <Thread(ThreadPoolExecutor-1_0, started daemon 140131495311104)>
Successfully put the object_id: ObjectID <"o64d1fd0a6bc001ca">
putting data in the thread: <Thread(ThreadPoolExecutor-1_0, started daemon 140131495311104)>
Successfully put the object_id: ObjectID <"o64d1fd0a6e0001cd">
putting data in the thread: <Thread(ThreadPoolExecutor-1_0, started daemon 140131495311104)>
Successfully put the object_id: ObjectID <"o64d1fd0a704001d0">
putting data in the thread: <Thread(ThreadPoolExecutor-1_0, started daemon 140131495311104)>
Successfully put the object_id: ObjectID <"o64d1fd0a728001d3">
putting data in the thread: <Thread(ThreadPoolExecutor-1_0, started daemon 140131495311104)>
Successfully put the object_id: ObjectID <"o64d1fd0a750001d6">
putting data in the thread: <Thread(ThreadPoolExecutor-1_0, started daemon 140131495311104)>
Failed to put the object Name test3007 already exists in the vineyard
putting data in the thread: <Thread(ThreadPoolExecutor-1_0, started daemon 140131495311104)>
Successfully put the object_id: ObjectID <"o64d1fd0a774001d9">
putting data in the thread: <Thread(ThreadPoolExecutor-1_0, started daemon 140131495311104)>
Successfully put the object_id: ObjectID <"o64d1fd0a79c001dc">
putting data in the thread: <Thread(ThreadPoolExecutor-1_0, started daemon 140131495311104)>
Successfully put the object_id: ObjectID <"o64d1fd0a7c4001df">
putting data in the thread: <Thread(ThreadPoolExecutor-1_0, started daemon 140131495311104)>
Successfully put the object_id: ObjectID <"o64d1fd0a7e8001e2">
putting data in the thread: <Thread(ThreadPoolExecutor-1_0, started daemon 140131495311104)>
Successfully put the object_id: ObjectID <"o64d1fd0a810001e5">
putting data in the thread: <Thread(ThreadPoolExecutor-1_0, started daemon 140131495311104)>
Successfully put the object_id: ObjectID <"o64d1fd0a838001e8">
putting data in the thread: <Thread(ThreadPoolExecutor-1_0, started daemon 140131495311104)>
Successfully put the object_id: ObjectID <"o64d1fd0a85c001eb">
putting data in the thread: <Thread(ThreadPoolExecutor-1_0, started daemon 140131495311104)>
Successfully put the object_id: ObjectID <"o64d1fd0a880001ee">
putting data in the thread: <Thread(ThreadPoolExecutor-1_0, started daemon 140131495311104)>
Successfully put the object_id: ObjectID <"o64d1fd0a8a4001f1">
putting data in the thread: <Thread(ThreadPoolExecutor-1_0, started daemon 140131495311104)>
Successfully put the object_id: ObjectID <"o64d1fd0a8c8001f4">
putting data in the thread: <Thread(ThreadPoolExecutor-1_0, started daemon 140131495311104)>
Successfully put the object_id: ObjectID <"o64d1fd0a8f0001f7">
putting data in the thread: <Thread(ThreadPoolExecutor-1_0, started daemon 140131495311104)>
Successfully put the object_id: ObjectID <"o64d1fd0a91c001fa">
putting data in the thread: <Thread(ThreadPoolExecutor-1_0, started daemon 140131495311104)>
Successfully put the object_id: ObjectID <"o64d1fd0a944001fd">
putting data in the thread: <Thread(ThreadPoolExecutor-1_0, started daemon 140131495311104)>
Successfully put the object_id: ObjectID <"o64d1fd0a96c00200">
putting data in the thread: <Thread(ThreadPoolExecutor-1_0, started daemon 140131495311104)>
Successfully put the object_id: ObjectID <"o64d1fd0a99000203">
putting data in the thread: <Thread(ThreadPoolExecutor-1_0, started daemon 140131495311104)>
Successfully put the object_id: ObjectID <"o64d1fd0a9bc00206">
putting data in the thread: <Thread(ThreadPoolExecutor-1_0, started daemon 140131495311104)>
Successfully put the object_id: ObjectID <"o64d1fd0a9e000209">
putting data in the thread: <Thread(ThreadPoolExecutor-1_0, started daemon 140131495311104)>
Successfully put the object_id: ObjectID <"o64d1fd0aa080020c">
putting data in the thread: <Thread(ThreadPoolExecutor-1_0, started daemon 140131495311104)>
Successfully put the object_id: ObjectID <"o64d1fd0aa300020f">
putting data in the thread: <Thread(ThreadPoolExecutor-1_0, started daemon 140131495311104)>
Successfully put the object_id: ObjectID <"o64d1fd0ab3800212">
putting data in the thread: <Thread(ThreadPoolExecutor-1_0, started daemon 140131495311104)>
Successfully put the object_id: ObjectID <"o64d1fd0ab6400215">
putting data in the thread: <Thread(ThreadPoolExecutor-1_0, started daemon 140131495311104)>
Successfully put the object_id: ObjectID <"o64d1fd0ab9000218">
putting data in the thread: <Thread(ThreadPoolExecutor-1_0, started daemon 140131495311104)>
Successfully put the object_id: ObjectID <"o64d1fd0abb80021b">
putting data in the thread: <Thread(ThreadPoolExecutor-1_0, started daemon 140131495311104)>
Successfully put the object_id: ObjectID <"o64d1fd0abdc0021e">
putting data in the thread: <Thread(ThreadPoolExecutor-1_0, started daemon 140131495311104)>
Successfully put the object_id: ObjectID <"o64d1fd0ac0400221">
putting data in the thread: <Thread(ThreadPoolExecutor-1_0, started daemon 140131495311104)>
Successfully put the object_id: ObjectID <"o64d1fd0ac2800224">
putting data in the thread: <Thread(ThreadPoolExecutor-1_0, started daemon 140131495311104)>
Successfully put the object_id: ObjectID <"o64d1fd0ac5000227">
putting data in the thread: <Thread(ThreadPoolExecutor-1_0, started daemon 140131495311104)>
Successfully put the object_id: ObjectID <"o64d1fd0ac780022a">
putting data in the thread: <Thread(ThreadPoolExecutor-1_0, started daemon 140131495311104)>
Successfully put the object_id: ObjectID <"o64d1fd0ac9c0022d">
putting data in the thread: <Thread(ThreadPoolExecutor-1_0, started daemon 140131495311104)>
Successfully put the object_id: ObjectID <"o64d1fd0acc800230">
putting data in the thread: <Thread(ThreadPoolExecutor-1_0, started daemon 140131495311104)>
Successfully put the object_id: ObjectID <"o64d1fd0acf000233">
putting data in the thread: <Thread(ThreadPoolExecutor-1_0, started daemon 140131495311104)>
Successfully put the object_id: ObjectID <"o64d1fd0ad1c00236">
putting data in the thread: <Thread(ThreadPoolExecutor-1_0, started daemon 140131495311104)>
Successfully put the object_id: ObjectID <"o64d1fd0ad4400239">
putting data in the thread: <Thread(ThreadPoolExecutor-1_0, started daemon 140131495311104)>
Successfully put the object_id: ObjectID <"o64d1fd0ad640023c">
putting data in the thread: <Thread(ThreadPoolExecutor-1_0, started daemon 140131495311104)>
Successfully put the object_id: ObjectID <"o64d1fd0ad8c0023f">
putting data in the thread: <Thread(ThreadPoolExecutor-1_0, started daemon 140131495311104)>
Successfully put the object_id: ObjectID <"o64d1fd0adb000242">
putting data in the thread: <Thread(ThreadPoolExecutor-1_0, started daemon 140131495311104)>
Successfully put the object_id: ObjectID <"o64d1fd0addc00245">
putting data in the thread: <Thread(ThreadPoolExecutor-1_0, started daemon 140131495311104)>
Successfully put the object_id: ObjectID <"o64d1fd0ae0400248">
putting data in the thread: <Thread(ThreadPoolExecutor-1_0, started daemon 140131495311104)>
Successfully put the object_id: ObjectID <"o64d1fd0ae2c0024b">
putting data in the thread: <Thread(ThreadPoolExecutor-1_0, started daemon 140131495311104)>
Successfully put the object_id: ObjectID <"o64d1fd0ae580024e">
putting data in the thread: <Thread(ThreadPoolExecutor-1_0, started daemon 140131495311104)>
Successfully put the object_id: ObjectID <"o64d1fd0ae8000251">
start the gc thread
putting data in the thread: <Thread(ThreadPoolExecutor-2_0, started daemon 140131495311104)>
Successfully put the object_id: ObjectID <"o64d1fd0aea800254">
putting data in the thread: <Thread(ThreadPoolExecutor-2_0, started daemon 140131495311104)>
Successfully put the object_id: ObjectID <"o64d1fd0aed800257">
putting data in the thread: <Thread(ThreadPoolExecutor-2_0, started daemon 140131495311104)>
Successfully put the object_id: ObjectID <"o64d1fd0af000025a">
putting data in the thread: <Thread(ThreadPoolExecutor-2_0, started daemon 140131495311104)>
Successfully put the object_id: ObjectID <"o64d1fd0af2c0025d">
putting data in the thread: <Thread(ThreadPoolExecutor-2_0, started daemon 140131495311104)>
Successfully put the object_id: ObjectID <"o64d1fd0af5400260">
putting data in the thread: <Thread(ThreadPoolExecutor-2_0, started daemon 140131495311104)>
Successfully put the object_id: ObjectID <"o64d1fd0b06000263">
putting data in the thread: <Thread(ThreadPoolExecutor-2_0, started daemon 140131495311104)>
Successfully put the object_id: ObjectID <"o64d1fd0b08800266">
putting data in the thread: <Thread(ThreadPoolExecutor-2_0, started daemon 140131495311104)>
Successfully put the object_id: ObjectID <"o64d1fd0b0b000269">
putting data in the thread: <Thread(ThreadPoolExecutor-2_0, started daemon 140131495311104)>
Successfully put the object_id: ObjectID <"o64d1fd0b0d40026c">
putting data in the thread: <Thread(ThreadPoolExecutor-2_0, started daemon 140131495311104)>
Successfully put the object_id: ObjectID <"o64d1fd0b0f80026f">
putting data in the thread: <Thread(ThreadPoolExecutor-2_0, started daemon 140131495311104)>
Successfully put the object_id: ObjectID <"o64d1fd0b12000272">
putting data in the thread: <Thread(ThreadPoolExecutor-2_0, started daemon 140131495311104)>
Successfully put the object_id: ObjectID <"o64d1fd0b14400275">
putting data in the thread: <Thread(ThreadPoolExecutor-2_0, started daemon 140131495311104)>
Successfully put the object_id: ObjectID <"o64d1fd0b16800278">
putting data in the thread: <Thread(ThreadPoolExecutor-2_0, started daemon 140131495311104)>
Successfully put the object_id: ObjectID <"o64d1fd0b1900027b">
putting data in the thread: <Thread(ThreadPoolExecutor-2_0, started daemon 140131495311104)>
Successfully put the object_id: ObjectID <"o64d1fd0b1b40027e">
putting data in the thread: <Thread(ThreadPoolExecutor-2_0, started daemon 140131495311104)>
Successfully put the object_id: ObjectID <"o64d1fd0b1dc00281">
putting data in the thread: <Thread(ThreadPoolExecutor-2_0, started daemon 140131495311104)>
Successfully put the object_id: ObjectID <"o64d1fd0b20400284">
putting data in the thread: <Thread(ThreadPoolExecutor-2_0, started daemon 140131495311104)>
Successfully put the object_id: ObjectID <"o64d1fd0b22c00287">
putting data in the thread: <Thread(ThreadPoolExecutor-2_0, started daemon 140131495311104)>
Successfully put the object_id: ObjectID <"o64d1fd0b2580028a">
putting data in the thread: <Thread(ThreadPoolExecutor-2_0, started daemon 140131495311104)>
Successfully put the object_id: ObjectID <"o64d1fd0b2880028d">
putting data in the thread: <Thread(ThreadPoolExecutor-2_0, started daemon 140131495311104)>
Successfully put the object_id: ObjectID <"o64d1fd0b2b000290">
putting data in the thread: <Thread(ThreadPoolExecutor-2_0, started daemon 140131495311104)>
Successfully put the object_id: ObjectID <"o64d1fd0b2d800293">
putting data in the thread: <Thread(ThreadPoolExecutor-2_0, started daemon 140131495311104)>
Successfully put the object_id: ObjectID <"o64d1fd0b30000296">
putting data in the thread: <Thread(ThreadPoolExecutor-2_0, started daemon 140131495311104)>
Successfully put the object_id: ObjectID <"o64d1fd0b32c00299">
putting data in the thread: <Thread(ThreadPoolExecutor-2_0, started daemon 140131495311104)>
Successfully put the object_id: ObjectID <"o64d1fd0b3580029c">
putting data in the thread: <Thread(ThreadPoolExecutor-2_0, started daemon 140131495311104)>
Successfully put the object_id: ObjectID <"o64d1fd0b3840029f">
putting data in the thread: <Thread(ThreadPoolExecutor-2_0, started daemon 140131495311104)>
Successfully put the object_id: ObjectID <"o64d1fd0b3ac002a2">
putting data in the thread: <Thread(ThreadPoolExecutor-2_0, started daemon 140131495311104)>
Successfully put the object_id: ObjectID <"o64d1fd0b3d0002a5">
putting data in the thread: <Thread(ThreadPoolExecutor-2_0, started daemon 140131495311104)>
Successfully put the object_id: ObjectID <"o64d1fd0b3f8002a8">
putting data in the thread: <Thread(ThreadPoolExecutor-2_0, started daemon 140131495311104)>
Successfully put the object_id: ObjectID <"o64d1fd0b424002ab">
putting data in the thread: <Thread(ThreadPoolExecutor-2_0, started daemon 140131495311104)>
Successfully put the object_id: ObjectID <"o64d1fd0b450002ae">
putting data in the thread: <Thread(ThreadPoolExecutor-2_0, started daemon 140131495311104)>
Successfully put the object_id: ObjectID <"o64d1fd0b478002b1">
putting data in the thread: <Thread(ThreadPoolExecutor-2_0, started daemon 140131495311104)>
Successfully put the object_id: ObjectID <"o64d1fd0b580002b4">
putting data in the thread: <Thread(ThreadPoolExecutor-2_0, started daemon 140131495311104)>
Successfully put the object_id: ObjectID <"o64d1fd0b5a8002b7">
putting data in the thread: <Thread(ThreadPoolExecutor-2_0, started daemon 140131495311104)>
Successfully put the object_id: ObjectID <"o64d1fd0b5cc002ba">
putting data in the thread: <Thread(ThreadPoolExecutor-2_0, started daemon 140131495311104)>
Successfully put the object_id: ObjectID <"o64d1fd0b5f4002bd">
putting data in the thread: <Thread(ThreadPoolExecutor-2_0, started daemon 140131495311104)>
Successfully put the object_id: ObjectID <"o64d1fd0b61c002c0">
putting data in the thread: <Thread(ThreadPoolExecutor-2_0, started daemon 140131495311104)>
Successfully put the object_id: ObjectID <"o64d1fd0b644002c3">
putting data in the thread: <Thread(ThreadPoolExecutor-2_0, started daemon 140131495311104)>
Successfully put the object_id: ObjectID <"o64d1fd0b66c002c6">
putting data in the thread: <Thread(ThreadPoolExecutor-2_0, started daemon 140131495311104)>
Successfully put the object_id: ObjectID <"o64d1fd0b694002c9">
putting data in the thread: <Thread(ThreadPoolExecutor-2_0, started daemon 140131495311104)>
Successfully put the object_id: ObjectID <"o64d1fd0b6c8002cc">
putting data in the thread: <Thread(ThreadPoolExecutor-2_0, started daemon 140131495311104)>
Successfully put the object_id: ObjectID <"o64d1fd0b6ec002cf">
putting data in the thread: <Thread(ThreadPoolExecutor-2_0, started daemon 140131495311104)>
Successfully put the object_id: ObjectID <"o64d1fd0b718002d2">
putting data in the thread: <Thread(ThreadPoolExecutor-2_0, started daemon 140131495311104)>
Successfully put the object_id: ObjectID <"o64d1fd0b740002d5">
putting data in the thread: <Thread(ThreadPoolExecutor-2_0, started daemon 140131495311104)>
Successfully put the object_id: ObjectID <"o64d1fd0b76c002d8">
putting data in the thread: <Thread(ThreadPoolExecutor-2_0, started daemon 140131495311104)>
Successfully put the object_id: ObjectID <"o64d1fd0b798002db">
putting data in the thread: <Thread(ThreadPoolExecutor-2_0, started daemon 140131495311104)>
Successfully put the object_id: ObjectID <"o64d1fd0b7c0002de">
putting data in the thread: <Thread(ThreadPoolExecutor-2_0, started daemon 140131495311104)>
Failed to put the object Name test5392 already exists in the vineyard
putting data in the thread: <Thread(ThreadPoolExecutor-2_0, started daemon 140131495311104)>
Successfully put the object_id: ObjectID <"o64d1fd0b7ec002e1">
putting data in the thread: <Thread(ThreadPoolExecutor-2_0, started daemon 140131495311104)>
Successfully put the object_id: ObjectID <"o64d1fd0b814002e4">
putting data in the thread: <Thread(ThreadPoolExecutor-2_0, started daemon 140131495311104)>
Successfully put the object_id: ObjectID <"o64d1fd0b83c002e7">
putting data in the thread: <Thread(ThreadPoolExecutor-2_0, started daemon 140131495311104)>
Successfully put the object_id: ObjectID <"o64d1fd0b864002ea">
putting data in the thread: <Thread(ThreadPoolExecutor-2_0, started daemon 140131495311104)>
Successfully put the object_id: ObjectID <"o64d1fd0b88c002ed">
putting data in the thread: <Thread(ThreadPoolExecutor-2_0, started daemon 140131495311104)>
Successfully put the object_id: ObjectID <"o64d1fd0b8b4002f0">
putting data in the thread: <Thread(ThreadPoolExecutor-2_0, started daemon 140131495311104)>
Successfully put the object_id: ObjectID <"o64d1fd0b8dc002f3">
putting data in the thread: <Thread(ThreadPoolExecutor-2_0, started daemon 140131495311104)>
Successfully put the object_id: ObjectID <"o64d1fd0b908002f6">
putting data in the thread: <Thread(ThreadPoolExecutor-2_0, started daemon 140131495311104)>
Successfully put the object_id: ObjectID <"o64d1fd0b92c002f9">
putting data in the thread: <Thread(ThreadPoolExecutor-2_0, started daemon 140131495311104)>
Successfully put the object_id: ObjectID <"o64d1fd0b950002fc">
putting data in the thread: <Thread(ThreadPoolExecutor-2_0, started daemon 140131495311104)>
Successfully put the object_id: ObjectID <"o64d1fd0b974002ff">
putting data in the thread: <Thread(ThreadPoolExecutor-2_0, started daemon 140131495311104)>
Successfully put the object_id: ObjectID <"o64d1fd0b99c00302">
putting data in the thread: <Thread(ThreadPoolExecutor-2_0, started daemon 140131495311104)>
Successfully put the object_id: ObjectID <"o64d1fd0baa800305">
putting data in the thread: <Thread(ThreadPoolExecutor-2_0, started daemon 140131495311104)>
Successfully put the object_id: ObjectID <"o64d1fd0bad000308">
putting data in the thread: <Thread(ThreadPoolExecutor-2_0, started daemon 140131495311104)>
Successfully put the object_id: ObjectID <"o64d1fd0baf80030b">
putting data in the thread: <Thread(ThreadPoolExecutor-2_0, started daemon 140131495311104)>
Successfully put the object_id: ObjectID <"o64d1fd0bb180030e">
putting data in the thread: <Thread(ThreadPoolExecutor-2_0, started daemon 140131495311104)>
Successfully put the object_id: ObjectID <"o64d1fd0bb4000311">
putting data in the thread: <Thread(ThreadPoolExecutor-2_0, started daemon 140131495311104)>
Successfully put the object_id: ObjectID <"o64d1fd0bb6400314">
putting data in the thread: <Thread(ThreadPoolExecutor-2_0, started daemon 140131495311104)>
Successfully put the object_id: ObjectID <"o64d1fd0bb8c00317">
putting data in the thread: <Thread(ThreadPoolExecutor-2_0, started daemon 140131495311104)>
Successfully put the object_id: ObjectID <"o64d1fd0bbb00031a">
putting data in the thread: <Thread(ThreadPoolExecutor-2_0, started daemon 140131495311104)>
Successfully put the object_id: ObjectID <"o64d1fd0bbd00031d">
putting data in the thread: <Thread(ThreadPoolExecutor-2_0, started daemon 140131495311104)>
Successfully put the object_id: ObjectID <"o64d1fd0bbf800320">
putting data in the thread: <Thread(ThreadPoolExecutor-2_0, started daemon 140131495311104)>
Successfully put the object_id: ObjectID <"o64d1fd0bc1c00323">
putting data in the thread: <Thread(ThreadPoolExecutor-2_0, started daemon 140131495311104)>
Successfully put the object_id: ObjectID <"o64d1fd0bc4000326">
putting data in the thread: <Thread(ThreadPoolExecutor-2_0, started daemon 140131495311104)>
Successfully put the object_id: ObjectID <"o64d1fd0bc6800329">
putting data in the thread: <Thread(ThreadPoolExecutor-2_0, started daemon 140131495311104)>
Successfully put the object_id: ObjectID <"o64d1fd0bc900032c">
putting data in the thread: <Thread(ThreadPoolExecutor-2_0, started daemon 140131495311104)>
Successfully put the object_id: ObjectID <"o64d1fd0bcb80032f">
putting data in the thread: <Thread(ThreadPoolExecutor-2_0, started daemon 140131495311104)>
Successfully put the object_id: ObjectID <"o64d1fd0bcdc00332">
putting data in the thread: <Thread(ThreadPoolExecutor-2_0, started daemon 140131495311104)>
Successfully put the object_id: ObjectID <"o64d1fd0bd0400335">
putting data in the thread: <Thread(ThreadPoolExecutor-2_0, started daemon 140131495311104)>
Successfully put the object_id: ObjectID <"o64d1fd0bd2400338">
putting data in the thread: <Thread(ThreadPoolExecutor-2_0, started daemon 140131495311104)>
Successfully put the object_id: ObjectID <"o64d1fd0bd480033b">
putting data in the thread: <Thread(ThreadPoolExecutor-2_0, started daemon 140131495311104)>
Successfully put the object_id: ObjectID <"o64d1fd0bd6c0033e">
putting data in the thread: <Thread(ThreadPoolExecutor-2_0, started daemon 140131495311104)>
Successfully put the object_id: ObjectID <"o64d1fd0bd9000341">
putting data in the thread: <Thread(ThreadPoolExecutor-2_0, started daemon 140131495311104)>
Successfully put the object_id: ObjectID <"o64d1fd0bdb800344">
putting data in the thread: <Thread(ThreadPoolExecutor-2_0, started daemon 140131495311104)>
Successfully put the object_id: ObjectID <"o64d1fd0bdd800347">
putting data in the thread: <Thread(ThreadPoolExecutor-2_0, started daemon 140131495311104)>
Successfully put the object_id: ObjectID <"o64d1fd0be000034a">
putting data in the thread: <Thread(ThreadPoolExecutor-2_0, started daemon 140131495311104)>
Successfully put the object_id: ObjectID <"o64d1fd0be280034d">
putting data in the thread: <Thread(ThreadPoolExecutor-2_0, started daemon 140131495311104)>
Successfully put the object_id: ObjectID <"o64d1fd0be5000350">
putting data in the thread: <Thread(ThreadPoolExecutor-2_0, started daemon 140131495311104)>
Successfully put the object_id: ObjectID <"o64d1fd0be7800353">
putting data in the thread: <Thread(ThreadPoolExecutor-2_0, started daemon 140131495311104)>
Failed to put the object Name test6499 already exists in the vineyard
putting data in the thread: <Thread(ThreadPoolExecutor-2_0, started daemon 140131495311104)>
Successfully put the object_id: ObjectID <"o64d1fd0bf8c00356">
putting data in the thread: <Thread(ThreadPoolExecutor-2_0, started daemon 140131495311104)>
Successfully put the object_id: ObjectID <"o64d1fd0bfb400359">
putting data in the thread: <Thread(ThreadPoolExecutor-2_0, started daemon 140131495311104)>
Successfully put the object_id: ObjectID <"o64d1fd0bfd80035c">
putting data in the thread: <Thread(ThreadPoolExecutor-2_0, started daemon 140131495311104)>
Successfully put the object_id: ObjectID <"o64d1fd0c0000035f">
putting data in the thread: <Thread(ThreadPoolExecutor-2_0, started daemon 140131495311104)>
Successfully put the object_id: ObjectID <"o64d1fd0c02800362">
putting data in the thread: <Thread(ThreadPoolExecutor-2_0, started daemon 140131495311104)>
Successfully put the object_id: ObjectID <"o64d1fd0c04c00365">
putting data in the thread: <Thread(ThreadPoolExecutor-2_0, started daemon 140131495311104)>
Successfully put the object_id: ObjectID <"o64d1fd0c07000368">
putting data in the thread: <Thread(ThreadPoolExecutor-2_0, started daemon 140131495311104)>
Successfully put the object_id: ObjectID <"o64d1fd0c0940036b">
putting data in the thread: <Thread(ThreadPoolExecutor-2_0, started daemon 140131495311104)>
Successfully put the object_id: ObjectID <"o64d1fd0c0b80036e">
putting data in the thread: <Thread(ThreadPoolExecutor-2_0, started daemon 140131495311104)>
Successfully put the object_id: ObjectID <"o64d1fd0c0dc00371">
putting data in the thread: <Thread(ThreadPoolExecutor-2_0, started daemon 140131495311104)>
Failed to put the object Name test5392 already exists in the vineyard
putting data in the thread: <Thread(ThreadPoolExecutor-2_0, started daemon 140131495311104)>
Successfully put the object_id: ObjectID <"o64d1fd0c10400374">
start the gc thread
putting data in the thread: <Thread(ThreadPoolExecutor-3_0, started daemon 140131495311104)>
Successfully put the object_id: ObjectID <"o64d1fd0c12c00377">
putting data in the thread: <Thread(ThreadPoolExecutor-3_0, started daemon 140131495311104)>
Successfully put the object_id: ObjectID <"o64d1fd0c1500037a">
putting data in the thread: <Thread(ThreadPoolExecutor-3_0, started daemon 140131495311104)>
Successfully put the object_id: ObjectID <"o64d1fd0c1700037d">
putting data in the thread: <Thread(ThreadPoolExecutor-3_0, started daemon 140131495311104)>
Successfully put the object_id: ObjectID <"o64d1fd0c19800380">
putting data in the thread: <Thread(ThreadPoolExecutor-3_0, started daemon 140131495311104)>
Successfully put the object_id: ObjectID <"o64d1fd0c1bc00383">
putting data in the thread: <Thread(ThreadPoolExecutor-3_0, started daemon 140131495311104)>
Successfully put the object_id: ObjectID <"o64d1fd0c1dc00386">
putting data in the thread: <Thread(ThreadPoolExecutor-3_0, started daemon 140131495311104)>
Successfully put the object_id: ObjectID <"o64d1fd0c20800389">
putting data in the thread: <Thread(ThreadPoolExecutor-3_0, started daemon 140131495311104)>
Successfully put the object_id: ObjectID <"o64d1fd0c22c0038c">
putting data in the thread: <Thread(ThreadPoolExecutor-3_0, started daemon 140131495311104)>
Successfully put the object_id: ObjectID <"o64d1fd0c2500038f">
putting data in the thread: <Thread(ThreadPoolExecutor-3_0, started daemon 140131495311104)>
Successfully put the object_id: ObjectID <"o64d1fd0c27400392">
putting data in the thread: <Thread(ThreadPoolExecutor-3_0, started daemon 140131495311104)>
Failed to put the object Name test4152 already exists in the vineyard
putting data in the thread: <Thread(ThreadPoolExecutor-3_0, started daemon 140131495311104)>
Successfully put the object_id: ObjectID <"o64d1fd0c29c00395">
putting data in the thread: <Thread(ThreadPoolExecutor-3_0, started daemon 140131495311104)>
Successfully put the object_id: ObjectID <"o64d1fd0c2c000398">
putting data in the thread: <Thread(ThreadPoolExecutor-3_0, started daemon 140131495311104)>
Successfully put the object_id: ObjectID <"o64d1fd0c2f00039b">
putting data in the thread: <Thread(ThreadPoolExecutor-3_0, started daemon 140131495311104)>
Successfully put the object_id: ObjectID <"o64d1fd0c3180039e">
putting data in the thread: <Thread(ThreadPoolExecutor-3_0, started daemon 140131495311104)>
Successfully put the object_id: ObjectID <"o64d1fd0c338003a1">
putting data in the thread: <Thread(ThreadPoolExecutor-3_0, started daemon 140131495311104)>
Successfully put the object_id: ObjectID <"o64d1fd0c360003a4">
putting data in the thread: <Thread(ThreadPoolExecutor-3_0, started daemon 140131495311104)>
Successfully put the object_id: ObjectID <"o64d1fd0c460003a7">
putting data in the thread: <Thread(ThreadPoolExecutor-3_0, started daemon 140131495311104)>
Successfully put the object_id: ObjectID <"o64d1fd0c488003aa">
putting data in the thread: <Thread(ThreadPoolExecutor-3_0, started daemon 140131495311104)>
Successfully put the object_id: ObjectID <"o64d1fd0c4b0003ad">
putting data in the thread: <Thread(ThreadPoolExecutor-3_0, started daemon 140131495311104)>
Successfully put the object_id: ObjectID <"o64d1fd0c4d8003b0">
putting data in the thread: <Thread(ThreadPoolExecutor-3_0, started daemon 140131495311104)>
Successfully put the object_id: ObjectID <"o64d1fd0c500003b3">
putting data in the thread: <Thread(ThreadPoolExecutor-3_0, started daemon 140131495311104)>
Successfully put the object_id: ObjectID <"o64d1fd0c520003b6">
putting data in the thread: <Thread(ThreadPoolExecutor-3_0, started daemon 140131495311104)>
Successfully put the object_id: ObjectID <"o64d1fd0c544003b9">
putting data in the thread: <Thread(ThreadPoolExecutor-3_0, started daemon 140131495311104)>
Successfully put the object_id: ObjectID <"o64d1fd0c564003bc">
putting data in the thread: <Thread(ThreadPoolExecutor-3_0, started daemon 140131495311104)>
Successfully put the object_id: ObjectID <"o64d1fd0c588003bf">
putting data in the thread: <Thread(ThreadPoolExecutor-3_0, started daemon 140131495311104)>
Successfully put the object_id: ObjectID <"o64d1fd0c5b0003c2">
putting data in the thread: <Thread(ThreadPoolExecutor-3_0, started daemon 140131495311104)>
Successfully put the object_id: ObjectID <"o64d1fd0c5d0003c5">
putting data in the thread: <Thread(ThreadPoolExecutor-3_0, started daemon 140131495311104)>
Successfully put the object_id: ObjectID <"o64d1fd0c5f4003c8">
putting data in the thread: <Thread(ThreadPoolExecutor-3_0, started daemon 140131495311104)>
Successfully put the object_id: ObjectID <"o64d1fd0c614003cb">
putting data in the thread: <Thread(ThreadPoolExecutor-3_0, started daemon 140131495311104)>
Successfully put the object_id: ObjectID <"o64d1fd0c63c003ce">
putting data in the thread: <Thread(ThreadPoolExecutor-3_0, started daemon 140131495311104)>
Successfully put the object_id: ObjectID <"o64d1fd0c660003d1">
putting data in the thread: <Thread(ThreadPoolExecutor-3_0, started daemon 140131495311104)>
Successfully put the object_id: ObjectID <"o64d1fd0c68c003d4">
putting data in the thread: <Thread(ThreadPoolExecutor-3_0, started daemon 140131495311104)>
Successfully put the object_id: ObjectID <"o64d1fd0c6b0003d7">
putting data in the thread: <Thread(ThreadPoolExecutor-3_0, started daemon 140131495311104)>
Successfully put the object_id: ObjectID <"o64d1fd0c6d0003da">
putting data in the thread: <Thread(ThreadPoolExecutor-3_0, started daemon 140131495311104)>
Successfully put the object_id: ObjectID <"o64d1fd0c6f8003dd">
putting data in the thread: <Thread(ThreadPoolExecutor-3_0, started daemon 140131495311104)>
Successfully put the object_id: ObjectID <"o64d1fd0c71c003e0">
putting data in the thread: <Thread(ThreadPoolExecutor-3_0, started daemon 140131495311104)>
Successfully put the object_id: ObjectID <"o64d1fd0c744003e3">
putting data in the thread: <Thread(ThreadPoolExecutor-3_0, started daemon 140131495311104)>
Successfully put the object_id: ObjectID <"o64d1fd0c76c003e6">
putting data in the thread: <Thread(ThreadPoolExecutor-3_0, started daemon 140131495311104)>
Successfully put the object_id: ObjectID <"o64d1fd0c790003e9">
putting data in the thread: <Thread(ThreadPoolExecutor-3_0, started daemon 140131495311104)>
Successfully put the object_id: ObjectID <"o64d1fd0c7b4003ec">
putting data in the thread: <Thread(ThreadPoolExecutor-3_0, started daemon 140131495311104)>
Successfully put the object_id: ObjectID <"o64d1fd0c7d8003ef">
putting data in the thread: <Thread(ThreadPoolExecutor-3_0, started daemon 140131495311104)>
Successfully put the object_id: ObjectID <"o64d1fd0c800003f2">
putting data in the thread: <Thread(ThreadPoolExecutor-3_0, started daemon 140131495311104)>
Successfully put the object_id: ObjectID <"o64d1fd0c828003f5">
putting data in the thread: <Thread(ThreadPoolExecutor-3_0, started daemon 140131495311104)>
Successfully put the object_id: ObjectID <"o64d1fd0c930003f8">
putting data in the thread: <Thread(ThreadPoolExecutor-3_0, started daemon 140131495311104)>
Successfully put the object_id: ObjectID <"o64d1fd0c958003fb">
putting data in the thread: <Thread(ThreadPoolExecutor-3_0, started daemon 140131495311104)>
Successfully put the object_id: ObjectID <"o64d1fd0c980003fe">
putting data in the thread: <Thread(ThreadPoolExecutor-3_0, started daemon 140131495311104)>
Successfully put the object_id: ObjectID <"o64d1fd0c9a800401">
putting data in the thread: <Thread(ThreadPoolExecutor-3_0, started daemon 140131495311104)>
Successfully put the object_id: ObjectID <"o64d1fd0c9d000404">
putting data in the thread: <Thread(ThreadPoolExecutor-3_0, started daemon 140131495311104)>
Successfully put the object_id: ObjectID <"o64d1fd0c9f800407">
putting data in the thread: <Thread(ThreadPoolExecutor-3_0, started daemon 140131495311104)>
Successfully put the object_id: ObjectID <"o64d1fd0ca200040a">
putting data in the thread: <Thread(ThreadPoolExecutor-3_0, started daemon 140131495311104)>
Successfully put the object_id: ObjectID <"o64d1fd0ca4c0040d">
putting data in the thread: <Thread(ThreadPoolExecutor-3_0, started daemon 140131495311104)>
Successfully put the object_id: ObjectID <"o64d1fd0ca7400410">
putting data in the thread: <Thread(ThreadPoolExecutor-3_0, started daemon 140131495311104)>
Successfully put the object_id: ObjectID <"o64d1fd0ca9c00413">
putting data in the thread: <Thread(ThreadPoolExecutor-3_0, started daemon 140131495311104)>
Successfully put the object_id: ObjectID <"o64d1fd0cac400416">
putting data in the thread: <Thread(ThreadPoolExecutor-3_0, started daemon 140131495311104)>
Successfully put the object_id: ObjectID <"o64d1fd0cae800419">
putting data in the thread: <Thread(ThreadPoolExecutor-3_0, started daemon 140131495311104)>
Successfully put the object_id: ObjectID <"o64d1fd0cb0c0041c">
putting data in the thread: <Thread(ThreadPoolExecutor-3_0, started daemon 140131495311104)>
Successfully put the object_id: ObjectID <"o64d1fd0cb300041f">
putting data in the thread: <Thread(ThreadPoolExecutor-3_0, started daemon 140131495311104)>
Successfully put the object_id: ObjectID <"o64d1fd0cb5800422">
putting data in the thread: <Thread(ThreadPoolExecutor-3_0, started daemon 140131495311104)>
Successfully put the object_id: ObjectID <"o64d1fd0cb8000425">
putting data in the thread: <Thread(ThreadPoolExecutor-3_0, started daemon 140131495311104)>
Successfully put the object_id: ObjectID <"o64d1fd0cba400428">
putting data in the thread: <Thread(ThreadPoolExecutor-3_0, started daemon 140131495311104)>
Failed to put the object Name test8819 already exists in the vineyard
putting data in the thread: <Thread(ThreadPoolExecutor-3_0, started daemon 140131495311104)>
Successfully put the object_id: ObjectID <"o64d1fd0cbcc0042b">
putting data in the thread: <Thread(ThreadPoolExecutor-3_0, started daemon 140131495311104)>
Successfully put the object_id: ObjectID <"o64d1fd0cbf00042e">
putting data in the thread: <Thread(ThreadPoolExecutor-3_0, started daemon 140131495311104)>
Successfully put the object_id: ObjectID <"o64d1fd0cc1400431">
putting data in the thread: <Thread(ThreadPoolExecutor-3_0, started daemon 140131495311104)>
Successfully put the object_id: ObjectID <"o64d1fd0cc3400434">
putting data in the thread: <Thread(ThreadPoolExecutor-3_0, started daemon 140131495311104)>
Successfully put the object_id: ObjectID <"o64d1fd0cc6000437">
putting data in the thread: <Thread(ThreadPoolExecutor-3_0, started daemon 140131495311104)>
Successfully put the object_id: ObjectID <"o64d1fd0cc8c0043a">
putting data in the thread: <Thread(ThreadPoolExecutor-3_0, started daemon 140131495311104)>
Successfully put the object_id: ObjectID <"o64d1fd0ccb00043d">
putting data in the thread: <Thread(ThreadPoolExecutor-3_0, started daemon 140131495311104)>
Successfully put the object_id: ObjectID <"o64d1fd0ccd400440">
putting data in the thread: <Thread(ThreadPoolExecutor-3_0, started daemon 140131495311104)>
Successfully put the object_id: ObjectID <"o64d1fd0ccf400443">
putting data in the thread: <Thread(ThreadPoolExecutor-3_0, started daemon 140131495311104)>
Successfully put the object_id: ObjectID <"o64d1fd0cd1c00446">
putting data in the thread: <Thread(ThreadPoolExecutor-3_0, started daemon 140131495311104)>
Successfully put the object_id: ObjectID <"o64d1fd0ce2000449">
putting data in the thread: <Thread(ThreadPoolExecutor-3_0, started daemon 140131495311104)>
Successfully put the object_id: ObjectID <"o64d1fd0ce4c0044c">
putting data in the thread: <Thread(ThreadPoolExecutor-3_0, started daemon 140131495311104)>
Successfully put the object_id: ObjectID <"o64d1fd0ce740044f">
putting data in the thread: <Thread(ThreadPoolExecutor-3_0, started daemon 140131495311104)>
Successfully put the object_id: ObjectID <"o64d1fd0ce9c00452">
putting data in the thread: <Thread(ThreadPoolExecutor-3_0, started daemon 140131495311104)>
Successfully put the object_id: ObjectID <"o64d1fd0cec400455">
putting data in the thread: <Thread(ThreadPoolExecutor-3_0, started daemon 140131495311104)>
Successfully put the object_id: ObjectID <"o64d1fd0ceec00458">
putting data in the thread: <Thread(ThreadPoolExecutor-3_0, started daemon 140131495311104)>
Successfully put the object_id: ObjectID <"o64d1fd0cf1c0045b">
putting data in the thread: <Thread(ThreadPoolExecutor-3_0, started daemon 140131495311104)>
Successfully put the object_id: ObjectID <"o64d1fd0cf440045e">
putting data in the thread: <Thread(ThreadPoolExecutor-3_0, started daemon 140131495311104)>
Successfully put the object_id: ObjectID <"o64d1fd0cf6800461">
putting data in the thread: <Thread(ThreadPoolExecutor-3_0, started daemon 140131495311104)>
Successfully put the object_id: ObjectID <"o64d1fd0cf9000464">
putting data in the thread: <Thread(ThreadPoolExecutor-3_0, started daemon 140131495311104)>
Successfully put the object_id: ObjectID <"o64d1fd0cfb400467">
putting data in the thread: <Thread(ThreadPoolExecutor-3_0, started daemon 140131495311104)>
Successfully put the object_id: ObjectID <"o64d1fd0cfd80046a">
putting data in the thread: <Thread(ThreadPoolExecutor-3_0, started daemon 140131495311104)>
Successfully put the object_id: ObjectID <"o64d1fd0cffc0046d">
putting data in the thread: <Thread(ThreadPoolExecutor-3_0, started daemon 140131495311104)>
Successfully put the object_id: ObjectID <"o64d1fd0d02800470">
putting data in the thread: <Thread(ThreadPoolExecutor-3_0, started daemon 140131495311104)>
Successfully put the object_id: ObjectID <"o64d1fd0d04c00473">
putting data in the thread: <Thread(ThreadPoolExecutor-3_0, started daemon 140131495311104)>
Successfully put the object_id: ObjectID <"o64d1fd0d07800476">
putting data in the thread: <Thread(ThreadPoolExecutor-3_0, started daemon 140131495311104)>
Successfully put the object_id: ObjectID <"o64d1fd0d0a400479">
putting data in the thread: <Thread(ThreadPoolExecutor-3_0, started daemon 140131495311104)>
Failed to put the object Name test7111 already exists in the vineyard
putting data in the thread: <Thread(ThreadPoolExecutor-3_0, started daemon 140131495311104)>
Successfully put the object_id: ObjectID <"o64d1fd0d0c80047c">
putting data in the thread: <Thread(ThreadPoolExecutor-3_0, started daemon 140131495311104)>
Failed to put the object Name test117 already exists in the vineyard
putting data in the thread: <Thread(ThreadPoolExecutor-3_0, started daemon 140131495311104)>
Successfully put the object_id: ObjectID <"o64d1fd0d0f00047f">
putting data in the thread: <Thread(ThreadPoolExecutor-3_0, started daemon 140131495311104)>
Successfully put the object_id: ObjectID <"o64d1fd0d11400482">
putting data in the thread: <Thread(ThreadPoolExecutor-3_0, started daemon 140131495311104)>
Successfully put the object_id: ObjectID <"o64d1fd0d14000485">
putting data in the thread: <Thread(ThreadPoolExecutor-3_0, started daemon 140131495311104)>
Successfully put the object_id: ObjectID <"o64d1fd0d16400488">
putting data in the thread: <Thread(ThreadPoolExecutor-3_0, started daemon 140131495311104)>
Successfully put the object_id: ObjectID <"o64d1fd0d18c0048b">
putting data in the thread: <Thread(ThreadPoolExecutor-3_0, started daemon 140131495311104)>
Successfully put the object_id: ObjectID <"o64d1fd0d1b80048e">
putting data in the thread: <Thread(ThreadPoolExecutor-3_0, started daemon 140131495311104)>
Successfully put the object_id: ObjectID <"o64d1fd0d1dc00491">
putting data in the thread: <Thread(ThreadPoolExecutor-3_0, started daemon 140131495311104)>
Successfully put the object_id: ObjectID <"o64d1fd0d20400494">
start the gc thread
putting data in the thread: <Thread(ThreadPoolExecutor-4_0, started daemon 140131495311104)>
Successfully put the object_id: ObjectID <"o64d1fd0d22c00497">
putting data in the thread: <Thread(ThreadPoolExecutor-4_0, started daemon 140131495311104)>
Successfully put the object_id: ObjectID <"o64d1fd0d3300049a">
putting data in the thread: <Thread(ThreadPoolExecutor-4_0, started daemon 140131495311104)>
Successfully put the object_id: ObjectID <"o64d1fd0d35c0049d">
putting data in the thread: <Thread(ThreadPoolExecutor-4_0, started daemon 140131495311104)>
Successfully put the object_id: ObjectID <"o64d1fd0d38c004a0">
putting data in the thread: <Thread(ThreadPoolExecutor-4_0, started daemon 140131495311104)>
Successfully put the object_id: ObjectID <"o64d1fd0d3b4004a3">
putting data in the thread: <Thread(ThreadPoolExecutor-4_0, started daemon 140131495311104)>
Successfully put the object_id: ObjectID <"o64d1fd0d3dc004a6">
putting data in the thread: <Thread(ThreadPoolExecutor-4_0, started daemon 140131495311104)>
Successfully put the object_id: ObjectID <"o64d1fd0d404004a9">
putting data in the thread: <Thread(ThreadPoolExecutor-4_0, started daemon 140131495311104)>
Failed to put the object Name test1030 already exists in the vineyard
putting data in the thread: <Thread(ThreadPoolExecutor-4_0, started daemon 140131495311104)>
Successfully put the object_id: ObjectID <"o64d1fd0d42c004ac">
putting data in the thread: <Thread(ThreadPoolExecutor-4_0, started daemon 140131495311104)>
Successfully put the object_id: ObjectID <"o64d1fd0d454004af">
putting data in the thread: <Thread(ThreadPoolExecutor-4_0, started daemon 140131495311104)>
Successfully put the object_id: ObjectID <"o64d1fd0d478004b2">
putting data in the thread: <Thread(ThreadPoolExecutor-4_0, started daemon 140131495311104)>
Successfully put the object_id: ObjectID <"o64d1fd0d4a0004b5">
putting data in the thread: <Thread(ThreadPoolExecutor-4_0, started daemon 140131495311104)>
Successfully put the object_id: ObjectID <"o64d1fd0d4c8004b8">
putting data in the thread: <Thread(ThreadPoolExecutor-4_0, started daemon 140131495311104)>
Successfully put the object_id: ObjectID <"o64d1fd0d4f0004bb">
putting data in the thread: <Thread(ThreadPoolExecutor-4_0, started daemon 140131495311104)>
Successfully put the object_id: ObjectID <"o64d1fd0d518004be">
putting data in the thread: <Thread(ThreadPoolExecutor-4_0, started daemon 140131495311104)>
Successfully put the object_id: ObjectID <"o64d1fd0d53c004c1">
putting data in the thread: <Thread(ThreadPoolExecutor-4_0, started daemon 140131495311104)>
Successfully put the object_id: ObjectID <"o64d1fd0d560004c4">
putting data in the thread: <Thread(ThreadPoolExecutor-4_0, started daemon 140131495311104)>
Successfully put the object_id: ObjectID <"o64d1fd0d584004c7">
putting data in the thread: <Thread(ThreadPoolExecutor-4_0, started daemon 140131495311104)>
Successfully put the object_id: ObjectID <"o64d1fd0d5a8004ca">
putting data in the thread: <Thread(ThreadPoolExecutor-4_0, started daemon 140131495311104)>
Successfully put the object_id: ObjectID <"o64d1fd0d5cc004cd">
putting data in the thread: <Thread(ThreadPoolExecutor-4_0, started daemon 140131495311104)>
Successfully put the object_id: ObjectID <"o64d1fd0d5f4004d0">
putting data in the thread: <Thread(ThreadPoolExecutor-4_0, started daemon 140131495311104)>
Successfully put the object_id: ObjectID <"o64d1fd0d61c004d3">
putting data in the thread: <Thread(ThreadPoolExecutor-4_0, started daemon 140131495311104)>
Successfully put the object_id: ObjectID <"o64d1fd0d640004d6">
putting data in the thread: <Thread(ThreadPoolExecutor-4_0, started daemon 140131495311104)>
Successfully put the object_id: ObjectID <"o64d1fd0d66c004d9">
putting data in the thread: <Thread(ThreadPoolExecutor-4_0, started daemon 140131495311104)>
Successfully put the object_id: ObjectID <"o64d1fd0d698004dc">
putting data in the thread: <Thread(ThreadPoolExecutor-4_0, started daemon 140131495311104)>
Failed to put the object Name test9041 already exists in the vineyard
putting data in the thread: <Thread(ThreadPoolExecutor-4_0, started daemon 140131495311104)>
Successfully put the object_id: ObjectID <"o64d1fd0d6c4004df">
putting data in the thread: <Thread(ThreadPoolExecutor-4_0, started daemon 140131495311104)>
Successfully put the object_id: ObjectID <"o64d1fd0d6f0004e2">
putting data in the thread: <Thread(ThreadPoolExecutor-4_0, started daemon 140131495311104)>
Successfully put the object_id: ObjectID <"o64d1fd0d718004e5">
putting data in the thread: <Thread(ThreadPoolExecutor-4_0, started daemon 140131495311104)>
Successfully put the object_id: ObjectID <"o64d1fd0d73c004e8">
putting data in the thread: <Thread(ThreadPoolExecutor-4_0, started daemon 140131495311104)>
Successfully put the object_id: ObjectID <"o64d1fd0d840004eb">
putting data in the thread: <Thread(ThreadPoolExecutor-4_0, started daemon 140131495311104)>
Successfully put the object_id: ObjectID <"o64d1fd0d86c004ee">
putting data in the thread: <Thread(ThreadPoolExecutor-4_0, started daemon 140131495311104)>
Successfully put the object_id: ObjectID <"o64d1fd0d890004f1">
putting data in the thread: <Thread(ThreadPoolExecutor-4_0, started daemon 140131495311104)>
Successfully put the object_id: ObjectID <"o64d1fd0d8b8004f4">
putting data in the thread: <Thread(ThreadPoolExecutor-4_0, started daemon 140131495311104)>
Successfully put the object_id: ObjectID <"o64d1fd0d8e4004f7">
putting data in the thread: <Thread(ThreadPoolExecutor-4_0, started daemon 140131495311104)>
Successfully put the object_id: ObjectID <"o64d1fd0d908004fa">
putting data in the thread: <Thread(ThreadPoolExecutor-4_0, started daemon 140131495311104)>
Successfully put the object_id: ObjectID <"o64d1fd0d92c004fd">
putting data in the thread: <Thread(ThreadPoolExecutor-4_0, started daemon 140131495311104)>
Successfully put the object_id: ObjectID <"o64d1fd0d95000500">
putting data in the thread: <Thread(ThreadPoolExecutor-4_0, started daemon 140131495311104)>
Successfully put the object_id: ObjectID <"o64d1fd0d97400503">
putting data in the thread: <Thread(ThreadPoolExecutor-4_0, started daemon 140131495311104)>
Successfully put the object_id: ObjectID <"o64d1fd0d99c00506">
putting data in the thread: <Thread(ThreadPoolExecutor-4_0, started daemon 140131495311104)>
Successfully put the object_id: ObjectID <"o64d1fd0d9c400509">
putting data in the thread: <Thread(ThreadPoolExecutor-4_0, started daemon 140131495311104)>
Failed to put the object Name test3752 already exists in the vineyard
putting data in the thread: <Thread(ThreadPoolExecutor-4_0, started daemon 140131495311104)>
Successfully put the object_id: ObjectID <"o64d1fd0d9ec0050c">
putting data in the thread: <Thread(ThreadPoolExecutor-4_0, started daemon 140131495311104)>
Successfully put the object_id: ObjectID <"o64d1fd0da100050f">
putting data in the thread: <Thread(ThreadPoolExecutor-4_0, started daemon 140131495311104)>
Failed to put the object Name test569 already exists in the vineyard
putting data in the thread: <Thread(ThreadPoolExecutor-4_0, started daemon 140131495311104)>
Successfully put the object_id: ObjectID <"o64d1fd0da3400512">
putting data in the thread: <Thread(ThreadPoolExecutor-4_0, started daemon 140131495311104)>
Successfully put the object_id: ObjectID <"o64d1fd0da5800515">
putting data in the thread: <Thread(ThreadPoolExecutor-4_0, started daemon 140131495311104)>
Successfully put the object_id: ObjectID <"o64d1fd0da8000518">
putting data in the thread: <Thread(ThreadPoolExecutor-4_0, started daemon 140131495311104)>
Successfully put the object_id: ObjectID <"o64d1fd0daa40051b">
putting data in the thread: <Thread(ThreadPoolExecutor-4_0, started daemon 140131495311104)>
Successfully put the object_id: ObjectID <"o64d1fd0dacc0051e">
putting data in the thread: <Thread(ThreadPoolExecutor-4_0, started daemon 140131495311104)>
Successfully put the object_id: ObjectID <"o64d1fd0daf400521">
putting data in the thread: <Thread(ThreadPoolExecutor-4_0, started daemon 140131495311104)>
Successfully put the object_id: ObjectID <"o64d1fd0db1c00524">
putting data in the thread: <Thread(ThreadPoolExecutor-4_0, started daemon 140131495311104)>
Successfully put the object_id: ObjectID <"o64d1fd0db4800527">
putting data in the thread: <Thread(ThreadPoolExecutor-4_0, started daemon 140131495311104)>
Successfully put the object_id: ObjectID <"o64d1fd0db6c0052a">
putting data in the thread: <Thread(ThreadPoolExecutor-4_0, started daemon 140131495311104)>
Successfully put the object_id: ObjectID <"o64d1fd0db940052d">
putting data in the thread: <Thread(ThreadPoolExecutor-4_0, started daemon 140131495311104)>
Successfully put the object_id: ObjectID <"o64d1fd0dbc000530">
putting data in the thread: <Thread(ThreadPoolExecutor-4_0, started daemon 140131495311104)>
Successfully put the object_id: ObjectID <"o64d1fd0dbec00533">
putting data in the thread: <Thread(ThreadPoolExecutor-4_0, started daemon 140131495311104)>
Successfully put the object_id: ObjectID <"o64d1fd0dc1400536">
putting data in the thread: <Thread(ThreadPoolExecutor-4_0, started daemon 140131495311104)>
Successfully put the object_id: ObjectID <"o64d1fd0dc3c00539">
putting data in the thread: <Thread(ThreadPoolExecutor-4_0, started daemon 140131495311104)>
Successfully put the object_id: ObjectID <"o64d1fd0dd400053c">
putting data in the thread: <Thread(ThreadPoolExecutor-4_0, started daemon 140131495311104)>
Successfully put the object_id: ObjectID <"o64d1fd0dd6c0053f">
putting data in the thread: <Thread(ThreadPoolExecutor-4_0, started daemon 140131495311104)>
Successfully put the object_id: ObjectID <"o64d1fd0dd9400542">
putting data in the thread: <Thread(ThreadPoolExecutor-4_0, started daemon 140131495311104)>
Successfully put the object_id: ObjectID <"o64d1fd0ddc000545">
putting data in the thread: <Thread(ThreadPoolExecutor-4_0, started daemon 140131495311104)>
Failed to put the object Name test8326 already exists in the vineyard
putting data in the thread: <Thread(ThreadPoolExecutor-4_0, started daemon 140131495311104)>
Successfully put the object_id: ObjectID <"o64d1fd0dde400548">
putting data in the thread: <Thread(ThreadPoolExecutor-4_0, started daemon 140131495311104)>
Successfully put the object_id: ObjectID <"o64d1fd0de0c0054b">
putting data in the thread: <Thread(ThreadPoolExecutor-4_0, started daemon 140131495311104)>
Successfully put the object_id: ObjectID <"o64d1fd0de300054e">
putting data in the thread: <Thread(ThreadPoolExecutor-4_0, started daemon 140131495311104)>
Successfully put the object_id: ObjectID <"o64d1fd0de5400551">
putting data in the thread: <Thread(ThreadPoolExecutor-4_0, started daemon 140131495311104)>
Successfully put the object_id: ObjectID <"o64d1fd0de7800554">
putting data in the thread: <Thread(ThreadPoolExecutor-4_0, started daemon 140131495311104)>
Successfully put the object_id: ObjectID <"o64d1fd0dea000557">
putting data in the thread: <Thread(ThreadPoolExecutor-4_0, started daemon 140131495311104)>
Successfully put the object_id: ObjectID <"o64d1fd0dec80055a">
putting data in the thread: <Thread(ThreadPoolExecutor-4_0, started daemon 140131495311104)>
Successfully put the object_id: ObjectID <"o64d1fd0def00055d">
putting data in the thread: <Thread(ThreadPoolExecutor-4_0, started daemon 140131495311104)>
Successfully put the object_id: ObjectID <"o64d1fd0df1800560">
putting data in the thread: <Thread(ThreadPoolExecutor-4_0, started daemon 140131495311104)>
Successfully put the object_id: ObjectID <"o64d1fd0df3c00563">
putting data in the thread: <Thread(ThreadPoolExecutor-4_0, started daemon 140131495311104)>
Successfully put the object_id: ObjectID <"o64d1fd0df6000566">
putting data in the thread: <Thread(ThreadPoolExecutor-4_0, started daemon 140131495311104)>
Successfully put the object_id: ObjectID <"o64d1fd0df8800569">
putting data in the thread: <Thread(ThreadPoolExecutor-4_0, started daemon 140131495311104)>
Successfully put the object_id: ObjectID <"o64d1fd0dfb40056c">
putting data in the thread: <Thread(ThreadPoolExecutor-4_0, started daemon 140131495311104)>
Successfully put the object_id: ObjectID <"o64d1fd0dfe00056f">
putting data in the thread: <Thread(ThreadPoolExecutor-4_0, started daemon 140131495311104)>
Successfully put the object_id: ObjectID <"o64d1fd0e01000572">
putting data in the thread: <Thread(ThreadPoolExecutor-4_0, started daemon 140131495311104)>
Successfully put the object_id: ObjectID <"o64d1fd0e03800575">
putting data in the thread: <Thread(ThreadPoolExecutor-4_0, started daemon 140131495311104)>
Successfully put the object_id: ObjectID <"o64d1fd0e06000578">
putting data in the thread: <Thread(ThreadPoolExecutor-4_0, started daemon 140131495311104)>
Successfully put the object_id: ObjectID <"o64d1fd0e08c0057b">
putting data in the thread: <Thread(ThreadPoolExecutor-4_0, started daemon 140131495311104)>
Successfully put the object_id: ObjectID <"o64d1fd0e0b40057e">
putting data in the thread: <Thread(ThreadPoolExecutor-4_0, started daemon 140131495311104)>
Successfully put the object_id: ObjectID <"o64d1fd0e0e400581">
putting data in the thread: <Thread(ThreadPoolExecutor-4_0, started daemon 140131495311104)>
Successfully put the object_id: ObjectID <"o64d1fd0e10c00584">
putting data in the thread: <Thread(ThreadPoolExecutor-4_0, started daemon 140131495311104)>
Successfully put the object_id: ObjectID <"o64d1fd0e13000587">
putting data in the thread: <Thread(ThreadPoolExecutor-4_0, started daemon 140131495311104)>
Successfully put the object_id: ObjectID <"o64d1fd0e1580058a">
putting data in the thread: <Thread(ThreadPoolExecutor-4_0, started daemon 140131495311104)>
Successfully put the object_id: ObjectID <"o64d1fd0e25c0058d">
putting data in the thread: <Thread(ThreadPoolExecutor-4_0, started daemon 140131495311104)>
Successfully put the object_id: ObjectID <"o64d1fd0e28800590">
putting data in the thread: <Thread(ThreadPoolExecutor-4_0, started daemon 140131495311104)>
Successfully put the object_id: ObjectID <"o64d1fd0e2ac00593">
putting data in the thread: <Thread(ThreadPoolExecutor-4_0, started daemon 140131495311104)>
Successfully put the object_id: ObjectID <"o64d1fd0e2d800596">
putting data in the thread: <Thread(ThreadPoolExecutor-4_0, started daemon 140131495311104)>
Successfully put the object_id: ObjectID <"o64d1fd0e2fc00599">
putting data in the thread: <Thread(ThreadPoolExecutor-4_0, started daemon 140131495311104)>
Successfully put the object_id: ObjectID <"o64d1fd0e3280059c">
putting data in the thread: <Thread(ThreadPoolExecutor-4_0, started daemon 140131495311104)>
Failed to put the object Name test5465 already exists in the vineyard
putting data in the thread: <Thread(ThreadPoolExecutor-4_0, started daemon 140131495311104)>
Successfully put the object_id: ObjectID <"o64d1fd0e3540059f">
putting data in the thread: <Thread(ThreadPoolExecutor-4_0, started daemon 140131495311104)>
Successfully put the object_id: ObjectID <"o64d1fd0e37c005a2">
putting data in the thread: <Thread(ThreadPoolExecutor-4_0, started daemon 140131495311104)>
Failed to put the object Name test5188 already exists in the vineyard
putting data in the thread: <Thread(ThreadPoolExecutor-4_0, started daemon 140131495311104)>
Successfully put the object_id: ObjectID <"o64d1fd0e3a4005a5">
putting data in the thread: <Thread(ThreadPoolExecutor-4_0, started daemon 140131495311104)>
Successfully put the object_id: ObjectID <"o64d1fd0e3cc005a8">
putting data in the thread: <Thread(ThreadPoolExecutor-4_0, started daemon 140131495311104)>
Successfully put the object_id: ObjectID <"o64d1fd0e3f8005ab">
start the gc thread
putting data in the thread: <Thread(ThreadPoolExecutor-5_0, started daemon 140131495311104)>
Successfully put the object_id: ObjectID <"o64d1fd0e41c005ae">
putting data in the thread: <Thread(ThreadPoolExecutor-5_0, started daemon 140131495311104)>
Successfully put the object_id: ObjectID <"o64d1fd0e444005b1">
putting data in the thread: <Thread(ThreadPoolExecutor-5_0, started daemon 140131495311104)>
Successfully put the object_id: ObjectID <"o64d1fd0e468005b4">
putting data in the thread: <Thread(ThreadPoolExecutor-5_0, started daemon 140131495311104)>
Successfully put the object_id: ObjectID <"o64d1fd0e48c005b7">
putting data in the thread: <Thread(ThreadPoolExecutor-5_0, started daemon 140131495311104)>
Successfully put the object_id: ObjectID <"o64d1fd0e4b8005ba">
putting data in the thread: <Thread(ThreadPoolExecutor-5_0, started daemon 140131495311104)>
Successfully put the object_id: ObjectID <"o64d1fd0e4e4005bd">
putting data in the thread: <Thread(ThreadPoolExecutor-5_0, started daemon 140131495311104)>
Successfully put the object_id: ObjectID <"o64d1fd0e510005c0">
putting data in the thread: <Thread(ThreadPoolExecutor-5_0, started daemon 140131495311104)>
Successfully put the object_id: ObjectID <"o64d1fd0e534005c3">
putting data in the thread: <Thread(ThreadPoolExecutor-5_0, started daemon 140131495311104)>
Successfully put the object_id: ObjectID <"o64d1fd0e55c005c6">
putting data in the thread: <Thread(ThreadPoolExecutor-5_0, started daemon 140131495311104)>
Successfully put the object_id: ObjectID <"o64d1fd0e584005c9">
putting data in the thread: <Thread(ThreadPoolExecutor-5_0, started daemon 140131495311104)>
Successfully put the object_id: ObjectID <"o64d1fd0e5b0005cc">
putting data in the thread: <Thread(ThreadPoolExecutor-5_0, started daemon 140131495311104)>
Successfully put the object_id: ObjectID <"o64d1fd0e5dc005cf">
putting data in the thread: <Thread(ThreadPoolExecutor-5_0, started daemon 140131495311104)>
Successfully put the object_id: ObjectID <"o64d1fd0e604005d2">
putting data in the thread: <Thread(ThreadPoolExecutor-5_0, started daemon 140131495311104)>
Successfully put the object_id: ObjectID <"o64d1fd0e630005d5">
putting data in the thread: <Thread(ThreadPoolExecutor-5_0, started daemon 140131495311104)>
Successfully put the object_id: ObjectID <"o64d1fd0e658005d8">
putting data in the thread: <Thread(ThreadPoolExecutor-5_0, started daemon 140131495311104)>
Successfully put the object_id: ObjectID <"o64d1fd0e680005db">
putting data in the thread: <Thread(ThreadPoolExecutor-5_0, started daemon 140131495311104)>
Successfully put the object_id: ObjectID <"o64d1fd0e830005de">
putting data in the thread: <Thread(ThreadPoolExecutor-5_0, started daemon 140131495311104)>
Successfully put the object_id: ObjectID <"o64d1fd0e858005e1">
putting data in the thread: <Thread(ThreadPoolExecutor-5_0, started daemon 140131495311104)>
Successfully put the object_id: ObjectID <"o64d1fd0e880005e4">
putting data in the thread: <Thread(ThreadPoolExecutor-5_0, started daemon 140131495311104)>
Successfully put the object_id: ObjectID <"o64d1fd0e8a8005e7">
putting data in the thread: <Thread(ThreadPoolExecutor-5_0, started daemon 140131495311104)>
Successfully put the object_id: ObjectID <"o64d1fd0e8d0005ea">
putting data in the thread: <Thread(ThreadPoolExecutor-5_0, started daemon 140131495311104)>
Successfully put the object_id: ObjectID <"o64d1fd0e8f4005ed">
putting data in the thread: <Thread(ThreadPoolExecutor-5_0, started daemon 140131495311104)>
Successfully put the object_id: ObjectID <"o64d1fd0e91c005f0">
putting data in the thread: <Thread(ThreadPoolExecutor-5_0, started daemon 140131495311104)>
Successfully put the object_id: ObjectID <"o64d1fd0e948005f3">
putting data in the thread: <Thread(ThreadPoolExecutor-5_0, started daemon 140131495311104)>
Successfully put the object_id: ObjectID <"o64d1fd0e97c005f6">
putting data in the thread: <Thread(ThreadPoolExecutor-5_0, started daemon 140131495311104)>
Successfully put the object_id: ObjectID <"o64d1fd0e9b0005f9">
putting data in the thread: <Thread(ThreadPoolExecutor-5_0, started daemon 140131495311104)>
Successfully put the object_id: ObjectID <"o64d1fd0e9d4005fc">
putting data in the thread: <Thread(ThreadPoolExecutor-5_0, started daemon 140131495311104)>
Successfully put the object_id: ObjectID <"o64d1fd0e9fc005ff">
putting data in the thread: <Thread(ThreadPoolExecutor-5_0, started daemon 140131495311104)>
Successfully put the object_id: ObjectID <"o64d1fd0ea2000602">
putting data in the thread: <Thread(ThreadPoolExecutor-5_0, started daemon 140131495311104)>
Successfully put the object_id: ObjectID <"o64d1fd0ea4800605">
putting data in the thread: <Thread(ThreadPoolExecutor-5_0, started daemon 140131495311104)>
Successfully put the object_id: ObjectID <"o64d1fd0ea6c00608">
putting data in the thread: <Thread(ThreadPoolExecutor-5_0, started daemon 140131495311104)>
Successfully put the object_id: ObjectID <"o64d1fd0ea900060b">
putting data in the thread: <Thread(ThreadPoolExecutor-5_0, started daemon 140131495311104)>
Successfully put the object_id: ObjectID <"o64d1fd0eab80060e">
putting data in the thread: <Thread(ThreadPoolExecutor-5_0, started daemon 140131495311104)>
Successfully put the object_id: ObjectID <"o64d1fd0eadc00611">
putting data in the thread: <Thread(ThreadPoolExecutor-5_0, started daemon 140131495311104)>
Successfully put the object_id: ObjectID <"o64d1fd0eb0000614">
putting data in the thread: <Thread(ThreadPoolExecutor-5_0, started daemon 140131495311104)>
Successfully put the object_id: ObjectID <"o64d1fd0eb2800617">
putting data in the thread: <Thread(ThreadPoolExecutor-5_0, started daemon 140131495311104)>
Successfully put the object_id: ObjectID <"o64d1fd0eb4c0061a">
putting data in the thread: <Thread(ThreadPoolExecutor-5_0, started daemon 140131495311104)>
Successfully put the object_id: ObjectID <"o64d1fd0eb740061d">
putting data in the thread: <Thread(ThreadPoolExecutor-5_0, started daemon 140131495311104)>
Successfully put the object_id: ObjectID <"o64d1fd0eb9400620">
putting data in the thread: <Thread(ThreadPoolExecutor-5_0, started daemon 140131495311104)>
Successfully put the object_id: ObjectID <"o64d1fd0ebc000623">
putting data in the thread: <Thread(ThreadPoolExecutor-5_0, started daemon 140131495311104)>
Successfully put the object_id: ObjectID <"o64d1fd0ebe800626">
putting data in the thread: <Thread(ThreadPoolExecutor-5_0, started daemon 140131495311104)>
Successfully put the object_id: ObjectID <"o64d1fd0ec1000629">
putting data in the thread: <Thread(ThreadPoolExecutor-5_0, started daemon 140131495311104)>
Successfully put the object_id: ObjectID <"o64d1fd0ec380062c">
putting data in the thread: <Thread(ThreadPoolExecutor-5_0, started daemon 140131495311104)>
Successfully put the object_id: ObjectID <"o64d1fd0ed3c0062f">
putting data in the thread: <Thread(ThreadPoolExecutor-5_0, started daemon 140131495311104)>
Successfully put the object_id: ObjectID <"o64d1fd0ed6800632">
putting data in the thread: <Thread(ThreadPoolExecutor-5_0, started daemon 140131495311104)>
Successfully put the object_id: ObjectID <"o64d1fd0ed9000635">
putting data in the thread: <Thread(ThreadPoolExecutor-5_0, started daemon 140131495311104)>
Successfully put the object_id: ObjectID <"o64d1fd0edbc00638">
putting data in the thread: <Thread(ThreadPoolExecutor-5_0, started daemon 140131495311104)>
Successfully put the object_id: ObjectID <"o64d1fd0ede40063b">
putting data in the thread: <Thread(ThreadPoolExecutor-5_0, started daemon 140131495311104)>
Successfully put the object_id: ObjectID <"o64d1fd0ee100063e">
putting data in the thread: <Thread(ThreadPoolExecutor-5_0, started daemon 140131495311104)>
Successfully put the object_id: ObjectID <"o64d1fd0ee3800641">
putting data in the thread: <Thread(ThreadPoolExecutor-5_0, started daemon 140131495311104)>
Successfully put the object_id: ObjectID <"o64d1fd0ee6000644">
putting data in the thread: <Thread(ThreadPoolExecutor-5_0, started daemon 140131495311104)>
Successfully put the object_id: ObjectID <"o64d1fd0ee8c00647">
putting data in the thread: <Thread(ThreadPoolExecutor-5_0, started daemon 140131495311104)>
Successfully put the object_id: ObjectID <"o64d1fd0eeb80064a">
putting data in the thread: <Thread(ThreadPoolExecutor-5_0, started daemon 140131495311104)>
Successfully put the object_id: ObjectID <"o64d1fd0eee40064d">
putting data in the thread: <Thread(ThreadPoolExecutor-5_0, started daemon 140131495311104)>
Successfully put the object_id: ObjectID <"o64d1fd0ef0800650">
putting data in the thread: <Thread(ThreadPoolExecutor-5_0, started daemon 140131495311104)>
Successfully put the object_id: ObjectID <"o64d1fd0ef3400653">
putting data in the thread: <Thread(ThreadPoolExecutor-5_0, started daemon 140131495311104)>
Successfully put the object_id: ObjectID <"o64d1fd0ef5c00656">
putting data in the thread: <Thread(ThreadPoolExecutor-5_0, started daemon 140131495311104)>
Successfully put the object_id: ObjectID <"o64d1fd0ef8000659">
putting data in the thread: <Thread(ThreadPoolExecutor-5_0, started daemon 140131495311104)>
Successfully put the object_id: ObjectID <"o64d1fd0efac0065c">
putting data in the thread: <Thread(ThreadPoolExecutor-5_0, started daemon 140131495311104)>
Successfully put the object_id: ObjectID <"o64d1fd0efd80065f">
putting data in the thread: <Thread(ThreadPoolExecutor-5_0, started daemon 140131495311104)>
Successfully put the object_id: ObjectID <"o64d1fd0f00400662">
putting data in the thread: <Thread(ThreadPoolExecutor-5_0, started daemon 140131495311104)>
Successfully put the object_id: ObjectID <"o64d1fd0f02c00665">
putting data in the thread: <Thread(ThreadPoolExecutor-5_0, started daemon 140131495311104)>
Successfully put the object_id: ObjectID <"o64d1fd0f05800668">
putting data in the thread: <Thread(ThreadPoolExecutor-5_0, started daemon 140131495311104)>
Successfully put the object_id: ObjectID <"o64d1fd0f07c0066b">
putting data in the thread: <Thread(ThreadPoolExecutor-5_0, started daemon 140131495311104)>
Successfully put the object_id: ObjectID <"o64d1fd0f0a40066e">
putting data in the thread: <Thread(ThreadPoolExecutor-5_0, started daemon 140131495311104)>
Successfully put the object_id: ObjectID <"o64d1fd0f0c800671">
putting data in the thread: <Thread(ThreadPoolExecutor-5_0, started daemon 140131495311104)>
Successfully put the object_id: ObjectID <"o64d1fd0f0ec00674">
putting data in the thread: <Thread(ThreadPoolExecutor-5_0, started daemon 140131495311104)>
Successfully put the object_id: ObjectID <"o64d1fd0f11400677">
putting data in the thread: <Thread(ThreadPoolExecutor-5_0, started daemon 140131495311104)>
Successfully put the object_id: ObjectID <"o64d1fd0f13c0067a">
putting data in the thread: <Thread(ThreadPoolExecutor-5_0, started daemon 140131495311104)>
Successfully put the object_id: ObjectID <"o64d1fd0f1600067d">
putting data in the thread: <Thread(ThreadPoolExecutor-5_0, started daemon 140131495311104)>
Failed to put the object Name test5265 already exists in the vineyard
putting data in the thread: <Thread(ThreadPoolExecutor-5_0, started daemon 140131495311104)>
Successfully put the object_id: ObjectID <"o64d1fd0f28000680">
putting data in the thread: <Thread(ThreadPoolExecutor-5_0, started daemon 140131495311104)>
Successfully put the object_id: ObjectID <"o64d1fd0f2ac00683">
putting data in the thread: <Thread(ThreadPoolExecutor-5_0, started daemon 140131495311104)>
Successfully put the object_id: ObjectID <"o64d1fd0f2d400686">
putting data in the thread: <Thread(ThreadPoolExecutor-5_0, started daemon 140131495311104)>
Successfully put the object_id: ObjectID <"o64d1fd0f2f800689">
putting data in the thread: <Thread(ThreadPoolExecutor-5_0, started daemon 140131495311104)>
Successfully put the object_id: ObjectID <"o64d1fd0f3240068c">
putting data in the thread: <Thread(ThreadPoolExecutor-5_0, started daemon 140131495311104)>
Successfully put the object_id: ObjectID <"o64d1fd0f34c0068f">
putting data in the thread: <Thread(ThreadPoolExecutor-5_0, started daemon 140131495311104)>
Successfully put the object_id: ObjectID <"o64d1fd0f37400692">
putting data in the thread: <Thread(ThreadPoolExecutor-5_0, started daemon 140131495311104)>
Failed to put the object Name test8410 already exists in the vineyard
putting data in the thread: <Thread(ThreadPoolExecutor-5_0, started daemon 140131495311104)>
Successfully put the object_id: ObjectID <"o64d1fd0f39800695">
putting data in the thread: <Thread(ThreadPoolExecutor-5_0, started daemon 140131495311104)>
Successfully put the object_id: ObjectID <"o64d1fd0f3c000698">
putting data in the thread: <Thread(ThreadPoolExecutor-5_0, started daemon 140131495311104)>
Successfully put the object_id: ObjectID <"o64d1fd0f3e80069b">
putting data in the thread: <Thread(ThreadPoolExecutor-5_0, started daemon 140131495311104)>
Successfully put the object_id: ObjectID <"o64d1fd0f40c0069e">
putting data in the thread: <Thread(ThreadPoolExecutor-5_0, started daemon 140131495311104)>
Successfully put the object_id: ObjectID <"o64d1fd0f434006a1">
putting data in the thread: <Thread(ThreadPoolExecutor-5_0, started daemon 140131495311104)>
Successfully put the object_id: ObjectID <"o64d1fd0f458006a4">
putting data in the thread: <Thread(ThreadPoolExecutor-5_0, started daemon 140131495311104)>
Successfully put the object_id: ObjectID <"o64d1fd0f47c006a7">
putting data in the thread: <Thread(ThreadPoolExecutor-5_0, started daemon 140131495311104)>
Successfully put the object_id: ObjectID <"o64d1fd0f4a8006aa">
putting data in the thread: <Thread(ThreadPoolExecutor-5_0, started daemon 140131495311104)>
Successfully put the object_id: ObjectID <"o64d1fd0f4cc006ad">
putting data in the thread: <Thread(ThreadPoolExecutor-5_0, started daemon 140131495311104)>
Successfully put the object_id: ObjectID <"o64d1fd0f4f0006b0">
putting data in the thread: <Thread(ThreadPoolExecutor-5_0, started daemon 140131495311104)>
Successfully put the object_id: ObjectID <"o64d1fd0f518006b3">
putting data in the thread: <Thread(ThreadPoolExecutor-5_0, started daemon 140131495311104)>
Successfully put the object_id: ObjectID <"o64d1fd0f540006b6">
putting data in the thread: <Thread(ThreadPoolExecutor-5_0, started daemon 140131495311104)>
Successfully put the object_id: ObjectID <"o64d1fd0f564006b9">
putting data in the thread: <Thread(ThreadPoolExecutor-5_0, started daemon 140131495311104)>
Successfully put the object_id: ObjectID <"o64d1fd0f58c006bc">
putting data in the thread: <Thread(ThreadPoolExecutor-5_0, started daemon 140131495311104)>
Successfully put the object_id: ObjectID <"o64d1fd0f5b0006bf">
putting data in the thread: <Thread(ThreadPoolExecutor-5_0, started daemon 140131495311104)>
Successfully put the object_id: ObjectID <"o64d1fd0f5d8006c2">
putting data in the thread: <Thread(ThreadPoolExecutor-5_0, started daemon 140131495311104)>
Successfully put the object_id: ObjectID <"o64d1fd0f600006c5">
putting data in the thread: <Thread(ThreadPoolExecutor-5_0, started daemon 140131495311104)>
Successfully put the object_id: ObjectID <"o64d1fd0f624006c8">
putting data in the thread: <Thread(ThreadPoolExecutor-5_0, started daemon 140131495311104)>
Successfully put the object_id: ObjectID <"o64d1fd0f64c006cb">
putting data in the thread: <Thread(ThreadPoolExecutor-5_0, started daemon 140131495311104)>
Successfully put the object_id: ObjectID <"o64d1fd0f670006ce">
putting data in the thread: <Thread(ThreadPoolExecutor-5_0, started daemon 140131495311104)>
Successfully put the object_id: ObjectID <"o64d1fd0f774006d1">
start the gc thread
putting data in the thread: <Thread(ThreadPoolExecutor-6_0, started daemon 140131495311104)>
Successfully put the object_id: ObjectID <"o64d1fd0f7a0006d4">
putting data in the thread: <Thread(ThreadPoolExecutor-6_0, started daemon 140131495311104)>
Successfully put the object_id: ObjectID <"o64d1fd0f7cc006d7">
putting data in the thread: <Thread(ThreadPoolExecutor-6_0, started daemon 140131495311104)>
Successfully put the object_id: ObjectID <"o64d1fd0f7f4006da">
putting data in the thread: <Thread(ThreadPoolExecutor-6_0, started daemon 140131495311104)>
Successfully put the object_id: ObjectID <"o64d1fd0f81c006dd">
putting data in the thread: <Thread(ThreadPoolExecutor-6_0, started daemon 140131495311104)>
Successfully put the object_id: ObjectID <"o64d1fd0f840006e0">
putting data in the thread: <Thread(ThreadPoolExecutor-6_0, started daemon 140131495311104)>
Successfully put the object_id: ObjectID <"o64d1fd0f86c006e3">
putting data in the thread: <Thread(ThreadPoolExecutor-6_0, started daemon 140131495311104)>
Successfully put the object_id: ObjectID <"o64d1fd0f894006e6">
putting data in the thread: <Thread(ThreadPoolExecutor-6_0, started daemon 140131495311104)>
Successfully put the object_id: ObjectID <"o64d1fd0f8b8006e9">
putting data in the thread: <Thread(ThreadPoolExecutor-6_0, started daemon 140131495311104)>
Successfully put the object_id: ObjectID <"o64d1fd0f8e4006ec">
putting data in the thread: <Thread(ThreadPoolExecutor-6_0, started daemon 140131495311104)>
Successfully put the object_id: ObjectID <"o64d1fd0f910006ef">
putting data in the thread: <Thread(ThreadPoolExecutor-6_0, started daemon 140131495311104)>
Successfully put the object_id: ObjectID <"o64d1fd0f934006f2">
putting data in the thread: <Thread(ThreadPoolExecutor-6_0, started daemon 140131495311104)>
Successfully put the object_id: ObjectID <"o64d1fd0f960006f5">
putting data in the thread: <Thread(ThreadPoolExecutor-6_0, started daemon 140131495311104)>
Successfully put the object_id: ObjectID <"o64d1fd0f988006f8">
putting data in the thread: <Thread(ThreadPoolExecutor-6_0, started daemon 140131495311104)>
Successfully put the object_id: ObjectID <"o64d1fd0f9b0006fb">
putting data in the thread: <Thread(ThreadPoolExecutor-6_0, started daemon 140131495311104)>
Successfully put the object_id: ObjectID <"o64d1fd0f9d8006fe">
putting data in the thread: <Thread(ThreadPoolExecutor-6_0, started daemon 140131495311104)>
Successfully put the object_id: ObjectID <"o64d1fd0f9fc00701">
putting data in the thread: <Thread(ThreadPoolExecutor-6_0, started daemon 140131495311104)>
Successfully put the object_id: ObjectID <"o64d1fd0fa2400704">
putting data in the thread: <Thread(ThreadPoolExecutor-6_0, started daemon 140131495311104)>
Successfully put the object_id: ObjectID <"o64d1fd0fa4400707">
putting data in the thread: <Thread(ThreadPoolExecutor-6_0, started daemon 140131495311104)>
Successfully put the object_id: ObjectID <"o64d1fd0fa6c0070a">
putting data in the thread: <Thread(ThreadPoolExecutor-6_0, started daemon 140131495311104)>
Successfully put the object_id: ObjectID <"o64d1fd0fa980070d">
putting data in the thread: <Thread(ThreadPoolExecutor-6_0, started daemon 140131495311104)>
Successfully put the object_id: ObjectID <"o64d1fd0fac400710">
putting data in the thread: <Thread(ThreadPoolExecutor-6_0, started daemon 140131495311104)>
Successfully put the object_id: ObjectID <"o64d1fd0faf400713">
putting data in the thread: <Thread(ThreadPoolExecutor-6_0, started daemon 140131495311104)>
Successfully put the object_id: ObjectID <"o64d1fd0fb2000716">
putting data in the thread: <Thread(ThreadPoolExecutor-6_0, started daemon 140131495311104)>
Successfully put the object_id: ObjectID <"o64d1fd0fb4c00719">
putting data in the thread: <Thread(ThreadPoolExecutor-6_0, started daemon 140131495311104)>
Failed to put the object Name test5318 already exists in the vineyard
putting data in the thread: <Thread(ThreadPoolExecutor-6_0, started daemon 140131495311104)>
Successfully put the object_id: ObjectID <"o64d1fd0fb740071c">
putting data in the thread: <Thread(ThreadPoolExecutor-6_0, started daemon 140131495311104)>
Successfully put the object_id: ObjectID <"o64d1fd0fba00071f">
putting data in the thread: <Thread(ThreadPoolExecutor-6_0, started daemon 140131495311104)>
Successfully put the object_id: ObjectID <"o64d1fd0fce000722">
putting data in the thread: <Thread(ThreadPoolExecutor-6_0, started daemon 140131495311104)>
Successfully put the object_id: ObjectID <"o64d1fd0fd0c00725">
putting data in the thread: <Thread(ThreadPoolExecutor-6_0, started daemon 140131495311104)>
Successfully put the object_id: ObjectID <"o64d1fd0fd3400728">
putting data in the thread: <Thread(ThreadPoolExecutor-6_0, started daemon 140131495311104)>
Successfully put the object_id: ObjectID <"o64d1fd0fd5c0072b">
putting data in the thread: <Thread(ThreadPoolExecutor-6_0, started daemon 140131495311104)>
Successfully put the object_id: ObjectID <"o64d1fd0fd840072e">
putting data in the thread: <Thread(ThreadPoolExecutor-6_0, started daemon 140131495311104)>
Successfully put the object_id: ObjectID <"o64d1fd0fdac00731">
putting data in the thread: <Thread(ThreadPoolExecutor-6_0, started daemon 140131495311104)>
Failed to put the object Name test8699 already exists in the vineyard
putting data in the thread: <Thread(ThreadPoolExecutor-6_0, started daemon 140131495311104)>
Successfully put the object_id: ObjectID <"o64d1fd0fdd800734">
putting data in the thread: <Thread(ThreadPoolExecutor-6_0, started daemon 140131495311104)>
Successfully put the object_id: ObjectID <"o64d1fd0fe0000737">
putting data in the thread: <Thread(ThreadPoolExecutor-6_0, started daemon 140131495311104)>
Successfully put the object_id: ObjectID <"o64d1fd0fe2c0073a">
putting data in the thread: <Thread(ThreadPoolExecutor-6_0, started daemon 140131495311104)>
Successfully put the object_id: ObjectID <"o64d1fd0fe540073d">
putting data in the thread: <Thread(ThreadPoolExecutor-6_0, started daemon 140131495311104)>
Successfully put the object_id: ObjectID <"o64d1fd0fe7c00740">
putting data in the thread: <Thread(ThreadPoolExecutor-6_0, started daemon 140131495311104)>
Successfully put the object_id: ObjectID <"o64d1fd0fea400743">
putting data in the thread: <Thread(ThreadPoolExecutor-6_0, started daemon 140131495311104)>
Successfully put the object_id: ObjectID <"o64d1fd0fec800746">
putting data in the thread: <Thread(ThreadPoolExecutor-6_0, started daemon 140131495311104)>
Successfully put the object_id: ObjectID <"o64d1fd0fef000749">
putting data in the thread: <Thread(ThreadPoolExecutor-6_0, started daemon 140131495311104)>
Successfully put the object_id: ObjectID <"o64d1fd0ff180074c">
putting data in the thread: <Thread(ThreadPoolExecutor-6_0, started daemon 140131495311104)>
Successfully put the object_id: ObjectID <"o64d1fd0ff440074f">
putting data in the thread: <Thread(ThreadPoolExecutor-6_0, started daemon 140131495311104)>
Successfully put the object_id: ObjectID <"o64d1fd0ff6800752">
putting data in the thread: <Thread(ThreadPoolExecutor-6_0, started daemon 140131495311104)>
Successfully put the object_id: ObjectID <"o64d1fd0ff9400755">
putting data in the thread: <Thread(ThreadPoolExecutor-6_0, started daemon 140131495311104)>
Successfully put the object_id: ObjectID <"o64d1fd0ffc000758">
putting data in the thread: <Thread(ThreadPoolExecutor-6_0, started daemon 140131495311104)>
Successfully put the object_id: ObjectID <"o64d1fd0ffec0075b">
putting data in the thread: <Thread(ThreadPoolExecutor-6_0, started daemon 140131495311104)>
Successfully put the object_id: ObjectID <"o64d1fd100180075e">
putting data in the thread: <Thread(ThreadPoolExecutor-6_0, started daemon 140131495311104)>
Successfully put the object_id: ObjectID <"o64d1fd1004000761">
putting data in the thread: <Thread(ThreadPoolExecutor-6_0, started daemon 140131495311104)>
Successfully put the object_id: ObjectID <"o64d1fd1006c00764">
putting data in the thread: <Thread(ThreadPoolExecutor-6_0, started daemon 140131495311104)>
Successfully put the object_id: ObjectID <"o64d1fd1009000767">
putting data in the thread: <Thread(ThreadPoolExecutor-6_0, started daemon 140131495311104)>
Successfully put the object_id: ObjectID <"o64d1fd100b80076a">
putting data in the thread: <Thread(ThreadPoolExecutor-6_0, started daemon 140131495311104)>
Successfully put the object_id: ObjectID <"o64d1fd100e40076d">
putting data in the thread: <Thread(ThreadPoolExecutor-6_0, started daemon 140131495311104)>
Successfully put the object_id: ObjectID <"o64d1fd1010c00770">
putting data in the thread: <Thread(ThreadPoolExecutor-6_0, started daemon 140131495311104)>
Successfully put the object_id: ObjectID <"o64d1fd1021c00773">
putting data in the thread: <Thread(ThreadPoolExecutor-6_0, started daemon 140131495311104)>
Failed to put the object Name test5715 already exists in the vineyard
putting data in the thread: <Thread(ThreadPoolExecutor-6_0, started daemon 140131495311104)>
Successfully put the object_id: ObjectID <"o64d1fd1024800776">
putting data in the thread: <Thread(ThreadPoolExecutor-6_0, started daemon 140131495311104)>
Successfully put the object_id: ObjectID <"o64d1fd1027800779">
putting data in the thread: <Thread(ThreadPoolExecutor-6_0, started daemon 140131495311104)>
Successfully put the object_id: ObjectID <"o64d1fd102a40077c">
putting data in the thread: <Thread(ThreadPoolExecutor-6_0, started daemon 140131495311104)>
Successfully put the object_id: ObjectID <"o64d1fd102cc0077f">
putting data in the thread: <Thread(ThreadPoolExecutor-6_0, started daemon 140131495311104)>
Successfully put the object_id: ObjectID <"o64d1fd102f800782">
putting data in the thread: <Thread(ThreadPoolExecutor-6_0, started daemon 140131495311104)>
Successfully put the object_id: ObjectID <"o64d1fd1032000785">
putting data in the thread: <Thread(ThreadPoolExecutor-6_0, started daemon 140131495311104)>
Successfully put the object_id: ObjectID <"o64d1fd1034c00788">
putting data in the thread: <Thread(ThreadPoolExecutor-6_0, started daemon 140131495311104)>
Successfully put the object_id: ObjectID <"o64d1fd103740078b">
putting data in the thread: <Thread(ThreadPoolExecutor-6_0, started daemon 140131495311104)>
Successfully put the object_id: ObjectID <"o64d1fd1039c0078e">
putting data in the thread: <Thread(ThreadPoolExecutor-6_0, started daemon 140131495311104)>
Successfully put the object_id: ObjectID <"o64d1fd103cc00791">
putting data in the thread: <Thread(ThreadPoolExecutor-6_0, started daemon 140131495311104)>
Successfully put the object_id: ObjectID <"o64d1fd103f400794">
putting data in the thread: <Thread(ThreadPoolExecutor-6_0, started daemon 140131495311104)>
Successfully put the object_id: ObjectID <"o64d1fd1042000797">
putting data in the thread: <Thread(ThreadPoolExecutor-6_0, started daemon 140131495311104)>
Successfully put the object_id: ObjectID <"o64d1fd104480079a">
putting data in the thread: <Thread(ThreadPoolExecutor-6_0, started daemon 140131495311104)>
Successfully put the object_id: ObjectID <"o64d1fd104740079d">
putting data in the thread: <Thread(ThreadPoolExecutor-6_0, started daemon 140131495311104)>
Successfully put the object_id: ObjectID <"o64d1fd1049c007a0">
putting data in the thread: <Thread(ThreadPoolExecutor-6_0, started daemon 140131495311104)>
Successfully put the object_id: ObjectID <"o64d1fd104c4007a3">
putting data in the thread: <Thread(ThreadPoolExecutor-6_0, started daemon 140131495311104)>
Successfully put the object_id: ObjectID <"o64d1fd104ec007a6">
putting data in the thread: <Thread(ThreadPoolExecutor-6_0, started daemon 140131495311104)>
Successfully put the object_id: ObjectID <"o64d1fd10514007a9">
putting data in the thread: <Thread(ThreadPoolExecutor-6_0, started daemon 140131495311104)>
Successfully put the object_id: ObjectID <"o64d1fd1053c007ac">
putting data in the thread: <Thread(ThreadPoolExecutor-6_0, started daemon 140131495311104)>
Successfully put the object_id: ObjectID <"o64d1fd10564007af">
putting data in the thread: <Thread(ThreadPoolExecutor-6_0, started daemon 140131495311104)>
Successfully put the object_id: ObjectID <"o64d1fd10598007b2">
putting data in the thread: <Thread(ThreadPoolExecutor-6_0, started daemon 140131495311104)>
Successfully put the object_id: ObjectID <"o64d1fd105c4007b5">
putting data in the thread: <Thread(ThreadPoolExecutor-6_0, started daemon 140131495311104)>
Successfully put the object_id: ObjectID <"o64d1fd105f4007b8">
putting data in the thread: <Thread(ThreadPoolExecutor-6_0, started daemon 140131495311104)>
Successfully put the object_id: ObjectID <"o64d1fd10628007bb">
putting data in the thread: <Thread(ThreadPoolExecutor-6_0, started daemon 140131495311104)>
Successfully put the object_id: ObjectID <"o64d1fd10654007be">
putting data in the thread: <Thread(ThreadPoolExecutor-6_0, started daemon 140131495311104)>
Successfully put the object_id: ObjectID <"o64d1fd10678007c1">
putting data in the thread: <Thread(ThreadPoolExecutor-6_0, started daemon 140131495311104)>
Successfully put the object_id: ObjectID <"o64d1fd1077c007c4">
putting data in the thread: <Thread(ThreadPoolExecutor-6_0, started daemon 140131495311104)>
Successfully put the object_id: ObjectID <"o64d1fd107a8007c7">
putting data in the thread: <Thread(ThreadPoolExecutor-6_0, started daemon 140131495311104)>
Successfully put the object_id: ObjectID <"o64d1fd107cc007ca">
putting data in the thread: <Thread(ThreadPoolExecutor-6_0, started daemon 140131495311104)>
Successfully put the object_id: ObjectID <"o64d1fd107f4007cd">
putting data in the thread: <Thread(ThreadPoolExecutor-6_0, started daemon 140131495311104)>
Successfully put the object_id: ObjectID <"o64d1fd10818007d0">
putting data in the thread: <Thread(ThreadPoolExecutor-6_0, started daemon 140131495311104)>
Successfully put the object_id: ObjectID <"o64d1fd10840007d3">
putting data in the thread: <Thread(ThreadPoolExecutor-6_0, started daemon 140131495311104)>
Successfully put the object_id: ObjectID <"o64d1fd10868007d6">
putting data in the thread: <Thread(ThreadPoolExecutor-6_0, started daemon 140131495311104)>
Failed to put the object Name test3031 already exists in the vineyard
putting data in the thread: <Thread(ThreadPoolExecutor-6_0, started daemon 140131495311104)>
Successfully put the object_id: ObjectID <"o64d1fd10890007d9">
putting data in the thread: <Thread(ThreadPoolExecutor-6_0, started daemon 140131495311104)>
Successfully put the object_id: ObjectID <"o64d1fd108b8007dc">
putting data in the thread: <Thread(ThreadPoolExecutor-6_0, started daemon 140131495311104)>
Successfully put the object_id: ObjectID <"o64d1fd108dc007df">
putting data in the thread: <Thread(ThreadPoolExecutor-6_0, started daemon 140131495311104)>
Successfully put the object_id: ObjectID <"o64d1fd10904007e2">
putting data in the thread: <Thread(ThreadPoolExecutor-6_0, started daemon 140131495311104)>
Successfully put the object_id: ObjectID <"o64d1fd10928007e5">
putting data in the thread: <Thread(ThreadPoolExecutor-6_0, started daemon 140131495311104)>
Successfully put the object_id: ObjectID <"o64d1fd1095c007e8">
putting data in the thread: <Thread(ThreadPoolExecutor-6_0, started daemon 140131495311104)>
Successfully put the object_id: ObjectID <"o64d1fd10984007eb">
putting data in the thread: <Thread(ThreadPoolExecutor-6_0, started daemon 140131495311104)>
Successfully put the object_id: ObjectID <"o64d1fd109ac007ee">
putting data in the thread: <Thread(ThreadPoolExecutor-6_0, started daemon 140131495311104)>
Successfully put the object_id: ObjectID <"o64d1fd109d4007f1">
start the gc thread
putting data in the thread: <Thread(ThreadPoolExecutor-7_0, started daemon 140131495311104)>
Successfully put the object_id: ObjectID <"o64d1fd109f8007f4">
putting data in the thread: <Thread(ThreadPoolExecutor-7_0, started daemon 140131495311104)>
Successfully put the object_id: ObjectID <"o64d1fd10a20007f7">
putting data in the thread: <Thread(ThreadPoolExecutor-7_0, started daemon 140131495311104)>
Successfully put the object_id: ObjectID <"o64d1fd10a48007fa">
putting data in the thread: <Thread(ThreadPoolExecutor-7_0, started daemon 140131495311104)>
Successfully put the object_id: ObjectID <"o64d1fd10a6c007fd">
putting data in the thread: <Thread(ThreadPoolExecutor-7_0, started daemon 140131495311104)>
Successfully put the object_id: ObjectID <"o64d1fd10a9400800">
putting data in the thread: <Thread(ThreadPoolExecutor-7_0, started daemon 140131495311104)>
Successfully put the object_id: ObjectID <"o64d1fd10ab800803">
putting data in the thread: <Thread(ThreadPoolExecutor-7_0, started daemon 140131495311104)>
Successfully put the object_id: ObjectID <"o64d1fd10ae400806">
putting data in the thread: <Thread(ThreadPoolExecutor-7_0, started daemon 140131495311104)>
Successfully put the object_id: ObjectID <"o64d1fd10b0c00809">
putting data in the thread: <Thread(ThreadPoolExecutor-7_0, started daemon 140131495311104)>
Failed to put the object Name test833 already exists in the vineyard
putting data in the thread: <Thread(ThreadPoolExecutor-7_0, started daemon 140131495311104)>
Successfully put the object_id: ObjectID <"o64d1fd10b340080c">
putting data in the thread: <Thread(ThreadPoolExecutor-7_0, started daemon 140131495311104)>
Successfully put the object_id: ObjectID <"o64d1fd10b580080f">
putting data in the thread: <Thread(ThreadPoolExecutor-7_0, started daemon 140131495311104)>
Successfully put the object_id: ObjectID <"o64d1fd10b8400812">
putting data in the thread: <Thread(ThreadPoolExecutor-7_0, started daemon 140131495311104)>
Successfully put the object_id: ObjectID <"o64d1fd10c9000815">
putting data in the thread: <Thread(ThreadPoolExecutor-7_0, started daemon 140131495311104)>
Successfully put the object_id: ObjectID <"o64d1fd10cbc00818">
putting data in the thread: <Thread(ThreadPoolExecutor-7_0, started daemon 140131495311104)>
Successfully put the object_id: ObjectID <"o64d1fd10ce40081b">
putting data in the thread: <Thread(ThreadPoolExecutor-7_0, started daemon 140131495311104)>
Successfully put the object_id: ObjectID <"o64d1fd10d100081e">
putting data in the thread: <Thread(ThreadPoolExecutor-7_0, started daemon 140131495311104)>
Successfully put the object_id: ObjectID <"o64d1fd10d3c00821">
putting data in the thread: <Thread(ThreadPoolExecutor-7_0, started daemon 140131495311104)>
Successfully put the object_id: ObjectID <"o64d1fd10d6400824">
putting data in the thread: <Thread(ThreadPoolExecutor-7_0, started daemon 140131495311104)>
Successfully put the object_id: ObjectID <"o64d1fd10d8c00827">
putting data in the thread: <Thread(ThreadPoolExecutor-7_0, started daemon 140131495311104)>
Successfully put the object_id: ObjectID <"o64d1fd10dbc0082a">
putting data in the thread: <Thread(ThreadPoolExecutor-7_0, started daemon 140131495311104)>
Successfully put the object_id: ObjectID <"o64d1fd10de80082d">
putting data in the thread: <Thread(ThreadPoolExecutor-7_0, started daemon 140131495311104)>
Successfully put the object_id: ObjectID <"o64d1fd10e1800830">
putting data in the thread: <Thread(ThreadPoolExecutor-7_0, started daemon 140131495311104)>
Successfully put the object_id: ObjectID <"o64d1fd10e4000833">
putting data in the thread: <Thread(ThreadPoolExecutor-7_0, started daemon 140131495311104)>
Successfully put the object_id: ObjectID <"o64d1fd10e6c00836">
putting data in the thread: <Thread(ThreadPoolExecutor-7_0, started daemon 140131495311104)>
Successfully put the object_id: ObjectID <"o64d1fd10e9800839">
putting data in the thread: <Thread(ThreadPoolExecutor-7_0, started daemon 140131495311104)>
Successfully put the object_id: ObjectID <"o64d1fd10ec00083c">
putting data in the thread: <Thread(ThreadPoolExecutor-7_0, started daemon 140131495311104)>
Successfully put the object_id: ObjectID <"o64d1fd10ee80083f">
putting data in the thread: <Thread(ThreadPoolExecutor-7_0, started daemon 140131495311104)>
Successfully put the object_id: ObjectID <"o64d1fd10f1000842">
putting data in the thread: <Thread(ThreadPoolExecutor-7_0, started daemon 140131495311104)>
Successfully put the object_id: ObjectID <"o64d1fd10f3800845">
putting data in the thread: <Thread(ThreadPoolExecutor-7_0, started daemon 140131495311104)>
Successfully put the object_id: ObjectID <"o64d1fd10f6000848">
putting data in the thread: <Thread(ThreadPoolExecutor-7_0, started daemon 140131495311104)>
Successfully put the object_id: ObjectID <"o64d1fd10f880084b">
putting data in the thread: <Thread(ThreadPoolExecutor-7_0, started daemon 140131495311104)>
Successfully put the object_id: ObjectID <"o64d1fd10fb00084e">
putting data in the thread: <Thread(ThreadPoolExecutor-7_0, started daemon 140131495311104)>
Successfully put the object_id: ObjectID <"o64d1fd10fdc00851">
putting data in the thread: <Thread(ThreadPoolExecutor-7_0, started daemon 140131495311104)>
Successfully put the object_id: ObjectID <"o64d1fd1100000854">
putting data in the thread: <Thread(ThreadPoolExecutor-7_0, started daemon 140131495311104)>
Successfully put the object_id: ObjectID <"o64d1fd1102c00857">
putting data in the thread: <Thread(ThreadPoolExecutor-7_0, started daemon 140131495311104)>
Successfully put the object_id: ObjectID <"o64d1fd1105c0085a">
putting data in the thread: <Thread(ThreadPoolExecutor-7_0, started daemon 140131495311104)>
Successfully put the object_id: ObjectID <"o64d1fd110840085d">
putting data in the thread: <Thread(ThreadPoolExecutor-7_0, started daemon 140131495311104)>
Successfully put the object_id: ObjectID <"o64d1fd110ac00860">
putting data in the thread: <Thread(ThreadPoolExecutor-7_0, started daemon 140131495311104)>
Successfully put the object_id: ObjectID <"o64d1fd110d000863">
putting data in the thread: <Thread(ThreadPoolExecutor-7_0, started daemon 140131495311104)>
Successfully put the object_id: ObjectID <"o64d1fd111dc00866">
putting data in the thread: <Thread(ThreadPoolExecutor-7_0, started daemon 140131495311104)>
Successfully put the object_id: ObjectID <"o64d1fd1120400869">
putting data in the thread: <Thread(ThreadPoolExecutor-7_0, started daemon 140131495311104)>
Successfully put the object_id: ObjectID <"o64d1fd112300086c">
putting data in the thread: <Thread(ThreadPoolExecutor-7_0, started daemon 140131495311104)>
Successfully put the object_id: ObjectID <"o64d1fd112580086f">
putting data in the thread: <Thread(ThreadPoolExecutor-7_0, started daemon 140131495311104)>
Successfully put the object_id: ObjectID <"o64d1fd1128400872">
putting data in the thread: <Thread(ThreadPoolExecutor-7_0, started daemon 140131495311104)>
Successfully put the object_id: ObjectID <"o64d1fd112ac00875">
putting data in the thread: <Thread(ThreadPoolExecutor-7_0, started daemon 140131495311104)>
Successfully put the object_id: ObjectID <"o64d1fd112d800878">
putting data in the thread: <Thread(ThreadPoolExecutor-7_0, started daemon 140131495311104)>
Successfully put the object_id: ObjectID <"o64d1fd113000087b">
putting data in the thread: <Thread(ThreadPoolExecutor-7_0, started daemon 140131495311104)>
Successfully put the object_id: ObjectID <"o64d1fd113240087e">
putting data in the thread: <Thread(ThreadPoolExecutor-7_0, started daemon 140131495311104)>
Successfully put the object_id: ObjectID <"o64d1fd1135000881">
putting data in the thread: <Thread(ThreadPoolExecutor-7_0, started daemon 140131495311104)>
Successfully put the object_id: ObjectID <"o64d1fd1137400884">
putting data in the thread: <Thread(ThreadPoolExecutor-7_0, started daemon 140131495311104)>
Successfully put the object_id: ObjectID <"o64d1fd1139c00887">
putting data in the thread: <Thread(ThreadPoolExecutor-7_0, started daemon 140131495311104)>
Successfully put the object_id: ObjectID <"o64d1fd113c40088a">
putting data in the thread: <Thread(ThreadPoolExecutor-7_0, started daemon 140131495311104)>
Successfully put the object_id: ObjectID <"o64d1fd113ec0088d">
putting data in the thread: <Thread(ThreadPoolExecutor-7_0, started daemon 140131495311104)>
Failed to put the object Name test4613 already exists in the vineyard
putting data in the thread: <Thread(ThreadPoolExecutor-7_0, started daemon 140131495311104)>
Successfully put the object_id: ObjectID <"o64d1fd1141800890">
putting data in the thread: <Thread(ThreadPoolExecutor-7_0, started daemon 140131495311104)>
Successfully put the object_id: ObjectID <"o64d1fd1143c00893">
putting data in the thread: <Thread(ThreadPoolExecutor-7_0, started daemon 140131495311104)>
Successfully put the object_id: ObjectID <"o64d1fd1146800896">
putting data in the thread: <Thread(ThreadPoolExecutor-7_0, started daemon 140131495311104)>
Successfully put the object_id: ObjectID <"o64d1fd1149000899">
putting data in the thread: <Thread(ThreadPoolExecutor-7_0, started daemon 140131495311104)>
Successfully put the object_id: ObjectID <"o64d1fd114b80089c">
putting data in the thread: <Thread(ThreadPoolExecutor-7_0, started daemon 140131495311104)>
Successfully put the object_id: ObjectID <"o64d1fd114e80089f">
putting data in the thread: <Thread(ThreadPoolExecutor-7_0, started daemon 140131495311104)>
Successfully put the object_id: ObjectID <"o64d1fd1150c008a2">
putting data in the thread: <Thread(ThreadPoolExecutor-7_0, started daemon 140131495311104)>
Successfully put the object_id: ObjectID <"o64d1fd11530008a5">
putting data in the thread: <Thread(ThreadPoolExecutor-7_0, started daemon 140131495311104)>
Failed to put the object Name test8975 already exists in the vineyard
putting data in the thread: <Thread(ThreadPoolExecutor-7_0, started daemon 140131495311104)>
Successfully put the object_id: ObjectID <"o64d1fd11558008a8">
putting data in the thread: <Thread(ThreadPoolExecutor-7_0, started daemon 140131495311104)>
Successfully put the object_id: ObjectID <"o64d1fd11584008ab">
putting data in the thread: <Thread(ThreadPoolExecutor-7_0, started daemon 140131495311104)>
Successfully put the object_id: ObjectID <"o64d1fd115b0008ae">
putting data in the thread: <Thread(ThreadPoolExecutor-7_0, started daemon 140131495311104)>
Successfully put the object_id: ObjectID <"o64d1fd115d8008b1">
putting data in the thread: <Thread(ThreadPoolExecutor-7_0, started daemon 140131495311104)>
Successfully put the object_id: ObjectID <"o64d1fd11608008b4">
putting data in the thread: <Thread(ThreadPoolExecutor-7_0, started daemon 140131495311104)>
Successfully put the object_id: ObjectID <"o64d1fd11714008b7">
putting data in the thread: <Thread(ThreadPoolExecutor-7_0, started daemon 140131495311104)>
Successfully put the object_id: ObjectID <"o64d1fd11740008ba">
putting data in the thread: <Thread(ThreadPoolExecutor-7_0, started daemon 140131495311104)>
Successfully put the object_id: ObjectID <"o64d1fd11768008bd">
putting data in the thread: <Thread(ThreadPoolExecutor-7_0, started daemon 140131495311104)>
Successfully put the object_id: ObjectID <"o64d1fd11798008c0">
putting data in the thread: <Thread(ThreadPoolExecutor-7_0, started daemon 140131495311104)>
Successfully put the object_id: ObjectID <"o64d1fd117c0008c3">
putting data in the thread: <Thread(ThreadPoolExecutor-7_0, started daemon 140131495311104)>
Successfully put the object_id: ObjectID <"o64d1fd117e8008c6">
putting data in the thread: <Thread(ThreadPoolExecutor-7_0, started daemon 140131495311104)>
Successfully put the object_id: ObjectID <"o64d1fd11810008c9">
putting data in the thread: <Thread(ThreadPoolExecutor-7_0, started daemon 140131495311104)>
Successfully put the object_id: ObjectID <"o64d1fd11838008cc">
putting data in the thread: <Thread(ThreadPoolExecutor-7_0, started daemon 140131495311104)>
Successfully put the object_id: ObjectID <"o64d1fd11864008cf">
putting data in the thread: <Thread(ThreadPoolExecutor-7_0, started daemon 140131495311104)>
Successfully put the object_id: ObjectID <"o64d1fd11890008d2">
putting data in the thread: <Thread(ThreadPoolExecutor-7_0, started daemon 140131495311104)>
Successfully put the object_id: ObjectID <"o64d1fd118b8008d5">
putting data in the thread: <Thread(ThreadPoolExecutor-7_0, started daemon 140131495311104)>
Successfully put the object_id: ObjectID <"o64d1fd118e0008d8">
putting data in the thread: <Thread(ThreadPoolExecutor-7_0, started daemon 140131495311104)>
Successfully put the object_id: ObjectID <"o64d1fd11904008db">
putting data in the thread: <Thread(ThreadPoolExecutor-7_0, started daemon 140131495311104)>
Successfully put the object_id: ObjectID <"o64d1fd11934008de">
putting data in the thread: <Thread(ThreadPoolExecutor-7_0, started daemon 140131495311104)>
Successfully put the object_id: ObjectID <"o64d1fd1195c008e1">
putting data in the thread: <Thread(ThreadPoolExecutor-7_0, started daemon 140131495311104)>
Successfully put the object_id: ObjectID <"o64d1fd11984008e4">
putting data in the thread: <Thread(ThreadPoolExecutor-7_0, started daemon 140131495311104)>
Successfully put the object_id: ObjectID <"o64d1fd119b0008e7">
putting data in the thread: <Thread(ThreadPoolExecutor-7_0, started daemon 140131495311104)>
Successfully put the object_id: ObjectID <"o64d1fd119d8008ea">
putting data in the thread: <Thread(ThreadPoolExecutor-7_0, started daemon 140131495311104)>
Successfully put the object_id: ObjectID <"o64d1fd11a04008ed">
putting data in the thread: <Thread(ThreadPoolExecutor-7_0, started daemon 140131495311104)>
Successfully put the object_id: ObjectID <"o64d1fd11a30008f0">
putting data in the thread: <Thread(ThreadPoolExecutor-7_0, started daemon 140131495311104)>
Successfully put the object_id: ObjectID <"o64d1fd11a58008f3">
putting data in the thread: <Thread(ThreadPoolExecutor-7_0, started daemon 140131495311104)>
Successfully put the object_id: ObjectID <"o64d1fd11a80008f6">
putting data in the thread: <Thread(ThreadPoolExecutor-7_0, started daemon 140131495311104)>
Successfully put the object_id: ObjectID <"o64d1fd11aac008f9">
putting data in the thread: <Thread(ThreadPoolExecutor-7_0, started daemon 140131495311104)>
Successfully put the object_id: ObjectID <"o64d1fd11adc008fc">
putting data in the thread: <Thread(ThreadPoolExecutor-7_0, started daemon 140131495311104)>
Successfully put the object_id: ObjectID <"o64d1fd11b08008ff">
putting data in the thread: <Thread(ThreadPoolExecutor-7_0, started daemon 140131495311104)>
Successfully put the object_id: ObjectID <"o64d1fd11b3000902">
putting data in the thread: <Thread(ThreadPoolExecutor-7_0, started daemon 140131495311104)>
Successfully put the object_id: ObjectID <"o64d1fd11b5800905">
putting data in the thread: <Thread(ThreadPoolExecutor-7_0, started daemon 140131495311104)>
Successfully put the object_id: ObjectID <"o64d1fd11c6000908">
putting data in the thread: <Thread(ThreadPoolExecutor-7_0, started daemon 140131495311104)>
Successfully put the object_id: ObjectID <"o64d1fd11c880090b">
putting data in the thread: <Thread(ThreadPoolExecutor-7_0, started daemon 140131495311104)>
Successfully put the object_id: ObjectID <"o64d1fd11cb40090e">
putting data in the thread: <Thread(ThreadPoolExecutor-7_0, started daemon 140131495311104)>
Successfully put the object_id: ObjectID <"o64d1fd11cd800911">
putting data in the thread: <Thread(ThreadPoolExecutor-7_0, started daemon 140131495311104)>
Successfully put the object_id: ObjectID <"o64d1fd11cfc00914">
start the gc thread
putting data in the thread: <Thread(ThreadPoolExecutor-8_0, started daemon 140131495311104)>
Successfully put the object_id: ObjectID <"o64d1fd11d2800917">
putting data in the thread: <Thread(ThreadPoolExecutor-8_0, started daemon 140131495311104)>
Successfully put the object_id: ObjectID <"o64d1fd11d500091a">
putting data in the thread: <Thread(ThreadPoolExecutor-8_0, started daemon 140131495311104)>
Successfully put the object_id: ObjectID <"o64d1fd11d840091d">
putting data in the thread: <Thread(ThreadPoolExecutor-8_0, started daemon 140131495311104)>
Successfully put the object_id: ObjectID <"o64d1fd11db000920">
putting data in the thread: <Thread(ThreadPoolExecutor-8_0, started daemon 140131495311104)>
Successfully put the object_id: ObjectID <"o64d1fd11de800923">
putting data in the thread: <Thread(ThreadPoolExecutor-8_0, started daemon 140131495311104)>
Failed to put the object Name test7361 already exists in the vineyard
putting data in the thread: <Thread(ThreadPoolExecutor-8_0, started daemon 140131495311104)>
Successfully put the object_id: ObjectID <"o64d1fd11e1400926">
putting data in the thread: <Thread(ThreadPoolExecutor-8_0, started daemon 140131495311104)>
Successfully put the object_id: ObjectID <"o64d1fd11e4400929">
putting data in the thread: <Thread(ThreadPoolExecutor-8_0, started daemon 140131495311104)>
Failed to put the object Name test3498 already exists in the vineyard
putting data in the thread: <Thread(ThreadPoolExecutor-8_0, started daemon 140131495311104)>
Successfully put the object_id: ObjectID <"o64d1fd11e740092c">
putting data in the thread: <Thread(ThreadPoolExecutor-8_0, started daemon 140131495311104)>
Successfully put the object_id: ObjectID <"o64d1fd11ea40092f">
putting data in the thread: <Thread(ThreadPoolExecutor-8_0, started daemon 140131495311104)>
Failed to put the object Name test3114 already exists in the vineyard
putting data in the thread: <Thread(ThreadPoolExecutor-8_0, started daemon 140131495311104)>
Successfully put the object_id: ObjectID <"o64d1fd11ed000932">
putting data in the thread: <Thread(ThreadPoolExecutor-8_0, started daemon 140131495311104)>
Successfully put the object_id: ObjectID <"o64d1fd11efc00935">
putting data in the thread: <Thread(ThreadPoolExecutor-8_0, started daemon 140131495311104)>
Successfully put the object_id: ObjectID <"o64d1fd11f2800938">
putting data in the thread: <Thread(ThreadPoolExecutor-8_0, started daemon 140131495311104)>
Successfully put the object_id: ObjectID <"o64d1fd11f540093b">
putting data in the thread: <Thread(ThreadPoolExecutor-8_0, started daemon 140131495311104)>
Successfully put the object_id: ObjectID <"o64d1fd11f880093e">
putting data in the thread: <Thread(ThreadPoolExecutor-8_0, started daemon 140131495311104)>
Successfully put the object_id: ObjectID <"o64d1fd11fb400941">
putting data in the thread: <Thread(ThreadPoolExecutor-8_0, started daemon 140131495311104)>
Successfully put the object_id: ObjectID <"o64d1fd11fd800944">
putting data in the thread: <Thread(ThreadPoolExecutor-8_0, started daemon 140131495311104)>
Failed to put the object Name test4141 already exists in the vineyard
putting data in the thread: <Thread(ThreadPoolExecutor-8_0, started daemon 140131495311104)>
Successfully put the object_id: ObjectID <"o64d1fd1200400947">
putting data in the thread: <Thread(ThreadPoolExecutor-8_0, started daemon 140131495311104)>
Failed to put the object Name test8175 already exists in the vineyard
putting data in the thread: <Thread(ThreadPoolExecutor-8_0, started daemon 140131495311104)>
Failed to put the object Name test5978 already exists in the vineyard
putting data in the thread: <Thread(ThreadPoolExecutor-8_0, started daemon 140131495311104)>
Successfully put the object_id: ObjectID <"o64d1fd1202c0094a">
putting data in the thread: <Thread(ThreadPoolExecutor-8_0, started daemon 140131495311104)>
Successfully put the object_id: ObjectID <"o64d1fd120540094d">
putting data in the thread: <Thread(ThreadPoolExecutor-8_0, started daemon 140131495311104)>
Successfully put the object_id: ObjectID <"o64d1fd1207800950">
putting data in the thread: <Thread(ThreadPoolExecutor-8_0, started daemon 140131495311104)>
Successfully put the object_id: ObjectID <"o64d1fd120a000953">
putting data in the thread: <Thread(ThreadPoolExecutor-8_0, started daemon 140131495311104)>
Successfully put the object_id: ObjectID <"o64d1fd120c400956">
putting data in the thread: <Thread(ThreadPoolExecutor-8_0, started daemon 140131495311104)>
Successfully put the object_id: ObjectID <"o64d1fd121dc00959">
putting data in the thread: <Thread(ThreadPoolExecutor-8_0, started daemon 140131495311104)>
Successfully put the object_id: ObjectID <"o64d1fd1220c0095c">
putting data in the thread: <Thread(ThreadPoolExecutor-8_0, started daemon 140131495311104)>
Successfully put the object_id: ObjectID <"o64d1fd122340095f">
putting data in the thread: <Thread(ThreadPoolExecutor-8_0, started daemon 140131495311104)>
Successfully put the object_id: ObjectID <"o64d1fd1225c00962">
putting data in the thread: <Thread(ThreadPoolExecutor-8_0, started daemon 140131495311104)>
Successfully put the object_id: ObjectID <"o64d1fd1228400965">
putting data in the thread: <Thread(ThreadPoolExecutor-8_0, started daemon 140131495311104)>
Successfully put the object_id: ObjectID <"o64d1fd122b000968">
putting data in the thread: <Thread(ThreadPoolExecutor-8_0, started daemon 140131495311104)>
Successfully put the object_id: ObjectID <"o64d1fd122d40096b">
putting data in the thread: <Thread(ThreadPoolExecutor-8_0, started daemon 140131495311104)>
Successfully put the object_id: ObjectID <"o64d1fd122f80096e">
putting data in the thread: <Thread(ThreadPoolExecutor-8_0, started daemon 140131495311104)>
Successfully put the object_id: ObjectID <"o64d1fd1232000971">
putting data in the thread: <Thread(ThreadPoolExecutor-8_0, started daemon 140131495311104)>
Successfully put the object_id: ObjectID <"o64d1fd1234800974">
putting data in the thread: <Thread(ThreadPoolExecutor-8_0, started daemon 140131495311104)>
Successfully put the object_id: ObjectID <"o64d1fd1237000977">
putting data in the thread: <Thread(ThreadPoolExecutor-8_0, started daemon 140131495311104)>
Successfully put the object_id: ObjectID <"o64d1fd123940097a">
putting data in the thread: <Thread(ThreadPoolExecutor-8_0, started daemon 140131495311104)>
Successfully put the object_id: ObjectID <"o64d1fd123c00097d">
putting data in the thread: <Thread(ThreadPoolExecutor-8_0, started daemon 140131495311104)>
Successfully put the object_id: ObjectID <"o64d1fd123e800980">
putting data in the thread: <Thread(ThreadPoolExecutor-8_0, started daemon 140131495311104)>
Successfully put the object_id: ObjectID <"o64d1fd1241400983">
putting data in the thread: <Thread(ThreadPoolExecutor-8_0, started daemon 140131495311104)>
Successfully put the object_id: ObjectID <"o64d1fd1244400986">
putting data in the thread: <Thread(ThreadPoolExecutor-8_0, started daemon 140131495311104)>
Successfully put the object_id: ObjectID <"o64d1fd1246800989">
putting data in the thread: <Thread(ThreadPoolExecutor-8_0, started daemon 140131495311104)>
Successfully put the object_id: ObjectID <"o64d1fd124940098c">
putting data in the thread: <Thread(ThreadPoolExecutor-8_0, started daemon 140131495311104)>
Successfully put the object_id: ObjectID <"o64d1fd124bc0098f">
putting data in the thread: <Thread(ThreadPoolExecutor-8_0, started daemon 140131495311104)>
Successfully put the object_id: ObjectID <"o64d1fd124e400992">
putting data in the thread: <Thread(ThreadPoolExecutor-8_0, started daemon 140131495311104)>
Successfully put the object_id: ObjectID <"o64d1fd1250c00995">
putting data in the thread: <Thread(ThreadPoolExecutor-8_0, started daemon 140131495311104)>
Successfully put the object_id: ObjectID <"o64d1fd1253000998">
putting data in the thread: <Thread(ThreadPoolExecutor-8_0, started daemon 140131495311104)>
Successfully put the object_id: ObjectID <"o64d1fd125540099b">
putting data in the thread: <Thread(ThreadPoolExecutor-8_0, started daemon 140131495311104)>
Successfully put the object_id: ObjectID <"o64d1fd1257c0099e">
putting data in the thread: <Thread(ThreadPoolExecutor-8_0, started daemon 140131495311104)>
Successfully put the object_id: ObjectID <"o64d1fd125a4009a1">
putting data in the thread: <Thread(ThreadPoolExecutor-8_0, started daemon 140131495311104)>
Successfully put the object_id: ObjectID <"o64d1fd125d0009a4">
putting data in the thread: <Thread(ThreadPoolExecutor-8_0, started daemon 140131495311104)>
Successfully put the object_id: ObjectID <"o64d1fd125f4009a7">
putting data in the thread: <Thread(ThreadPoolExecutor-8_0, started daemon 140131495311104)>
Successfully put the object_id: ObjectID <"o64d1fd126f8009aa">
putting data in the thread: <Thread(ThreadPoolExecutor-8_0, started daemon 140131495311104)>
Successfully put the object_id: ObjectID <"o64d1fd1271c009ad">
putting data in the thread: <Thread(ThreadPoolExecutor-8_0, started daemon 140131495311104)>
Successfully put the object_id: ObjectID <"o64d1fd12744009b0">
putting data in the thread: <Thread(ThreadPoolExecutor-8_0, started daemon 140131495311104)>
Successfully put the object_id: ObjectID <"o64d1fd12768009b3">
putting data in the thread: <Thread(ThreadPoolExecutor-8_0, started daemon 140131495311104)>
Successfully put the object_id: ObjectID <"o64d1fd12790009b6">
putting data in the thread: <Thread(ThreadPoolExecutor-8_0, started daemon 140131495311104)>
Successfully put the object_id: ObjectID <"o64d1fd127b4009b9">
putting data in the thread: <Thread(ThreadPoolExecutor-8_0, started daemon 140131495311104)>
Successfully put the object_id: ObjectID <"o64d1fd127dc009bc">
putting data in the thread: <Thread(ThreadPoolExecutor-8_0, started daemon 140131495311104)>
Successfully put the object_id: ObjectID <"o64d1fd12800009bf">
putting data in the thread: <Thread(ThreadPoolExecutor-8_0, started daemon 140131495311104)>
Successfully put the object_id: ObjectID <"o64d1fd12824009c2">
putting data in the thread: <Thread(ThreadPoolExecutor-8_0, started daemon 140131495311104)>
Successfully put the object_id: ObjectID <"o64d1fd1284c009c5">
putting data in the thread: <Thread(ThreadPoolExecutor-8_0, started daemon 140131495311104)>
Successfully put the object_id: ObjectID <"o64d1fd12878009c8">
putting data in the thread: <Thread(ThreadPoolExecutor-8_0, started daemon 140131495311104)>
Successfully put the object_id: ObjectID <"o64d1fd128a0009cb">
putting data in the thread: <Thread(ThreadPoolExecutor-8_0, started daemon 140131495311104)>
Successfully put the object_id: ObjectID <"o64d1fd128c0009ce">
putting data in the thread: <Thread(ThreadPoolExecutor-8_0, started daemon 140131495311104)>
Successfully put the object_id: ObjectID <"o64d1fd128ec009d1">
putting data in the thread: <Thread(ThreadPoolExecutor-8_0, started daemon 140131495311104)>
Successfully put the object_id: ObjectID <"o64d1fd12914009d4">
putting data in the thread: <Thread(ThreadPoolExecutor-8_0, started daemon 140131495311104)>
Successfully put the object_id: ObjectID <"o64d1fd12940009d7">
putting data in the thread: <Thread(ThreadPoolExecutor-8_0, started daemon 140131495311104)>
Successfully put the object_id: ObjectID <"o64d1fd12964009da">
putting data in the thread: <Thread(ThreadPoolExecutor-8_0, started daemon 140131495311104)>
Successfully put the object_id: ObjectID <"o64d1fd12988009dd">
putting data in the thread: <Thread(ThreadPoolExecutor-8_0, started daemon 140131495311104)>
Successfully put the object_id: ObjectID <"o64d1fd129ac009e0">
putting data in the thread: <Thread(ThreadPoolExecutor-8_0, started daemon 140131495311104)>
Successfully put the object_id: ObjectID <"o64d1fd129d0009e3">
putting data in the thread: <Thread(ThreadPoolExecutor-8_0, started daemon 140131495311104)>
Successfully put the object_id: ObjectID <"o64d1fd129f8009e6">
putting data in the thread: <Thread(ThreadPoolExecutor-8_0, started daemon 140131495311104)>
Successfully put the object_id: ObjectID <"o64d1fd12a20009e9">
putting data in the thread: <Thread(ThreadPoolExecutor-8_0, started daemon 140131495311104)>
Successfully put the object_id: ObjectID <"o64d1fd12a4c009ec">
putting data in the thread: <Thread(ThreadPoolExecutor-8_0, started daemon 140131495311104)>
Successfully put the object_id: ObjectID <"o64d1fd12a74009ef">
putting data in the thread: <Thread(ThreadPoolExecutor-8_0, started daemon 140131495311104)>
Successfully put the object_id: ObjectID <"o64d1fd12aa0009f2">
putting data in the thread: <Thread(ThreadPoolExecutor-8_0, started daemon 140131495311104)>
Successfully put the object_id: ObjectID <"o64d1fd12acc009f5">
putting data in the thread: <Thread(ThreadPoolExecutor-8_0, started daemon 140131495311104)>
Successfully put the object_id: ObjectID <"o64d1fd12af4009f8">
putting data in the thread: <Thread(ThreadPoolExecutor-8_0, started daemon 140131495311104)>
Successfully put the object_id: ObjectID <"o64d1fd12bfc009fb">
putting data in the thread: <Thread(ThreadPoolExecutor-8_0, started daemon 140131495311104)>
Successfully put the object_id: ObjectID <"o64d1fd12c28009fe">
putting data in the thread: <Thread(ThreadPoolExecutor-8_0, started daemon 140131495311104)>
Successfully put the object_id: ObjectID <"o64d1fd12c5000a01">
putting data in the thread: <Thread(ThreadPoolExecutor-8_0, started daemon 140131495311104)>
Successfully put the object_id: ObjectID <"o64d1fd12c7c00a04">
putting data in the thread: <Thread(ThreadPoolExecutor-8_0, started daemon 140131495311104)>
Successfully put the object_id: ObjectID <"o64d1fd12ca400a07">
putting data in the thread: <Thread(ThreadPoolExecutor-8_0, started daemon 140131495311104)>
Successfully put the object_id: ObjectID <"o64d1fd12cc800a0a">
putting data in the thread: <Thread(ThreadPoolExecutor-8_0, started daemon 140131495311104)>
Successfully put the object_id: ObjectID <"o64d1fd12cf000a0d">
putting data in the thread: <Thread(ThreadPoolExecutor-8_0, started daemon 140131495311104)>
Successfully put the object_id: ObjectID <"o64d1fd12d1800a10">
putting data in the thread: <Thread(ThreadPoolExecutor-8_0, started daemon 140131495311104)>
Successfully put the object_id: ObjectID <"o64d1fd12d4400a13">
putting data in the thread: <Thread(ThreadPoolExecutor-8_0, started daemon 140131495311104)>
Successfully put the object_id: ObjectID <"o64d1fd12d6800a16">
putting data in the thread: <Thread(ThreadPoolExecutor-8_0, started daemon 140131495311104)>
Successfully put the object_id: ObjectID <"o64d1fd12d8c00a19">
putting data in the thread: <Thread(ThreadPoolExecutor-8_0, started daemon 140131495311104)>
Successfully put the object_id: ObjectID <"o64d1fd12dbc00a1c">
putting data in the thread: <Thread(ThreadPoolExecutor-8_0, started daemon 140131495311104)>
Successfully put the object_id: ObjectID <"o64d1fd12de400a1f">
putting data in the thread: <Thread(ThreadPoolExecutor-8_0, started daemon 140131495311104)>
Successfully put the object_id: ObjectID <"o64d1fd12e0c00a22">
putting data in the thread: <Thread(ThreadPoolExecutor-8_0, started daemon 140131495311104)>
Successfully put the object_id: ObjectID <"o64d1fd12e3800a25">
putting data in the thread: <Thread(ThreadPoolExecutor-8_0, started daemon 140131495311104)>
Successfully put the object_id: ObjectID <"o64d1fd12e6000a28">
putting data in the thread: <Thread(ThreadPoolExecutor-8_0, started daemon 140131495311104)>
Successfully put the object_id: ObjectID <"o64d1fd12e8800a2b">
putting data in the thread: <Thread(ThreadPoolExecutor-8_0, started daemon 140131495311104)>
Successfully put the object_id: ObjectID <"o64d1fd12eb800a2e">
start the gc thread
putting data in the thread: <Thread(ThreadPoolExecutor-9_0, started daemon 140131495311104)>
Successfully put the object_id: ObjectID <"o64d1fd12ee800a31">
putting data in the thread: <Thread(ThreadPoolExecutor-9_0, started daemon 140131495311104)>
Successfully put the object_id: ObjectID <"o64d1fd12f1800a34">
putting data in the thread: <Thread(ThreadPoolExecutor-9_0, started daemon 140131495311104)>
Successfully put the object_id: ObjectID <"o64d1fd12f4400a37">
putting data in the thread: <Thread(ThreadPoolExecutor-9_0, started daemon 140131495311104)>
Successfully put the object_id: ObjectID <"o64d1fd12f6c00a3a">
putting data in the thread: <Thread(ThreadPoolExecutor-9_0, started daemon 140131495311104)>
Successfully put the object_id: ObjectID <"o64d1fd12f9400a3d">
putting data in the thread: <Thread(ThreadPoolExecutor-9_0, started daemon 140131495311104)>
Successfully put the object_id: ObjectID <"o64d1fd12fc000a40">
putting data in the thread: <Thread(ThreadPoolExecutor-9_0, started daemon 140131495311104)>
Successfully put the object_id: ObjectID <"o64d1fd12fec00a43">
putting data in the thread: <Thread(ThreadPoolExecutor-9_0, started daemon 140131495311104)>
Successfully put the object_id: ObjectID <"o64d1fd1301800a46">
putting data in the thread: <Thread(ThreadPoolExecutor-9_0, started daemon 140131495311104)>
Successfully put the object_id: ObjectID <"o64d1fd1303c00a49">
putting data in the thread: <Thread(ThreadPoolExecutor-9_0, started daemon 140131495311104)>
Successfully put the object_id: ObjectID <"o64d1fd1314800a4c">
putting data in the thread: <Thread(ThreadPoolExecutor-9_0, started daemon 140131495311104)>
Failed to put the object Name test1795 already exists in the vineyard
putting data in the thread: <Thread(ThreadPoolExecutor-9_0, started daemon 140131495311104)>
Successfully put the object_id: ObjectID <"o64d1fd1317800a4f">
putting data in the thread: <Thread(ThreadPoolExecutor-9_0, started daemon 140131495311104)>
Successfully put the object_id: ObjectID <"o64d1fd131a800a52">
putting data in the thread: <Thread(ThreadPoolExecutor-9_0, started daemon 140131495311104)>
Successfully put the object_id: ObjectID <"o64d1fd131d400a55">
putting data in the thread: <Thread(ThreadPoolExecutor-9_0, started daemon 140131495311104)>
Successfully put the object_id: ObjectID <"o64d1fd1320000a58">
putting data in the thread: <Thread(ThreadPoolExecutor-9_0, started daemon 140131495311104)>
Successfully put the object_id: ObjectID <"o64d1fd1322800a5b">
putting data in the thread: <Thread(ThreadPoolExecutor-9_0, started daemon 140131495311104)>
Successfully put the object_id: ObjectID <"o64d1fd1325400a5e">
putting data in the thread: <Thread(ThreadPoolExecutor-9_0, started daemon 140131495311104)>
Successfully put the object_id: ObjectID <"o64d1fd1327c00a61">
putting data in the thread: <Thread(ThreadPoolExecutor-9_0, started daemon 140131495311104)>
Successfully put the object_id: ObjectID <"o64d1fd132a400a64">
putting data in the thread: <Thread(ThreadPoolExecutor-9_0, started daemon 140131495311104)>
Successfully put the object_id: ObjectID <"o64d1fd132d000a67">
putting data in the thread: <Thread(ThreadPoolExecutor-9_0, started daemon 140131495311104)>
Failed to put the object Name test5341 already exists in the vineyard
putting data in the thread: <Thread(ThreadPoolExecutor-9_0, started daemon 140131495311104)>
Successfully put the object_id: ObjectID <"o64d1fd132f800a6a">
putting data in the thread: <Thread(ThreadPoolExecutor-9_0, started daemon 140131495311104)>
Successfully put the object_id: ObjectID <"o64d1fd133d000a6d">
putting data in the thread: <Thread(ThreadPoolExecutor-9_0, started daemon 140131495311104)>
Successfully put the object_id: ObjectID <"o64d1fd133f800a70">
putting data in the thread: <Thread(ThreadPoolExecutor-9_0, started daemon 140131495311104)>
Successfully put the object_id: ObjectID <"o64d1fd1342c00a73">
putting data in the thread: <Thread(ThreadPoolExecutor-9_0, started daemon 140131495311104)>
Successfully put the object_id: ObjectID <"o64d1fd1345400a76">
putting data in the thread: <Thread(ThreadPoolExecutor-9_0, started daemon 140131495311104)>
Successfully put the object_id: ObjectID <"o64d1fd1348000a79">
putting data in the thread: <Thread(ThreadPoolExecutor-9_0, started daemon 140131495311104)>
Successfully put the object_id: ObjectID <"o64d1fd134b400a7c">
putting data in the thread: <Thread(ThreadPoolExecutor-9_0, started daemon 140131495311104)>
Failed to put the object Name test7647 already exists in the vineyard
putting data in the thread: <Thread(ThreadPoolExecutor-9_0, started daemon 140131495311104)>
Failed to put the object Name test9756 already exists in the vineyard
putting data in the thread: <Thread(ThreadPoolExecutor-9_0, started daemon 140131495311104)>
Successfully put the object_id: ObjectID <"o64d1fd134dc00a7f">
putting data in the thread: <Thread(ThreadPoolExecutor-9_0, started daemon 140131495311104)>
Successfully put the object_id: ObjectID <"o64d1fd1350800a82">
putting data in the thread: <Thread(ThreadPoolExecutor-9_0, started daemon 140131495311104)>
Successfully put the object_id: ObjectID <"o64d1fd1352c00a85">
putting data in the thread: <Thread(ThreadPoolExecutor-9_0, started daemon 140131495311104)>
Failed to put the object Name test669 already exists in the vineyard
putting data in the thread: <Thread(ThreadPoolExecutor-9_0, started daemon 140131495311104)>
Successfully put the object_id: ObjectID <"o64d1fd1355400a88">
putting data in the thread: <Thread(ThreadPoolExecutor-9_0, started daemon 140131495311104)>
Successfully put the object_id: ObjectID <"o64d1fd1357c00a8b">
putting data in the thread: <Thread(ThreadPoolExecutor-9_0, started daemon 140131495311104)>
Successfully put the object_id: ObjectID <"o64d1fd135a400a8e">
putting data in the thread: <Thread(ThreadPoolExecutor-9_0, started daemon 140131495311104)>
Failed to put the object Name test3565 already exists in the vineyard
putting data in the thread: <Thread(ThreadPoolExecutor-9_0, started daemon 140131495311104)>
Successfully put the object_id: ObjectID <"o64d1fd135cc00a91">
putting data in the thread: <Thread(ThreadPoolExecutor-9_0, started daemon 140131495311104)>
Successfully put the object_id: ObjectID <"o64d1fd135f000a94">
putting data in the thread: <Thread(ThreadPoolExecutor-9_0, started daemon 140131495311104)>
Successfully put the object_id: ObjectID <"o64d1fd1361c00a97">
putting data in the thread: <Thread(ThreadPoolExecutor-9_0, started daemon 140131495311104)>
Successfully put the object_id: ObjectID <"o64d1fd1364800a9a">
putting data in the thread: <Thread(ThreadPoolExecutor-9_0, started daemon 140131495311104)>
Successfully put the object_id: ObjectID <"o64d1fd1375800a9d">
putting data in the thread: <Thread(ThreadPoolExecutor-9_0, started daemon 140131495311104)>
Successfully put the object_id: ObjectID <"o64d1fd1378400aa0">
putting data in the thread: <Thread(ThreadPoolExecutor-9_0, started daemon 140131495311104)>
Successfully put the object_id: ObjectID <"o64d1fd137ac00aa3">
putting data in the thread: <Thread(ThreadPoolExecutor-9_0, started daemon 140131495311104)>
Successfully put the object_id: ObjectID <"o64d1fd137d400aa6">
putting data in the thread: <Thread(ThreadPoolExecutor-9_0, started daemon 140131495311104)>
Successfully put the object_id: ObjectID <"o64d1fd137f800aa9">
putting data in the thread: <Thread(ThreadPoolExecutor-9_0, started daemon 140131495311104)>
Successfully put the object_id: ObjectID <"o64d1fd1382800aac">
putting data in the thread: <Thread(ThreadPoolExecutor-9_0, started daemon 140131495311104)>
Successfully put the object_id: ObjectID <"o64d1fd1385400aaf">
putting data in the thread: <Thread(ThreadPoolExecutor-9_0, started daemon 140131495311104)>
Failed to put the object Name test4168 already exists in the vineyard
putting data in the thread: <Thread(ThreadPoolExecutor-9_0, started daemon 140131495311104)>
Successfully put the object_id: ObjectID <"o64d1fd1388000ab2">
putting data in the thread: <Thread(ThreadPoolExecutor-9_0, started daemon 140131495311104)>
Successfully put the object_id: ObjectID <"o64d1fd138a400ab5">
putting data in the thread: <Thread(ThreadPoolExecutor-9_0, started daemon 140131495311104)>
Successfully put the object_id: ObjectID <"o64d1fd138cc00ab8">
putting data in the thread: <Thread(ThreadPoolExecutor-9_0, started daemon 140131495311104)>
Successfully put the object_id: ObjectID <"o64d1fd138f800abb">
putting data in the thread: <Thread(ThreadPoolExecutor-9_0, started daemon 140131495311104)>
Successfully put the object_id: ObjectID <"o64d1fd1392000abe">
putting data in the thread: <Thread(ThreadPoolExecutor-9_0, started daemon 140131495311104)>
Successfully put the object_id: ObjectID <"o64d1fd1394800ac1">
putting data in the thread: <Thread(ThreadPoolExecutor-9_0, started daemon 140131495311104)>
Successfully put the object_id: ObjectID <"o64d1fd1396c00ac4">
putting data in the thread: <Thread(ThreadPoolExecutor-9_0, started daemon 140131495311104)>
Successfully put the object_id: ObjectID <"o64d1fd1399800ac7">
putting data in the thread: <Thread(ThreadPoolExecutor-9_0, started daemon 140131495311104)>
Successfully put the object_id: ObjectID <"o64d1fd13a2c00aca">
putting data in the thread: <Thread(ThreadPoolExecutor-9_0, started daemon 140131495311104)>
Successfully put the object_id: ObjectID <"o64d1fd13a5800acd">
putting data in the thread: <Thread(ThreadPoolExecutor-9_0, started daemon 140131495311104)>
Successfully put the object_id: ObjectID <"o64d1fd13a8400ad0">
putting data in the thread: <Thread(ThreadPoolExecutor-9_0, started daemon 140131495311104)>
Successfully put the object_id: ObjectID <"o64d1fd13ab000ad3">
putting data in the thread: <Thread(ThreadPoolExecutor-9_0, started daemon 140131495311104)>
Successfully put the object_id: ObjectID <"o64d1fd13adc00ad6">
putting data in the thread: <Thread(ThreadPoolExecutor-9_0, started daemon 140131495311104)>
Successfully put the object_id: ObjectID <"o64d1fd13b0400ad9">
putting data in the thread: <Thread(ThreadPoolExecutor-9_0, started daemon 140131495311104)>
Successfully put the object_id: ObjectID <"o64d1fd13b2800adc">
putting data in the thread: <Thread(ThreadPoolExecutor-9_0, started daemon 140131495311104)>
Successfully put the object_id: ObjectID <"o64d1fd13b4c00adf">
putting data in the thread: <Thread(ThreadPoolExecutor-9_0, started daemon 140131495311104)>
Successfully put the object_id: ObjectID <"o64d1fd13b7c00ae2">
putting data in the thread: <Thread(ThreadPoolExecutor-9_0, started daemon 140131495311104)>
Successfully put the object_id: ObjectID <"o64d1fd13bb000ae5">
putting data in the thread: <Thread(ThreadPoolExecutor-9_0, started daemon 140131495311104)>
Failed to put the object Name test4880 already exists in the vineyard
putting data in the thread: <Thread(ThreadPoolExecutor-9_0, started daemon 140131495311104)>
Successfully put the object_id: ObjectID <"o64d1fd13bd800ae8">
putting data in the thread: <Thread(ThreadPoolExecutor-9_0, started daemon 140131495311104)>
Successfully put the object_id: ObjectID <"o64d1fd13c0000aeb">
putting data in the thread: <Thread(ThreadPoolExecutor-9_0, started daemon 140131495311104)>
Successfully put the object_id: ObjectID <"o64d1fd13d0800aee">
putting data in the thread: <Thread(ThreadPoolExecutor-9_0, started daemon 140131495311104)>
Successfully put the object_id: ObjectID <"o64d1fd13d3400af1">
putting data in the thread: <Thread(ThreadPoolExecutor-9_0, started daemon 140131495311104)>
Successfully put the object_id: ObjectID <"o64d1fd13d5c00af4">
putting data in the thread: <Thread(ThreadPoolExecutor-9_0, started daemon 140131495311104)>
Failed to put the object Name test5475 already exists in the vineyard
putting data in the thread: <Thread(ThreadPoolExecutor-9_0, started daemon 140131495311104)>
Failed to put the object Name test3836 already exists in the vineyard
putting data in the thread: <Thread(ThreadPoolExecutor-9_0, started daemon 140131495311104)>
Successfully put the object_id: ObjectID <"o64d1fd13d8800af7">
putting data in the thread: <Thread(ThreadPoolExecutor-9_0, started daemon 140131495311104)>
Successfully put the object_id: ObjectID <"o64d1fd13db800afa">
putting data in the thread: <Thread(ThreadPoolExecutor-9_0, started daemon 140131495311104)>
Successfully put the object_id: ObjectID <"o64d1fd13ddc00afd">
putting data in the thread: <Thread(ThreadPoolExecutor-9_0, started daemon 140131495311104)>
Successfully put the object_id: ObjectID <"o64d1fd13e0800b00">
putting data in the thread: <Thread(ThreadPoolExecutor-9_0, started daemon 140131495311104)>
Successfully put the object_id: ObjectID <"o64d1fd13e3000b03">
putting data in the thread: <Thread(ThreadPoolExecutor-9_0, started daemon 140131495311104)>
Successfully put the object_id: ObjectID <"o64d1fd13e5400b06">
putting data in the thread: <Thread(ThreadPoolExecutor-9_0, started daemon 140131495311104)>
Successfully put the object_id: ObjectID <"o64d1fd13e7800b09">
putting data in the thread: <Thread(ThreadPoolExecutor-9_0, started daemon 140131495311104)>
Failed to put the object Name test3149 already exists in the vineyard
putting data in the thread: <Thread(ThreadPoolExecutor-9_0, started daemon 140131495311104)>
Successfully put the object_id: ObjectID <"o64d1fd13ea000b0c">
putting data in the thread: <Thread(ThreadPoolExecutor-9_0, started daemon 140131495311104)>
Successfully put the object_id: ObjectID <"o64d1fd13ec400b0f">
putting data in the thread: <Thread(ThreadPoolExecutor-9_0, started daemon 140131495311104)>
Successfully put the object_id: ObjectID <"o64d1fd13eec00b12">
putting data in the thread: <Thread(ThreadPoolExecutor-9_0, started daemon 140131495311104)>
Successfully put the object_id: ObjectID <"o64d1fd13f1000b15">
putting data in the thread: <Thread(ThreadPoolExecutor-9_0, started daemon 140131495311104)>
Successfully put the object_id: ObjectID <"o64d1fd13f4000b18">
putting data in the thread: <Thread(ThreadPoolExecutor-9_0, started daemon 140131495311104)>
Successfully put the object_id: ObjectID <"o64d1fd13f6800b1b">
putting data in the thread: <Thread(ThreadPoolExecutor-9_0, started daemon 140131495311104)>
Failed to put the object Name test6115 already exists in the vineyard
putting data in the thread: <Thread(ThreadPoolExecutor-9_0, started daemon 140131495311104)>
Successfully put the object_id: ObjectID <"o64d1fd13f8c00b1e">
putting data in the thread: <Thread(ThreadPoolExecutor-9_0, started daemon 140131495311104)>
Successfully put the object_id: ObjectID <"o64d1fd13fb800b21">
putting data in the thread: <Thread(ThreadPoolExecutor-9_0, started daemon 140131495311104)>
Successfully put the object_id: ObjectID <"o64d1fd13fe000b24">
putting data in the thread: <Thread(ThreadPoolExecutor-9_0, started daemon 140131495311104)>
Successfully put the object_id: ObjectID <"o64d1fd1400800b27">
putting data in the thread: <Thread(ThreadPoolExecutor-9_0, started daemon 140131495311104)>
Successfully put the object_id: ObjectID <"o64d1fd1403000b2a">
putting data in the thread: <Thread(ThreadPoolExecutor-9_0, started daemon 140131495311104)>
Successfully put the object_id: ObjectID <"o64d1fd1405800b2d">
putting data in the thread: <Thread(ThreadPoolExecutor-9_0, started daemon 140131495311104)>
Successfully put the object_id: ObjectID <"o64d1fd1408000b30">
putting data in the thread: <Thread(ThreadPoolExecutor-9_0, started daemon 140131495311104)>
Successfully put the object_id: ObjectID <"o64d1fd140a800b33">
putting data in the thread: <Thread(ThreadPoolExecutor-9_0, started daemon 140131495311104)>
Successfully put the object_id: ObjectID <"o64d1fd140d400b36">
start the gc thread
putting data in the thread: <Thread(ThreadPoolExecutor-10_0, started daemon 140131495311104)>
Successfully put the object_id: ObjectID <"o64d1fd1410000b39">
putting data in the thread: <Thread(ThreadPoolExecutor-10_0, started daemon 140131495311104)>
Successfully put the object_id: ObjectID <"o64d1fd1412400b3c">
putting data in the thread: <Thread(ThreadPoolExecutor-10_0, started daemon 140131495311104)>
Successfully put the object_id: ObjectID <"o64d1fd1423000b3f">
putting data in the thread: <Thread(ThreadPoolExecutor-10_0, started daemon 140131495311104)>
Successfully put the object_id: ObjectID <"o64d1fd1425800b42">
putting data in the thread: <Thread(ThreadPoolExecutor-10_0, started daemon 140131495311104)>
Successfully put the object_id: ObjectID <"o64d1fd1428400b45">
putting data in the thread: <Thread(ThreadPoolExecutor-10_0, started daemon 140131495311104)>
Successfully put the object_id: ObjectID <"o64d1fd142a800b48">
putting data in the thread: <Thread(ThreadPoolExecutor-10_0, started daemon 140131495311104)>
Successfully put the object_id: ObjectID <"o64d1fd142d400b4b">
putting data in the thread: <Thread(ThreadPoolExecutor-10_0, started daemon 140131495311104)>
Successfully put the object_id: ObjectID <"o64d1fd142f800b4e">
putting data in the thread: <Thread(ThreadPoolExecutor-10_0, started daemon 140131495311104)>
Successfully put the object_id: ObjectID <"o64d1fd1432000b51">
putting data in the thread: <Thread(ThreadPoolExecutor-10_0, started daemon 140131495311104)>
Successfully put the object_id: ObjectID <"o64d1fd1434400b54">
putting data in the thread: <Thread(ThreadPoolExecutor-10_0, started daemon 140131495311104)>
Successfully put the object_id: ObjectID <"o64d1fd1436800b57">
putting data in the thread: <Thread(ThreadPoolExecutor-10_0, started daemon 140131495311104)>
Failed to put the object Name test3032 already exists in the vineyard
putting data in the thread: <Thread(ThreadPoolExecutor-10_0, started daemon 140131495311104)>
Successfully put the object_id: ObjectID <"o64d1fd1439000b5a">
putting data in the thread: <Thread(ThreadPoolExecutor-10_0, started daemon 140131495311104)>
Successfully put the object_id: ObjectID <"o64d1fd143b400b5d">
putting data in the thread: <Thread(ThreadPoolExecutor-10_0, started daemon 140131495311104)>
Successfully put the object_id: ObjectID <"o64d1fd143dc00b60">
putting data in the thread: <Thread(ThreadPoolExecutor-10_0, started daemon 140131495311104)>
Successfully put the object_id: ObjectID <"o64d1fd1440c00b63">
putting data in the thread: <Thread(ThreadPoolExecutor-10_0, started daemon 140131495311104)>
Successfully put the object_id: ObjectID <"o64d1fd1443800b66">
putting data in the thread: <Thread(ThreadPoolExecutor-10_0, started daemon 140131495311104)>
Successfully put the object_id: ObjectID <"o64d1fd1446000b69">
putting data in the thread: <Thread(ThreadPoolExecutor-10_0, started daemon 140131495311104)>
Successfully put the object_id: ObjectID <"o64d1fd1448400b6c">
putting data in the thread: <Thread(ThreadPoolExecutor-10_0, started daemon 140131495311104)>
Successfully put the object_id: ObjectID <"o64d1fd144b000b6f">
putting data in the thread: <Thread(ThreadPoolExecutor-10_0, started daemon 140131495311104)>
Successfully put the object_id: ObjectID <"o64d1fd144d400b72">
putting data in the thread: <Thread(ThreadPoolExecutor-10_0, started daemon 140131495311104)>
Successfully put the object_id: ObjectID <"o64d1fd1450000b75">
putting data in the thread: <Thread(ThreadPoolExecutor-10_0, started daemon 140131495311104)>
Successfully put the object_id: ObjectID <"o64d1fd1452c00b78">
putting data in the thread: <Thread(ThreadPoolExecutor-10_0, started daemon 140131495311104)>
Successfully put the object_id: ObjectID <"o64d1fd1455400b7b">
putting data in the thread: <Thread(ThreadPoolExecutor-10_0, started daemon 140131495311104)>
Successfully put the object_id: ObjectID <"o64d1fd1458000b7e">
putting data in the thread: <Thread(ThreadPoolExecutor-10_0, started daemon 140131495311104)>
Successfully put the object_id: ObjectID <"o64d1fd145ac00b81">
putting data in the thread: <Thread(ThreadPoolExecutor-10_0, started daemon 140131495311104)>
Successfully put the object_id: ObjectID <"o64d1fd145d400b84">
putting data in the thread: <Thread(ThreadPoolExecutor-10_0, started daemon 140131495311104)>
Successfully put the object_id: ObjectID <"o64d1fd1460000b87">
putting data in the thread: <Thread(ThreadPoolExecutor-10_0, started daemon 140131495311104)>
Successfully put the object_id: ObjectID <"o64d1fd1463000b8a">
putting data in the thread: <Thread(ThreadPoolExecutor-10_0, started daemon 140131495311104)>
Successfully put the object_id: ObjectID <"o64d1fd1466000b8d">
putting data in the thread: <Thread(ThreadPoolExecutor-10_0, started daemon 140131495311104)>
Failed to put the object Name test3974 already exists in the vineyard
putting data in the thread: <Thread(ThreadPoolExecutor-10_0, started daemon 140131495311104)>
Failed to put the object Name test6055 already exists in the vineyard
putting data in the thread: <Thread(ThreadPoolExecutor-10_0, started daemon 140131495311104)>
Successfully put the object_id: ObjectID <"o64d1fd1477400b90">
putting data in the thread: <Thread(ThreadPoolExecutor-10_0, started daemon 140131495311104)>
Failed to put the object Name test2409 already exists in the vineyard
putting data in the thread: <Thread(ThreadPoolExecutor-10_0, started daemon 140131495311104)>
Successfully put the object_id: ObjectID <"o64d1fd147a000b93">
putting data in the thread: <Thread(ThreadPoolExecutor-10_0, started daemon 140131495311104)>
Successfully put the object_id: ObjectID <"o64d1fd147c800b96">
putting data in the thread: <Thread(ThreadPoolExecutor-10_0, started daemon 140131495311104)>
Successfully put the object_id: ObjectID <"o64d1fd147f000b99">
putting data in the thread: <Thread(ThreadPoolExecutor-10_0, started daemon 140131495311104)>
Successfully put the object_id: ObjectID <"o64d1fd1481c00b9c">
putting data in the thread: <Thread(ThreadPoolExecutor-10_0, started daemon 140131495311104)>
Successfully put the object_id: ObjectID <"o64d1fd1484400b9f">
putting data in the thread: <Thread(ThreadPoolExecutor-10_0, started daemon 140131495311104)>
Successfully put the object_id: ObjectID <"o64d1fd1486800ba2">
putting data in the thread: <Thread(ThreadPoolExecutor-10_0, started daemon 140131495311104)>
Successfully put the object_id: ObjectID <"o64d1fd1489000ba5">
putting data in the thread: <Thread(ThreadPoolExecutor-10_0, started daemon 140131495311104)>
Failed to put the object Name test9403 already exists in the vineyard
putting data in the thread: <Thread(ThreadPoolExecutor-10_0, started daemon 140131495311104)>
Failed to put the object Name test2883 already exists in the vineyard
putting data in the thread: <Thread(ThreadPoolExecutor-10_0, started daemon 140131495311104)>
Successfully put the object_id: ObjectID <"o64d1fd148c000ba8">
putting data in the thread: <Thread(ThreadPoolExecutor-10_0, started daemon 140131495311104)>
Successfully put the object_id: ObjectID <"o64d1fd148e800bab">
putting data in the thread: <Thread(ThreadPoolExecutor-10_0, started daemon 140131495311104)>
Successfully put the object_id: ObjectID <"o64d1fd1491000bae">
putting data in the thread: <Thread(ThreadPoolExecutor-10_0, started daemon 140131495311104)>
Failed to put the object Name test3208 already exists in the vineyard
putting data in the thread: <Thread(ThreadPoolExecutor-10_0, started daemon 140131495311104)>
Successfully put the object_id: ObjectID <"o64d1fd1493c00bb1">
putting data in the thread: <Thread(ThreadPoolExecutor-10_0, started daemon 140131495311104)>
Successfully put the object_id: ObjectID <"o64d1fd1496800bb4">
putting data in the thread: <Thread(ThreadPoolExecutor-10_0, started daemon 140131495311104)>
Successfully put the object_id: ObjectID <"o64d1fd1499000bb7">
putting data in the thread: <Thread(ThreadPoolExecutor-10_0, started daemon 140131495311104)>
Successfully put the object_id: ObjectID <"o64d1fd149b800bba">
putting data in the thread: <Thread(ThreadPoolExecutor-10_0, started daemon 140131495311104)>
Successfully put the object_id: ObjectID <"o64d1fd149e000bbd">
putting data in the thread: <Thread(ThreadPoolExecutor-10_0, started daemon 140131495311104)>
Successfully put the object_id: ObjectID <"o64d1fd14a0400bc0">
putting data in the thread: <Thread(ThreadPoolExecutor-10_0, started daemon 140131495311104)>
Successfully put the object_id: ObjectID <"o64d1fd14a2c00bc3">
putting data in the thread: <Thread(ThreadPoolExecutor-10_0, started daemon 140131495311104)>
Successfully put the object_id: ObjectID <"o64d1fd14a5800bc6">
putting data in the thread: <Thread(ThreadPoolExecutor-10_0, started daemon 140131495311104)>
Successfully put the object_id: ObjectID <"o64d1fd14a8400bc9">
putting data in the thread: <Thread(ThreadPoolExecutor-10_0, started daemon 140131495311104)>
Successfully put the object_id: ObjectID <"o64d1fd14ab000bcc">
putting data in the thread: <Thread(ThreadPoolExecutor-10_0, started daemon 140131495311104)>
Successfully put the object_id: ObjectID <"o64d1fd14ae000bcf">
putting data in the thread: <Thread(ThreadPoolExecutor-10_0, started daemon 140131495311104)>
Successfully put the object_id: ObjectID <"o64d1fd14b1000bd2">
putting data in the thread: <Thread(ThreadPoolExecutor-10_0, started daemon 140131495311104)>
Successfully put the object_id: ObjectID <"o64d1fd14b3800bd5">
putting data in the thread: <Thread(ThreadPoolExecutor-10_0, started daemon 140131495311104)>
Successfully put the object_id: ObjectID <"o64d1fd14b6400bd8">
putting data in the thread: <Thread(ThreadPoolExecutor-10_0, started daemon 140131495311104)>
Failed to put the object Name test4330 already exists in the vineyard
putting data in the thread: <Thread(ThreadPoolExecutor-10_0, started daemon 140131495311104)>
Successfully put the object_id: ObjectID <"o64d1fd14b8800bdb">
putting data in the thread: <Thread(ThreadPoolExecutor-10_0, started daemon 140131495311104)>
Failed to put the object Name test4814 already exists in the vineyard
putting data in the thread: <Thread(ThreadPoolExecutor-10_0, started daemon 140131495311104)>
Successfully put the object_id: ObjectID <"o64d1fd14bb000bde">
putting data in the thread: <Thread(ThreadPoolExecutor-10_0, started daemon 140131495311104)>
Successfully put the object_id: ObjectID <"o64d1fd14cc000be1">
putting data in the thread: <Thread(ThreadPoolExecutor-10_0, started daemon 140131495311104)>
Failed to put the object Name test283 already exists in the vineyard
putting data in the thread: <Thread(ThreadPoolExecutor-10_0, started daemon 140131495311104)>
Successfully put the object_id: ObjectID <"o64d1fd14ce800be4">
putting data in the thread: <Thread(ThreadPoolExecutor-10_0, started daemon 140131495311104)>
Failed to put the object Name test5265 already exists in the vineyard
putting data in the thread: <Thread(ThreadPoolExecutor-10_0, started daemon 140131495311104)>
Successfully put the object_id: ObjectID <"o64d1fd14d1400be7">
putting data in the thread: <Thread(ThreadPoolExecutor-10_0, started daemon 140131495311104)>
Successfully put the object_id: ObjectID <"o64d1fd14d3c00bea">
putting data in the thread: <Thread(ThreadPoolExecutor-10_0, started daemon 140131495311104)>
Successfully put the object_id: ObjectID <"o64d1fd14d6400bed">
putting data in the thread: <Thread(ThreadPoolExecutor-10_0, started daemon 140131495311104)>
Successfully put the object_id: ObjectID <"o64d1fd14d8c00bf0">
putting data in the thread: <Thread(ThreadPoolExecutor-10_0, started daemon 140131495311104)>
Successfully put the object_id: ObjectID <"o64d1fd14db400bf3">
putting data in the thread: <Thread(ThreadPoolExecutor-10_0, started daemon 140131495311104)>
Successfully put the object_id: ObjectID <"o64d1fd14ddc00bf6">
putting data in the thread: <Thread(ThreadPoolExecutor-10_0, started daemon 140131495311104)>
Successfully put the object_id: ObjectID <"o64d1fd14e0000bf9">
putting data in the thread: <Thread(ThreadPoolExecutor-10_0, started daemon 140131495311104)>
Successfully put the object_id: ObjectID <"o64d1fd14e2800bfc">
putting data in the thread: <Thread(ThreadPoolExecutor-10_0, started daemon 140131495311104)>
Successfully put the object_id: ObjectID <"o64d1fd14e5000bff">
putting data in the thread: <Thread(ThreadPoolExecutor-10_0, started daemon 140131495311104)>
Successfully put the object_id: ObjectID <"o64d1fd14e7800c02">
putting data in the thread: <Thread(ThreadPoolExecutor-10_0, started daemon 140131495311104)>
Successfully put the object_id: ObjectID <"o64d1fd14ea800c05">
putting data in the thread: <Thread(ThreadPoolExecutor-10_0, started daemon 140131495311104)>
Successfully put the object_id: ObjectID <"o64d1fd14ed400c08">
putting data in the thread: <Thread(ThreadPoolExecutor-10_0, started daemon 140131495311104)>
Successfully put the object_id: ObjectID <"o64d1fd14f0400c0b">
putting data in the thread: <Thread(ThreadPoolExecutor-10_0, started daemon 140131495311104)>
Successfully put the object_id: ObjectID <"o64d1fd14f2c00c0e">
putting data in the thread: <Thread(ThreadPoolExecutor-10_0, started daemon 140131495311104)>
Successfully put the object_id: ObjectID <"o64d1fd14f5800c11">
putting data in the thread: <Thread(ThreadPoolExecutor-10_0, started daemon 140131495311104)>
Successfully put the object_id: ObjectID <"o64d1fd14f8800c14">
putting data in the thread: <Thread(ThreadPoolExecutor-10_0, started daemon 140131495311104)>
Successfully put the object_id: ObjectID <"o64d1fd14fb800c17">
putting data in the thread: <Thread(ThreadPoolExecutor-10_0, started daemon 140131495311104)>
Failed to put the object Name test8804 already exists in the vineyard
putting data in the thread: <Thread(ThreadPoolExecutor-10_0, started daemon 140131495311104)>
Successfully put the object_id: ObjectID <"o64d1fd14fec00c1a">
putting data in the thread: <Thread(ThreadPoolExecutor-10_0, started daemon 140131495311104)>
Successfully put the object_id: ObjectID <"o64d1fd1502400c1d">
putting data in the thread: <Thread(ThreadPoolExecutor-10_0, started daemon 140131495311104)>
Successfully put the object_id: ObjectID <"o64d1fd1505800c20">
putting data in the thread: <Thread(ThreadPoolExecutor-10_0, started daemon 140131495311104)>
Successfully put the object_id: ObjectID <"o64d1fd1508400c23">
putting data in the thread: <Thread(ThreadPoolExecutor-10_0, started daemon 140131495311104)>
Successfully put the object_id: ObjectID <"o64d1fd150b800c26">
putting data in the thread: <Thread(ThreadPoolExecutor-10_0, started daemon 140131495311104)>
Successfully put the object_id: ObjectID <"o64d1fd150e400c29">
putting data in the thread: <Thread(ThreadPoolExecutor-10_0, started daemon 140131495311104)>
Successfully put the object_id: ObjectID <"o64d1fd1510c00c2c">
putting data in the thread: <Thread(ThreadPoolExecutor-10_0, started daemon 140131495311104)>
Successfully put the object_id: ObjectID <"o64d1fd1513400c2f">
putting data in the thread: <Thread(ThreadPoolExecutor-10_0, started daemon 140131495311104)>
Successfully put the object_id: ObjectID <"o64d1fd1523800c32">
putting data in the thread: <Thread(ThreadPoolExecutor-10_0, started daemon 140131495311104)>
Successfully put the object_id: ObjectID <"o64d1fd1526400c35">
putting data in the thread: <Thread(ThreadPoolExecutor-10_0, started daemon 140131495311104)>
Successfully put the object_id: ObjectID <"o64d1fd1529400c38">
putting data in the thread: <Thread(ThreadPoolExecutor-10_0, started daemon 140131495311104)>
Successfully put the object_id: ObjectID <"o64d1fd152c000c3b">
putting data in the thread: <Thread(ThreadPoolExecutor-10_0, started daemon 140131495311104)>
Successfully put the object_id: ObjectID <"o64d1fd152e400c3e">
start the gc thread
putting data in the thread: <Thread(ThreadPoolExecutor-11_0, started daemon 140131495311104)>
Successfully put the object_id: ObjectID <"o64d1fd1530c00c41">
putting data in the thread: <Thread(ThreadPoolExecutor-11_0, started daemon 140131495311104)>
Successfully put the object_id: ObjectID <"o64d1fd1533400c44">
putting data in the thread: <Thread(ThreadPoolExecutor-11_0, started daemon 140131495311104)>
Successfully put the object_id: ObjectID <"o64d1fd1535c00c47">
putting data in the thread: <Thread(ThreadPoolExecutor-11_0, started daemon 140131495311104)>
Successfully put the object_id: ObjectID <"o64d1fd1538800c4a">
putting data in the thread: <Thread(ThreadPoolExecutor-11_0, started daemon 140131495311104)>
Successfully put the object_id: ObjectID <"o64d1fd153b400c4d">
putting data in the thread: <Thread(ThreadPoolExecutor-11_0, started daemon 140131495311104)>
Successfully put the object_id: ObjectID <"o64d1fd153e800c50">
putting data in the thread: <Thread(ThreadPoolExecutor-11_0, started daemon 140131495311104)>
Successfully put the object_id: ObjectID <"o64d1fd1541000c53">
putting data in the thread: <Thread(ThreadPoolExecutor-11_0, started daemon 140131495311104)>
Successfully put the object_id: ObjectID <"o64d1fd1543c00c56">
putting data in the thread: <Thread(ThreadPoolExecutor-11_0, started daemon 140131495311104)>
Failed to put the object Name test1680 already exists in the vineyard
putting data in the thread: <Thread(ThreadPoolExecutor-11_0, started daemon 140131495311104)>
Successfully put the object_id: ObjectID <"o64d1fd1546400c59">
putting data in the thread: <Thread(ThreadPoolExecutor-11_0, started daemon 140131495311104)>
Successfully put the object_id: ObjectID <"o64d1fd1548c00c5c">
putting data in the thread: <Thread(ThreadPoolExecutor-11_0, started daemon 140131495311104)>
Successfully put the object_id: ObjectID <"o64d1fd154b400c5f">
putting data in the thread: <Thread(ThreadPoolExecutor-11_0, started daemon 140131495311104)>
Successfully put the object_id: ObjectID <"o64d1fd154e400c62">
putting data in the thread: <Thread(ThreadPoolExecutor-11_0, started daemon 140131495311104)>
Successfully put the object_id: ObjectID <"o64d1fd1550c00c65">
putting data in the thread: <Thread(ThreadPoolExecutor-11_0, started daemon 140131495311104)>
Successfully put the object_id: ObjectID <"o64d1fd1553400c68">
putting data in the thread: <Thread(ThreadPoolExecutor-11_0, started daemon 140131495311104)>
Successfully put the object_id: ObjectID <"o64d1fd1556000c6b">
putting data in the thread: <Thread(ThreadPoolExecutor-11_0, started daemon 140131495311104)>
Successfully put the object_id: ObjectID <"o64d1fd1558800c6e">
putting data in the thread: <Thread(ThreadPoolExecutor-11_0, started daemon 140131495311104)>
Successfully put the object_id: ObjectID <"o64d1fd155b000c71">
putting data in the thread: <Thread(ThreadPoolExecutor-11_0, started daemon 140131495311104)>
Successfully put the object_id: ObjectID <"o64d1fd155dc00c74">
putting data in the thread: <Thread(ThreadPoolExecutor-11_0, started daemon 140131495311104)>
Successfully put the object_id: ObjectID <"o64d1fd1560400c77">
putting data in the thread: <Thread(ThreadPoolExecutor-11_0, started daemon 140131495311104)>
Successfully put the object_id: ObjectID <"o64d1fd1562c00c7a">
putting data in the thread: <Thread(ThreadPoolExecutor-11_0, started daemon 140131495311104)>
Successfully put the object_id: ObjectID <"o64d1fd1565400c7d">
putting data in the thread: <Thread(ThreadPoolExecutor-11_0, started daemon 140131495311104)>
Successfully put the object_id: ObjectID <"o64d1fd1567c00c80">
putting data in the thread: <Thread(ThreadPoolExecutor-11_0, started daemon 140131495311104)>
Successfully put the object_id: ObjectID <"o64d1fd1577c00c83">
putting data in the thread: <Thread(ThreadPoolExecutor-11_0, started daemon 140131495311104)>
Successfully put the object_id: ObjectID <"o64d1fd157a800c86">
putting data in the thread: <Thread(ThreadPoolExecutor-11_0, started daemon 140131495311104)>
Successfully put the object_id: ObjectID <"o64d1fd157cc00c89">
putting data in the thread: <Thread(ThreadPoolExecutor-11_0, started daemon 140131495311104)>
Successfully put the object_id: ObjectID <"o64d1fd157f800c8c">
putting data in the thread: <Thread(ThreadPoolExecutor-11_0, started daemon 140131495311104)>
Successfully put the object_id: ObjectID <"o64d1fd1582400c8f">
putting data in the thread: <Thread(ThreadPoolExecutor-11_0, started daemon 140131495311104)>
Successfully put the object_id: ObjectID <"o64d1fd1584800c92">
putting data in the thread: <Thread(ThreadPoolExecutor-11_0, started daemon 140131495311104)>
Successfully put the object_id: ObjectID <"o64d1fd1587000c95">
putting data in the thread: <Thread(ThreadPoolExecutor-11_0, started daemon 140131495311104)>
Successfully put the object_id: ObjectID <"o64d1fd158a000c98">
putting data in the thread: <Thread(ThreadPoolExecutor-11_0, started daemon 140131495311104)>
Successfully put the object_id: ObjectID <"o64d1fd158c800c9b">
putting data in the thread: <Thread(ThreadPoolExecutor-11_0, started daemon 140131495311104)>
Successfully put the object_id: ObjectID <"o64d1fd158f000c9e">
putting data in the thread: <Thread(ThreadPoolExecutor-11_0, started daemon 140131495311104)>
Successfully put the object_id: ObjectID <"o64d1fd1591800ca1">
putting data in the thread: <Thread(ThreadPoolExecutor-11_0, started daemon 140131495311104)>
Successfully put the object_id: ObjectID <"o64d1fd1594800ca4">
putting data in the thread: <Thread(ThreadPoolExecutor-11_0, started daemon 140131495311104)>
Failed to put the object Name test4383 already exists in the vineyard
putting data in the thread: <Thread(ThreadPoolExecutor-11_0, started daemon 140131495311104)>
Successfully put the object_id: ObjectID <"o64d1fd1597400ca7">
putting data in the thread: <Thread(ThreadPoolExecutor-11_0, started daemon 140131495311104)>
Failed to put the object Name test2048 already exists in the vineyard
putting data in the thread: <Thread(ThreadPoolExecutor-11_0, started daemon 140131495311104)>
Successfully put the object_id: ObjectID <"o64d1fd1599c00caa">
putting data in the thread: <Thread(ThreadPoolExecutor-11_0, started daemon 140131495311104)>
Successfully put the object_id: ObjectID <"o64d1fd159c000cad">
putting data in the thread: <Thread(ThreadPoolExecutor-11_0, started daemon 140131495311104)>
Successfully put the object_id: ObjectID <"o64d1fd159e800cb0">
putting data in the thread: <Thread(ThreadPoolExecutor-11_0, started daemon 140131495311104)>
Successfully put the object_id: ObjectID <"o64d1fd15a0c00cb3">
putting data in the thread: <Thread(ThreadPoolExecutor-11_0, started daemon 140131495311104)>
Successfully put the object_id: ObjectID <"o64d1fd15a3c00cb6">
putting data in the thread: <Thread(ThreadPoolExecutor-11_0, started daemon 140131495311104)>
Successfully put the object_id: ObjectID <"o64d1fd15a6400cb9">
putting data in the thread: <Thread(ThreadPoolExecutor-11_0, started daemon 140131495311104)>
Successfully put the object_id: ObjectID <"o64d1fd15a8c00cbc">
putting data in the thread: <Thread(ThreadPoolExecutor-11_0, started daemon 140131495311104)>
Successfully put the object_id: ObjectID <"o64d1fd15ac000cbf">
putting data in the thread: <Thread(ThreadPoolExecutor-11_0, started daemon 140131495311104)>
Successfully put the object_id: ObjectID <"o64d1fd15aec00cc2">
putting data in the thread: <Thread(ThreadPoolExecutor-11_0, started daemon 140131495311104)>
Successfully put the object_id: ObjectID <"o64d1fd15b1400cc5">
putting data in the thread: <Thread(ThreadPoolExecutor-11_0, started daemon 140131495311104)>
Successfully put the object_id: ObjectID <"o64d1fd15b3c00cc8">
putting data in the thread: <Thread(ThreadPoolExecutor-11_0, started daemon 140131495311104)>
Successfully put the object_id: ObjectID <"o64d1fd15b6400ccb">
putting data in the thread: <Thread(ThreadPoolExecutor-11_0, started daemon 140131495311104)>
Successfully put the object_id: ObjectID <"o64d1fd15b9000cce">
putting data in the thread: <Thread(ThreadPoolExecutor-11_0, started daemon 140131495311104)>
Successfully put the object_id: ObjectID <"o64d1fd15bb800cd1">
putting data in the thread: <Thread(ThreadPoolExecutor-11_0, started daemon 140131495311104)>
Successfully put the object_id: ObjectID <"o64d1fd15cbc00cd4">
putting data in the thread: <Thread(ThreadPoolExecutor-11_0, started daemon 140131495311104)>
Successfully put the object_id: ObjectID <"o64d1fd15cec00cd7">
putting data in the thread: <Thread(ThreadPoolExecutor-11_0, started daemon 140131495311104)>
Successfully put the object_id: ObjectID <"o64d1fd15d1400cda">
putting data in the thread: <Thread(ThreadPoolExecutor-11_0, started daemon 140131495311104)>
Successfully put the object_id: ObjectID <"o64d1fd15d3c00cdd">
putting data in the thread: <Thread(ThreadPoolExecutor-11_0, started daemon 140131495311104)>
Successfully put the object_id: ObjectID <"o64d1fd15d6c00ce0">
putting data in the thread: <Thread(ThreadPoolExecutor-11_0, started daemon 140131495311104)>
Successfully put the object_id: ObjectID <"o64d1fd15d9400ce3">
putting data in the thread: <Thread(ThreadPoolExecutor-11_0, started daemon 140131495311104)>
Successfully put the object_id: ObjectID <"o64d1fd15dbc00ce6">
putting data in the thread: <Thread(ThreadPoolExecutor-11_0, started daemon 140131495311104)>
Successfully put the object_id: ObjectID <"o64d1fd15de800ce9">
putting data in the thread: <Thread(ThreadPoolExecutor-11_0, started daemon 140131495311104)>
Failed to put the object Name test3149 already exists in the vineyard
putting data in the thread: <Thread(ThreadPoolExecutor-11_0, started daemon 140131495311104)>
Successfully put the object_id: ObjectID <"o64d1fd15e1000cec">
putting data in the thread: <Thread(ThreadPoolExecutor-11_0, started daemon 140131495311104)>
Successfully put the object_id: ObjectID <"o64d1fd15e3c00cef">
putting data in the thread: <Thread(ThreadPoolExecutor-11_0, started daemon 140131495311104)>
Successfully put the object_id: ObjectID <"o64d1fd15e6c00cf2">
putting data in the thread: <Thread(ThreadPoolExecutor-11_0, started daemon 140131495311104)>
Successfully put the object_id: ObjectID <"o64d1fd15e9800cf5">
putting data in the thread: <Thread(ThreadPoolExecutor-11_0, started daemon 140131495311104)>
Successfully put the object_id: ObjectID <"o64d1fd15ec400cf8">
putting data in the thread: <Thread(ThreadPoolExecutor-11_0, started daemon 140131495311104)>
Successfully put the object_id: ObjectID <"o64d1fd15ee800cfb">
putting data in the thread: <Thread(ThreadPoolExecutor-11_0, started daemon 140131495311104)>
Successfully put the object_id: ObjectID <"o64d1fd15f1000cfe">
putting data in the thread: <Thread(ThreadPoolExecutor-11_0, started daemon 140131495311104)>
Successfully put the object_id: ObjectID <"o64d1fd15f3800d01">
putting data in the thread: <Thread(ThreadPoolExecutor-11_0, started daemon 140131495311104)>
Failed to put the object Name test4296 already exists in the vineyard
putting data in the thread: <Thread(ThreadPoolExecutor-11_0, started daemon 140131495311104)>
Successfully put the object_id: ObjectID <"o64d1fd15f6400d04">
putting data in the thread: <Thread(ThreadPoolExecutor-11_0, started daemon 140131495311104)>
Successfully put the object_id: ObjectID <"o64d1fd15f9000d07">
putting data in the thread: <Thread(ThreadPoolExecutor-11_0, started daemon 140131495311104)>
Failed to put the object Name test6825 already exists in the vineyard
putting data in the thread: <Thread(ThreadPoolExecutor-11_0, started daemon 140131495311104)>
Successfully put the object_id: ObjectID <"o64d1fd15fbc00d0a">
putting data in the thread: <Thread(ThreadPoolExecutor-11_0, started daemon 140131495311104)>
Successfully put the object_id: ObjectID <"o64d1fd15fe400d0d">
putting data in the thread: <Thread(ThreadPoolExecutor-11_0, started daemon 140131495311104)>
Successfully put the object_id: ObjectID <"o64d1fd1601000d10">
putting data in the thread: <Thread(ThreadPoolExecutor-11_0, started daemon 140131495311104)>
Successfully put the object_id: ObjectID <"o64d1fd1603c00d13">
putting data in the thread: <Thread(ThreadPoolExecutor-11_0, started daemon 140131495311104)>
Successfully put the object_id: ObjectID <"o64d1fd1606400d16">
putting data in the thread: <Thread(ThreadPoolExecutor-11_0, started daemon 140131495311104)>
Successfully put the object_id: ObjectID <"o64d1fd1609800d19">
putting data in the thread: <Thread(ThreadPoolExecutor-11_0, started daemon 140131495311104)>
Successfully put the object_id: ObjectID <"o64d1fd160c000d1c">
putting data in the thread: <Thread(ThreadPoolExecutor-11_0, started daemon 140131495311104)>
Failed to put the object Name test8312 already exists in the vineyard
putting data in the thread: <Thread(ThreadPoolExecutor-11_0, started daemon 140131495311104)>
Successfully put the object_id: ObjectID <"o64d1fd160ec00d1f">
putting data in the thread: <Thread(ThreadPoolExecutor-11_0, started daemon 140131495311104)>
Successfully put the object_id: ObjectID <"o64d1fd1611000d22">
putting data in the thread: <Thread(ThreadPoolExecutor-11_0, started daemon 140131495311104)>
Successfully put the object_id: ObjectID <"o64d1fd1621800d25">
putting data in the thread: <Thread(ThreadPoolExecutor-11_0, started daemon 140131495311104)>
Failed to put the object Name test9864 already exists in the vineyard
putting data in the thread: <Thread(ThreadPoolExecutor-11_0, started daemon 140131495311104)>
Failed to put the object Name test6401 already exists in the vineyard
putting data in the thread: <Thread(ThreadPoolExecutor-11_0, started daemon 140131495311104)>
Successfully put the object_id: ObjectID <"o64d1fd1624800d28">
putting data in the thread: <Thread(ThreadPoolExecutor-11_0, started daemon 140131495311104)>
Successfully put the object_id: ObjectID <"o64d1fd1627400d2b">
putting data in the thread: <Thread(ThreadPoolExecutor-11_0, started daemon 140131495311104)>
Successfully put the object_id: ObjectID <"o64d1fd1629c00d2e">
putting data in the thread: <Thread(ThreadPoolExecutor-11_0, started daemon 140131495311104)>
Failed to put the object Name test2431 already exists in the vineyard
putting data in the thread: <Thread(ThreadPoolExecutor-11_0, started daemon 140131495311104)>
Successfully put the object_id: ObjectID <"o64d1fd162c400d31">
putting data in the thread: <Thread(ThreadPoolExecutor-11_0, started daemon 140131495311104)>
Successfully put the object_id: ObjectID <"o64d1fd162ec00d34">
putting data in the thread: <Thread(ThreadPoolExecutor-11_0, started daemon 140131495311104)>
Failed to put the object Name test7095 already exists in the vineyard
putting data in the thread: <Thread(ThreadPoolExecutor-11_0, started daemon 140131495311104)>
Successfully put the object_id: ObjectID <"o64d1fd1631400d37">
putting data in the thread: <Thread(ThreadPoolExecutor-11_0, started daemon 140131495311104)>
Failed to put the object Name test3943 already exists in the vineyard
putting data in the thread: <Thread(ThreadPoolExecutor-11_0, started daemon 140131495311104)>
Successfully put the object_id: ObjectID <"o64d1fd1633c00d3a">
putting data in the thread: <Thread(ThreadPoolExecutor-11_0, started daemon 140131495311104)>
Successfully put the object_id: ObjectID <"o64d1fd1636400d3d">
putting data in the thread: <Thread(ThreadPoolExecutor-11_0, started daemon 140131495311104)>
Successfully put the object_id: ObjectID <"o64d1fd1638c00d40">
putting data in the thread: <Thread(ThreadPoolExecutor-11_0, started daemon 140131495311104)>
Successfully put the object_id: ObjectID <"o64d1fd163b000d43">
putting data in the thread: <Thread(ThreadPoolExecutor-11_0, started daemon 140131495311104)>
Successfully put the object_id: ObjectID <"o64d1fd163dc00d46">
start the gc thread
putting data in the thread: <Thread(ThreadPoolExecutor-12_0, started daemon 140131495311104)>
Successfully put the object_id: ObjectID <"o64d1fd1640800d49">
putting data in the thread: <Thread(ThreadPoolExecutor-12_0, started daemon 140131495311104)>
Successfully put the object_id: ObjectID <"o64d1fd1643400d4c">
putting data in the thread: <Thread(ThreadPoolExecutor-12_0, started daemon 140131495311104)>
Successfully put the object_id: ObjectID <"o64d1fd1645c00d4f">
putting data in the thread: <Thread(ThreadPoolExecutor-12_0, started daemon 140131495311104)>
Successfully put the object_id: ObjectID <"o64d1fd1648400d52">
putting data in the thread: <Thread(ThreadPoolExecutor-12_0, started daemon 140131495311104)>
Successfully put the object_id: ObjectID <"o64d1fd164ac00d55">
putting data in the thread: <Thread(ThreadPoolExecutor-12_0, started daemon 140131495311104)>
Successfully put the object_id: ObjectID <"o64d1fd164d000d58">
putting data in the thread: <Thread(ThreadPoolExecutor-12_0, started daemon 140131495311104)>
Successfully put the object_id: ObjectID <"o64d1fd164f800d5b">
putting data in the thread: <Thread(ThreadPoolExecutor-12_0, started daemon 140131495311104)>
Successfully put the object_id: ObjectID <"o64d1fd1652000d5e">
putting data in the thread: <Thread(ThreadPoolExecutor-12_0, started daemon 140131495311104)>
Successfully put the object_id: ObjectID <"o64d1fd1654c00d61">
putting data in the thread: <Thread(ThreadPoolExecutor-12_0, started daemon 140131495311104)>
Successfully put the object_id: ObjectID <"o64d1fd1657800d64">
putting data in the thread: <Thread(ThreadPoolExecutor-12_0, started daemon 140131495311104)>
Successfully put the object_id: ObjectID <"o64d1fd165a000d67">
putting data in the thread: <Thread(ThreadPoolExecutor-12_0, started daemon 140131495311104)>
Successfully put the object_id: ObjectID <"o64d1fd165cc00d6a">
putting data in the thread: <Thread(ThreadPoolExecutor-12_0, started daemon 140131495311104)>
Successfully put the object_id: ObjectID <"o64d1fd165fc00d6d">
putting data in the thread: <Thread(ThreadPoolExecutor-12_0, started daemon 140131495311104)>
Successfully put the object_id: ObjectID <"o64d1fd1662800d70">
putting data in the thread: <Thread(ThreadPoolExecutor-12_0, started daemon 140131495311104)>
Successfully put the object_id: ObjectID <"o64d1fd1665000d73">
putting data in the thread: <Thread(ThreadPoolExecutor-12_0, started daemon 140131495311104)>
Successfully put the object_id: ObjectID <"o64d1fd1675c00d76">
putting data in the thread: <Thread(ThreadPoolExecutor-12_0, started daemon 140131495311104)>
Successfully put the object_id: ObjectID <"o64d1fd1678400d79">
putting data in the thread: <Thread(ThreadPoolExecutor-12_0, started daemon 140131495311104)>
Successfully put the object_id: ObjectID <"o64d1fd167ac00d7c">
putting data in the thread: <Thread(ThreadPoolExecutor-12_0, started daemon 140131495311104)>
Successfully put the object_id: ObjectID <"o64d1fd167d800d7f">
putting data in the thread: <Thread(ThreadPoolExecutor-12_0, started daemon 140131495311104)>
Successfully put the object_id: ObjectID <"o64d1fd167fc00d82">
putting data in the thread: <Thread(ThreadPoolExecutor-12_0, started daemon 140131495311104)>
Successfully put the object_id: ObjectID <"o64d1fd1682400d85">
putting data in the thread: <Thread(ThreadPoolExecutor-12_0, started daemon 140131495311104)>
Successfully put the object_id: ObjectID <"o64d1fd1684800d88">
putting data in the thread: <Thread(ThreadPoolExecutor-12_0, started daemon 140131495311104)>
Successfully put the object_id: ObjectID <"o64d1fd1687000d8b">
putting data in the thread: <Thread(ThreadPoolExecutor-12_0, started daemon 140131495311104)>
Failed to put the object Name test808 already exists in the vineyard
putting data in the thread: <Thread(ThreadPoolExecutor-12_0, started daemon 140131495311104)>
Successfully put the object_id: ObjectID <"o64d1fd1689800d8e">
putting data in the thread: <Thread(ThreadPoolExecutor-12_0, started daemon 140131495311104)>
Successfully put the object_id: ObjectID <"o64d1fd168c000d91">
putting data in the thread: <Thread(ThreadPoolExecutor-12_0, started daemon 140131495311104)>
Failed to put the object Name test5757 already exists in the vineyard
putting data in the thread: <Thread(ThreadPoolExecutor-12_0, started daemon 140131495311104)>
Failed to put the object Name test8471 already exists in the vineyard
putting data in the thread: <Thread(ThreadPoolExecutor-12_0, started daemon 140131495311104)>
Successfully put the object_id: ObjectID <"o64d1fd168ec00d94">
putting data in the thread: <Thread(ThreadPoolExecutor-12_0, started daemon 140131495311104)>
Successfully put the object_id: ObjectID <"o64d1fd1691000d97">
putting data in the thread: <Thread(ThreadPoolExecutor-12_0, started daemon 140131495311104)>
Failed to put the object Name test7223 already exists in the vineyard
putting data in the thread: <Thread(ThreadPoolExecutor-12_0, started daemon 140131495311104)>
Successfully put the object_id: ObjectID <"o64d1fd1693800d9a">
putting data in the thread: <Thread(ThreadPoolExecutor-12_0, started daemon 140131495311104)>
Successfully put the object_id: ObjectID <"o64d1fd1696400d9d">
putting data in the thread: <Thread(ThreadPoolExecutor-12_0, started daemon 140131495311104)>
Successfully put the object_id: ObjectID <"o64d1fd1699000da0">
putting data in the thread: <Thread(ThreadPoolExecutor-12_0, started daemon 140131495311104)>
Successfully put the object_id: ObjectID <"o64d1fd169b800da3">
putting data in the thread: <Thread(ThreadPoolExecutor-12_0, started daemon 140131495311104)>
Successfully put the object_id: ObjectID <"o64d1fd169e400da6">
putting data in the thread: <Thread(ThreadPoolExecutor-12_0, started daemon 140131495311104)>
Successfully put the object_id: ObjectID <"o64d1fd16a0800da9">
putting data in the thread: <Thread(ThreadPoolExecutor-12_0, started daemon 140131495311104)>
Successfully put the object_id: ObjectID <"o64d1fd16a3400dac">
putting data in the thread: <Thread(ThreadPoolExecutor-12_0, started daemon 140131495311104)>
Successfully put the object_id: ObjectID <"o64d1fd16a5c00daf">
putting data in the thread: <Thread(ThreadPoolExecutor-12_0, started daemon 140131495311104)>
Failed to put the object Name test774 already exists in the vineyard
putting data in the thread: <Thread(ThreadPoolExecutor-12_0, started daemon 140131495311104)>
Successfully put the object_id: ObjectID <"o64d1fd16a8800db2">
putting data in the thread: <Thread(ThreadPoolExecutor-12_0, started daemon 140131495311104)>
Failed to put the object Name test3480 already exists in the vineyard
putting data in the thread: <Thread(ThreadPoolExecutor-12_0, started daemon 140131495311104)>
Successfully put the object_id: ObjectID <"o64d1fd16ab400db5">
putting data in the thread: <Thread(ThreadPoolExecutor-12_0, started daemon 140131495311104)>
Successfully put the object_id: ObjectID <"o64d1fd16ae400db8">
putting data in the thread: <Thread(ThreadPoolExecutor-12_0, started daemon 140131495311104)>
Successfully put the object_id: ObjectID <"o64d1fd16b0c00dbb">
putting data in the thread: <Thread(ThreadPoolExecutor-12_0, started daemon 140131495311104)>
Successfully put the object_id: ObjectID <"o64d1fd16b3400dbe">
putting data in the thread: <Thread(ThreadPoolExecutor-12_0, started daemon 140131495311104)>
Successfully put the object_id: ObjectID <"o64d1fd16b5800dc1">
putting data in the thread: <Thread(ThreadPoolExecutor-12_0, started daemon 140131495311104)>
Successfully put the object_id: ObjectID <"o64d1fd16b8400dc4">
putting data in the thread: <Thread(ThreadPoolExecutor-12_0, started daemon 140131495311104)>
Successfully put the object_id: ObjectID <"o64d1fd16c8400dc7">
putting data in the thread: <Thread(ThreadPoolExecutor-12_0, started daemon 140131495311104)>
Successfully put the object_id: ObjectID <"o64d1fd16cb000dca">
putting data in the thread: <Thread(ThreadPoolExecutor-12_0, started daemon 140131495311104)>
Successfully put the object_id: ObjectID <"o64d1fd16cd400dcd">
putting data in the thread: <Thread(ThreadPoolExecutor-12_0, started daemon 140131495311104)>
Failed to put the object Name test9458 already exists in the vineyard
putting data in the thread: <Thread(ThreadPoolExecutor-12_0, started daemon 140131495311104)>
Failed to put the object Name test9779 already exists in the vineyard
putting data in the thread: <Thread(ThreadPoolExecutor-12_0, started daemon 140131495311104)>
Successfully put the object_id: ObjectID <"o64d1fd16d0000dd0">
putting data in the thread: <Thread(ThreadPoolExecutor-12_0, started daemon 140131495311104)>
Successfully put the object_id: ObjectID <"o64d1fd16d2c00dd3">
putting data in the thread: <Thread(ThreadPoolExecutor-12_0, started daemon 140131495311104)>
Successfully put the object_id: ObjectID <"o64d1fd16d5800dd6">
putting data in the thread: <Thread(ThreadPoolExecutor-12_0, started daemon 140131495311104)>
Successfully put the object_id: ObjectID <"o64d1fd16d8400dd9">
putting data in the thread: <Thread(ThreadPoolExecutor-12_0, started daemon 140131495311104)>
Successfully put the object_id: ObjectID <"o64d1fd16dac00ddc">
putting data in the thread: <Thread(ThreadPoolExecutor-12_0, started daemon 140131495311104)>
Successfully put the object_id: ObjectID <"o64d1fd16dd800ddf">
putting data in the thread: <Thread(ThreadPoolExecutor-12_0, started daemon 140131495311104)>
Successfully put the object_id: ObjectID <"o64d1fd16dfc00de2">
putting data in the thread: <Thread(ThreadPoolExecutor-12_0, started daemon 140131495311104)>
Successfully put the object_id: ObjectID <"o64d1fd16e2400de5">
putting data in the thread: <Thread(ThreadPoolExecutor-12_0, started daemon 140131495311104)>
Failed to put the object Name test9805 already exists in the vineyard
putting data in the thread: <Thread(ThreadPoolExecutor-12_0, started daemon 140131495311104)>
Successfully put the object_id: ObjectID <"o64d1fd16e5000de8">
putting data in the thread: <Thread(ThreadPoolExecutor-12_0, started daemon 140131495311104)>
Failed to put the object Name test2508 already exists in the vineyard
putting data in the thread: <Thread(ThreadPoolExecutor-12_0, started daemon 140131495311104)>
Successfully put the object_id: ObjectID <"o64d1fd16e7800deb">
putting data in the thread: <Thread(ThreadPoolExecutor-12_0, started daemon 140131495311104)>
Successfully put the object_id: ObjectID <"o64d1fd16ea000dee">
putting data in the thread: <Thread(ThreadPoolExecutor-12_0, started daemon 140131495311104)>
Successfully put the object_id: ObjectID <"o64d1fd16ed800df1">
putting data in the thread: <Thread(ThreadPoolExecutor-12_0, started daemon 140131495311104)>
Successfully put the object_id: ObjectID <"o64d1fd16f0400df4">
putting data in the thread: <Thread(ThreadPoolExecutor-12_0, started daemon 140131495311104)>
Successfully put the object_id: ObjectID <"o64d1fd16f2c00df7">
putting data in the thread: <Thread(ThreadPoolExecutor-12_0, started daemon 140131495311104)>
Failed to put the object Name test8955 already exists in the vineyard
putting data in the thread: <Thread(ThreadPoolExecutor-12_0, started daemon 140131495311104)>
Successfully put the object_id: ObjectID <"o64d1fd16f5400dfa">
putting data in the thread: <Thread(ThreadPoolExecutor-12_0, started daemon 140131495311104)>
Successfully put the object_id: ObjectID <"o64d1fd16f7c00dfd">
putting data in the thread: <Thread(ThreadPoolExecutor-12_0, started daemon 140131495311104)>
Successfully put the object_id: ObjectID <"o64d1fd16fa400e00">
putting data in the thread: <Thread(ThreadPoolExecutor-12_0, started daemon 140131495311104)>
Successfully put the object_id: ObjectID <"o64d1fd16fcc00e03">
putting data in the thread: <Thread(ThreadPoolExecutor-12_0, started daemon 140131495311104)>
Successfully put the object_id: ObjectID <"o64d1fd16ff400e06">
putting data in the thread: <Thread(ThreadPoolExecutor-12_0, started daemon 140131495311104)>
Successfully put the object_id: ObjectID <"o64d1fd1701c00e09">
putting data in the thread: <Thread(ThreadPoolExecutor-12_0, started daemon 140131495311104)>
Failed to put the object Name test1780 already exists in the vineyard
putting data in the thread: <Thread(ThreadPoolExecutor-12_0, started daemon 140131495311104)>
Successfully put the object_id: ObjectID <"o64d1fd1704000e0c">
putting data in the thread: <Thread(ThreadPoolExecutor-12_0, started daemon 140131495311104)>
Successfully put the object_id: ObjectID <"o64d1fd1707400e0f">
putting data in the thread: <Thread(ThreadPoolExecutor-12_0, started daemon 140131495311104)>
Successfully put the object_id: ObjectID <"o64d1fd170a000e12">
putting data in the thread: <Thread(ThreadPoolExecutor-12_0, started daemon 140131495311104)>
Successfully put the object_id: ObjectID <"o64d1fd170cc00e15">
putting data in the thread: <Thread(ThreadPoolExecutor-12_0, started daemon 140131495311104)>
Successfully put the object_id: ObjectID <"o64d1fd171d400e18">
putting data in the thread: <Thread(ThreadPoolExecutor-12_0, started daemon 140131495311104)>
Successfully put the object_id: ObjectID <"o64d1fd1720400e1b">
putting data in the thread: <Thread(ThreadPoolExecutor-12_0, started daemon 140131495311104)>
Successfully put the object_id: ObjectID <"o64d1fd1722c00e1e">
putting data in the thread: <Thread(ThreadPoolExecutor-12_0, started daemon 140131495311104)>
Successfully put the object_id: ObjectID <"o64d1fd1725400e21">
putting data in the thread: <Thread(ThreadPoolExecutor-12_0, started daemon 140131495311104)>
Successfully put the object_id: ObjectID <"o64d1fd1727c00e24">
putting data in the thread: <Thread(ThreadPoolExecutor-12_0, started daemon 140131495311104)>
Successfully put the object_id: ObjectID <"o64d1fd172a800e27">
putting data in the thread: <Thread(ThreadPoolExecutor-12_0, started daemon 140131495311104)>
Successfully put the object_id: ObjectID <"o64d1fd172d000e2a">
putting data in the thread: <Thread(ThreadPoolExecutor-12_0, started daemon 140131495311104)>
Successfully put the object_id: ObjectID <"o64d1fd172f800e2d">
putting data in the thread: <Thread(ThreadPoolExecutor-12_0, started daemon 140131495311104)>
Successfully put the object_id: ObjectID <"o64d1fd1732000e30">
putting data in the thread: <Thread(ThreadPoolExecutor-12_0, started daemon 140131495311104)>
Successfully put the object_id: ObjectID <"o64d1fd1734800e33">
putting data in the thread: <Thread(ThreadPoolExecutor-12_0, started daemon 140131495311104)>
Successfully put the object_id: ObjectID <"o64d1fd1737000e36">
putting data in the thread: <Thread(ThreadPoolExecutor-12_0, started daemon 140131495311104)>
Successfully put the object_id: ObjectID <"o64d1fd1739c00e39">
putting data in the thread: <Thread(ThreadPoolExecutor-12_0, started daemon 140131495311104)>
Successfully put the object_id: ObjectID <"o64d1fd173c400e3c">
putting data in the thread: <Thread(ThreadPoolExecutor-12_0, started daemon 140131495311104)>
Successfully put the object_id: ObjectID <"o64d1fd173e800e3f">
putting data in the thread: <Thread(ThreadPoolExecutor-12_0, started daemon 140131495311104)>
Successfully put the object_id: ObjectID <"o64d1fd1741400e42">
putting data in the thread: <Thread(ThreadPoolExecutor-12_0, started daemon 140131495311104)>
Successfully put the object_id: ObjectID <"o64d1fd1744000e45">
putting data in the thread: <Thread(ThreadPoolExecutor-12_0, started daemon 140131495311104)>
Successfully put the object_id: ObjectID <"o64d1fd1747000e48">
putting data in the thread: <Thread(ThreadPoolExecutor-12_0, started daemon 140131495311104)>
Failed to put the object Name test5782 already exists in the vineyard
putting data in the thread: <Thread(ThreadPoolExecutor-12_0, started daemon 140131495311104)>
Successfully put the object_id: ObjectID <"o64d1fd1749800e4b">
start the gc thread
putting data in the thread: <Thread(ThreadPoolExecutor-13_0, started daemon 140131495311104)>
Successfully put the object_id: ObjectID <"o64d1fd174cc00e4e">
putting data in the thread: <Thread(ThreadPoolExecutor-13_0, started daemon 140131495311104)>
Successfully put the object_id: ObjectID <"o64d1fd174f400e51">
putting data in the thread: <Thread(ThreadPoolExecutor-13_0, started daemon 140131495311104)>
Successfully put the object_id: ObjectID <"o64d1fd1752000e54">
putting data in the thread: <Thread(ThreadPoolExecutor-13_0, started daemon 140131495311104)>
Successfully put the object_id: ObjectID <"o64d1fd1754c00e57">
putting data in the thread: <Thread(ThreadPoolExecutor-13_0, started daemon 140131495311104)>
Successfully put the object_id: ObjectID <"o64d1fd1757400e5a">
putting data in the thread: <Thread(ThreadPoolExecutor-13_0, started daemon 140131495311104)>
Failed to put the object Name test173 already exists in the vineyard
putting data in the thread: <Thread(ThreadPoolExecutor-13_0, started daemon 140131495311104)>
Successfully put the object_id: ObjectID <"o64d1fd175a400e5d">
putting data in the thread: <Thread(ThreadPoolExecutor-13_0, started daemon 140131495311104)>
Successfully put the object_id: ObjectID <"o64d1fd175cc00e60">
putting data in the thread: <Thread(ThreadPoolExecutor-13_0, started daemon 140131495311104)>
Successfully put the object_id: ObjectID <"o64d1fd175f800e63">
putting data in the thread: <Thread(ThreadPoolExecutor-13_0, started daemon 140131495311104)>
Successfully put the object_id: ObjectID <"o64d1fd1762000e66">
putting data in the thread: <Thread(ThreadPoolExecutor-13_0, started daemon 140131495311104)>
Failed to put the object Name test5281 already exists in the vineyard
putting data in the thread: <Thread(ThreadPoolExecutor-13_0, started daemon 140131495311104)>
Successfully put the object_id: ObjectID <"o64d1fd1772c00e69">
putting data in the thread: <Thread(ThreadPoolExecutor-13_0, started daemon 140131495311104)>
Failed to put the object Name test4946 already exists in the vineyard
putting data in the thread: <Thread(ThreadPoolExecutor-13_0, started daemon 140131495311104)>
Successfully put the object_id: ObjectID <"o64d1fd1775800e6c">
putting data in the thread: <Thread(ThreadPoolExecutor-13_0, started daemon 140131495311104)>
Successfully put the object_id: ObjectID <"o64d1fd1778400e6f">
putting data in the thread: <Thread(ThreadPoolExecutor-13_0, started daemon 140131495311104)>
Successfully put the object_id: ObjectID <"o64d1fd177ac00e72">
putting data in the thread: <Thread(ThreadPoolExecutor-13_0, started daemon 140131495311104)>
Successfully put the object_id: ObjectID <"o64d1fd177d000e75">
putting data in the thread: <Thread(ThreadPoolExecutor-13_0, started daemon 140131495311104)>
Successfully put the object_id: ObjectID <"o64d1fd177f800e78">
putting data in the thread: <Thread(ThreadPoolExecutor-13_0, started daemon 140131495311104)>
Successfully put the object_id: ObjectID <"o64d1fd1782400e7b">
putting data in the thread: <Thread(ThreadPoolExecutor-13_0, started daemon 140131495311104)>
Successfully put the object_id: ObjectID <"o64d1fd1785000e7e">
putting data in the thread: <Thread(ThreadPoolExecutor-13_0, started daemon 140131495311104)>
Successfully put the object_id: ObjectID <"o64d1fd1788000e81">
putting data in the thread: <Thread(ThreadPoolExecutor-13_0, started daemon 140131495311104)>
Successfully put the object_id: ObjectID <"o64d1fd178a800e84">
putting data in the thread: <Thread(ThreadPoolExecutor-13_0, started daemon 140131495311104)>
Successfully put the object_id: ObjectID <"o64d1fd178d800e87">
putting data in the thread: <Thread(ThreadPoolExecutor-13_0, started daemon 140131495311104)>
Successfully put the object_id: ObjectID <"o64d1fd1790000e8a">
putting data in the thread: <Thread(ThreadPoolExecutor-13_0, started daemon 140131495311104)>
Successfully put the object_id: ObjectID <"o64d1fd1792800e8d">
putting data in the thread: <Thread(ThreadPoolExecutor-13_0, started daemon 140131495311104)>
Successfully put the object_id: ObjectID <"o64d1fd1795000e90">
putting data in the thread: <Thread(ThreadPoolExecutor-13_0, started daemon 140131495311104)>
Successfully put the object_id: ObjectID <"o64d1fd1797c00e93">
putting data in the thread: <Thread(ThreadPoolExecutor-13_0, started daemon 140131495311104)>
Successfully put the object_id: ObjectID <"o64d1fd179ac00e96">
putting data in the thread: <Thread(ThreadPoolExecutor-13_0, started daemon 140131495311104)>
Successfully put the object_id: ObjectID <"o64d1fd179d800e99">
putting data in the thread: <Thread(ThreadPoolExecutor-13_0, started daemon 140131495311104)>
Failed to put the object Name test383 already exists in the vineyard
putting data in the thread: <Thread(ThreadPoolExecutor-13_0, started daemon 140131495311104)>
Successfully put the object_id: ObjectID <"o64d1fd17a0800e9c">
putting data in the thread: <Thread(ThreadPoolExecutor-13_0, started daemon 140131495311104)>
Successfully put the object_id: ObjectID <"o64d1fd17a3800e9f">
putting data in the thread: <Thread(ThreadPoolExecutor-13_0, started daemon 140131495311104)>
Successfully put the object_id: ObjectID <"o64d1fd17a6400ea2">
putting data in the thread: <Thread(ThreadPoolExecutor-13_0, started daemon 140131495311104)>
Successfully put the object_id: ObjectID <"o64d1fd17a9000ea5">
putting data in the thread: <Thread(ThreadPoolExecutor-13_0, started daemon 140131495311104)>
Failed to put the object Name test2122 already exists in the vineyard
putting data in the thread: <Thread(ThreadPoolExecutor-13_0, started daemon 140131495311104)>
Successfully put the object_id: ObjectID <"o64d1fd17ac000ea8">
putting data in the thread: <Thread(ThreadPoolExecutor-13_0, started daemon 140131495311104)>
Successfully put the object_id: ObjectID <"o64d1fd17aec00eab">
putting data in the thread: <Thread(ThreadPoolExecutor-13_0, started daemon 140131495311104)>
Successfully put the object_id: ObjectID <"o64d1fd17b2000eae">
putting data in the thread: <Thread(ThreadPoolExecutor-13_0, started daemon 140131495311104)>
Successfully put the object_id: ObjectID <"o64d1fd17b4c00eb1">
putting data in the thread: <Thread(ThreadPoolExecutor-13_0, started daemon 140131495311104)>
Successfully put the object_id: ObjectID <"o64d1fd17b7800eb4">
putting data in the thread: <Thread(ThreadPoolExecutor-13_0, started daemon 140131495311104)>
Successfully put the object_id: ObjectID <"o64d1fd17ba400eb7">
putting data in the thread: <Thread(ThreadPoolExecutor-13_0, started daemon 140131495311104)>
Successfully put the object_id: ObjectID <"o64d1fd17cb800eba">
putting data in the thread: <Thread(ThreadPoolExecutor-13_0, started daemon 140131495311104)>
Successfully put the object_id: ObjectID <"o64d1fd17ce800ebd">
putting data in the thread: <Thread(ThreadPoolExecutor-13_0, started daemon 140131495311104)>
Successfully put the object_id: ObjectID <"o64d1fd17d1800ec0">
putting data in the thread: <Thread(ThreadPoolExecutor-13_0, started daemon 140131495311104)>
Failed to put the object Name test740 already exists in the vineyard
putting data in the thread: <Thread(ThreadPoolExecutor-13_0, started daemon 140131495311104)>
Successfully put the object_id: ObjectID <"o64d1fd17d4400ec3">
putting data in the thread: <Thread(ThreadPoolExecutor-13_0, started daemon 140131495311104)>
Successfully put the object_id: ObjectID <"o64d1fd17d7400ec6">
putting data in the thread: <Thread(ThreadPoolExecutor-13_0, started daemon 140131495311104)>
Successfully put the object_id: ObjectID <"o64d1fd17d9c00ec9">
putting data in the thread: <Thread(ThreadPoolExecutor-13_0, started daemon 140131495311104)>
Successfully put the object_id: ObjectID <"o64d1fd17dc800ecc">
putting data in the thread: <Thread(ThreadPoolExecutor-13_0, started daemon 140131495311104)>
Successfully put the object_id: ObjectID <"o64d1fd17df000ecf">
putting data in the thread: <Thread(ThreadPoolExecutor-13_0, started daemon 140131495311104)>
Successfully put the object_id: ObjectID <"o64d1fd17e1c00ed2">
putting data in the thread: <Thread(ThreadPoolExecutor-13_0, started daemon 140131495311104)>
Successfully put the object_id: ObjectID <"o64d1fd17e4800ed5">
putting data in the thread: <Thread(ThreadPoolExecutor-13_0, started daemon 140131495311104)>
Successfully put the object_id: ObjectID <"o64d1fd17e7c00ed8">
putting data in the thread: <Thread(ThreadPoolExecutor-13_0, started daemon 140131495311104)>
Successfully put the object_id: ObjectID <"o64d1fd17ea800edb">
putting data in the thread: <Thread(ThreadPoolExecutor-13_0, started daemon 140131495311104)>
Successfully put the object_id: ObjectID <"o64d1fd17ed800ede">
putting data in the thread: <Thread(ThreadPoolExecutor-13_0, started daemon 140131495311104)>
Successfully put the object_id: ObjectID <"o64d1fd17f1800ee1">
putting data in the thread: <Thread(ThreadPoolExecutor-13_0, started daemon 140131495311104)>
Successfully put the object_id: ObjectID <"o64d1fd17f4800ee4">
putting data in the thread: <Thread(ThreadPoolExecutor-13_0, started daemon 140131495311104)>
Successfully put the object_id: ObjectID <"o64d1fd17f8000ee7">
putting data in the thread: <Thread(ThreadPoolExecutor-13_0, started daemon 140131495311104)>
Successfully put the object_id: ObjectID <"o64d1fd17fc400eea">
putting data in the thread: <Thread(ThreadPoolExecutor-13_0, started daemon 140131495311104)>
Successfully put the object_id: ObjectID <"o64d1fd17ff800eed">
putting data in the thread: <Thread(ThreadPoolExecutor-13_0, started daemon 140131495311104)>
Successfully put the object_id: ObjectID <"o64d1fd1803000ef0">
putting data in the thread: <Thread(ThreadPoolExecutor-13_0, started daemon 140131495311104)>
Successfully put the object_id: ObjectID <"o64d1fd1806800ef3">
putting data in the thread: <Thread(ThreadPoolExecutor-13_0, started daemon 140131495311104)>
Successfully put the object_id: ObjectID <"o64d1fd180a000ef6">
putting data in the thread: <Thread(ThreadPoolExecutor-13_0, started daemon 140131495311104)>
Successfully put the object_id: ObjectID <"o64d1fd180cc00ef9">
putting data in the thread: <Thread(ThreadPoolExecutor-13_0, started daemon 140131495311104)>
Successfully put the object_id: ObjectID <"o64d1fd180fc00efc">
putting data in the thread: <Thread(ThreadPoolExecutor-13_0, started daemon 140131495311104)>
Successfully put the object_id: ObjectID <"o64d1fd1812c00eff">
putting data in the thread: <Thread(ThreadPoolExecutor-13_0, started daemon 140131495311104)>
Successfully put the object_id: ObjectID <"o64d1fd1815800f02">
putting data in the thread: <Thread(ThreadPoolExecutor-13_0, started daemon 140131495311104)>
Successfully put the object_id: ObjectID <"o64d1fd1819000f05">
putting data in the thread: <Thread(ThreadPoolExecutor-13_0, started daemon 140131495311104)>
Successfully put the object_id: ObjectID <"o64d1fd181cc00f08">
putting data in the thread: <Thread(ThreadPoolExecutor-13_0, started daemon 140131495311104)>
Failed to put the object Name test8596 already exists in the vineyard
putting data in the thread: <Thread(ThreadPoolExecutor-13_0, started daemon 140131495311104)>
Successfully put the object_id: ObjectID <"o64d1fd182ec00f0b">
putting data in the thread: <Thread(ThreadPoolExecutor-13_0, started daemon 140131495311104)>
Failed to put the object Name test6743 already exists in the vineyard
putting data in the thread: <Thread(ThreadPoolExecutor-13_0, started daemon 140131495311104)>
Successfully put the object_id: ObjectID <"o64d1fd1831c00f0e">
putting data in the thread: <Thread(ThreadPoolExecutor-13_0, started daemon 140131495311104)>
Successfully put the object_id: ObjectID <"o64d1fd1834c00f11">
putting data in the thread: <Thread(ThreadPoolExecutor-13_0, started daemon 140131495311104)>
Successfully put the object_id: ObjectID <"o64d1fd1838000f14">
putting data in the thread: <Thread(ThreadPoolExecutor-13_0, started daemon 140131495311104)>
Successfully put the object_id: ObjectID <"o64d1fd183ac00f17">
putting data in the thread: <Thread(ThreadPoolExecutor-13_0, started daemon 140131495311104)>
Successfully put the object_id: ObjectID <"o64d1fd183d800f1a">
putting data in the thread: <Thread(ThreadPoolExecutor-13_0, started daemon 140131495311104)>
Successfully put the object_id: ObjectID <"o64d1fd1840400f1d">
putting data in the thread: <Thread(ThreadPoolExecutor-13_0, started daemon 140131495311104)>
Successfully put the object_id: ObjectID <"o64d1fd1843000f20">
putting data in the thread: <Thread(ThreadPoolExecutor-13_0, started daemon 140131495311104)>
Successfully put the object_id: ObjectID <"o64d1fd184c800f23">
putting data in the thread: <Thread(ThreadPoolExecutor-13_0, started daemon 140131495311104)>
Successfully put the object_id: ObjectID <"o64d1fd184fc00f26">
putting data in the thread: <Thread(ThreadPoolExecutor-13_0, started daemon 140131495311104)>
Successfully put the object_id: ObjectID <"o64d1fd1853400f29">
putting data in the thread: <Thread(ThreadPoolExecutor-13_0, started daemon 140131495311104)>
Successfully put the object_id: ObjectID <"o64d1fd1856400f2c">
putting data in the thread: <Thread(ThreadPoolExecutor-13_0, started daemon 140131495311104)>
Successfully put the object_id: ObjectID <"o64d1fd1859000f2f">
putting data in the thread: <Thread(ThreadPoolExecutor-13_0, started daemon 140131495311104)>
Successfully put the object_id: ObjectID <"o64d1fd185bc00f32">
putting data in the thread: <Thread(ThreadPoolExecutor-13_0, started daemon 140131495311104)>
Successfully put the object_id: ObjectID <"o64d1fd185ec00f35">
putting data in the thread: <Thread(ThreadPoolExecutor-13_0, started daemon 140131495311104)>
Successfully put the object_id: ObjectID <"o64d1fd1861800f38">
putting data in the thread: <Thread(ThreadPoolExecutor-13_0, started daemon 140131495311104)>
Successfully put the object_id: ObjectID <"o64d1fd1864800f3b">
putting data in the thread: <Thread(ThreadPoolExecutor-13_0, started daemon 140131495311104)>
Successfully put the object_id: ObjectID <"o64d1fd1867400f3e">
putting data in the thread: <Thread(ThreadPoolExecutor-13_0, started daemon 140131495311104)>
Failed to put the object Name test1650 already exists in the vineyard
putting data in the thread: <Thread(ThreadPoolExecutor-13_0, started daemon 140131495311104)>
Successfully put the object_id: ObjectID <"o64d1fd1869c00f41">
putting data in the thread: <Thread(ThreadPoolExecutor-13_0, started daemon 140131495311104)>
Successfully put the object_id: ObjectID <"o64d1fd186c800f44">
putting data in the thread: <Thread(ThreadPoolExecutor-13_0, started daemon 140131495311104)>
Failed to put the object Name test2740 already exists in the vineyard
putting data in the thread: <Thread(ThreadPoolExecutor-13_0, started daemon 140131495311104)>
Successfully put the object_id: ObjectID <"o64d1fd186f000f47">
putting data in the thread: <Thread(ThreadPoolExecutor-13_0, started daemon 140131495311104)>
Successfully put the object_id: ObjectID <"o64d1fd1872000f4a">
putting data in the thread: <Thread(ThreadPoolExecutor-13_0, started daemon 140131495311104)>
Successfully put the object_id: ObjectID <"o64d1fd1874c00f4d">
putting data in the thread: <Thread(ThreadPoolExecutor-13_0, started daemon 140131495311104)>
Successfully put the object_id: ObjectID <"o64d1fd1877c00f50">
putting data in the thread: <Thread(ThreadPoolExecutor-13_0, started daemon 140131495311104)>
Successfully put the object_id: ObjectID <"o64d1fd187a800f53">
putting data in the thread: <Thread(ThreadPoolExecutor-13_0, started daemon 140131495311104)>
Successfully put the object_id: ObjectID <"o64d1fd187d800f56">
putting data in the thread: <Thread(ThreadPoolExecutor-13_0, started daemon 140131495311104)>
Failed to put the object Name test9961 already exists in the vineyard
start the gc thread
putting data in the thread: <Thread(ThreadPoolExecutor-14_0, started daemon 140131495311104)>
Successfully put the object_id: ObjectID <"o64d1fd1880800f59">
putting data in the thread: <Thread(ThreadPoolExecutor-14_0, started daemon 140131495311104)>
Successfully put the object_id: ObjectID <"o64d1fd1890800f5c">
putting data in the thread: <Thread(ThreadPoolExecutor-14_0, started daemon 140131495311104)>
Successfully put the object_id: ObjectID <"o64d1fd1893800f5f">
putting data in the thread: <Thread(ThreadPoolExecutor-14_0, started daemon 140131495311104)>
Successfully put the object_id: ObjectID <"o64d1fd1896000f62">
putting data in the thread: <Thread(ThreadPoolExecutor-14_0, started daemon 140131495311104)>
Successfully put the object_id: ObjectID <"o64d1fd1898800f65">
putting data in the thread: <Thread(ThreadPoolExecutor-14_0, started daemon 140131495311104)>
Failed to put the object Name test3890 already exists in the vineyard
putting data in the thread: <Thread(ThreadPoolExecutor-14_0, started daemon 140131495311104)>
Successfully put the object_id: ObjectID <"o64d1fd189b800f68">
putting data in the thread: <Thread(ThreadPoolExecutor-14_0, started daemon 140131495311104)>
Successfully put the object_id: ObjectID <"o64d1fd189e800f6b">
putting data in the thread: <Thread(ThreadPoolExecutor-14_0, started daemon 140131495311104)>
Successfully put the object_id: ObjectID <"o64d1fd18a1800f6e">
putting data in the thread: <Thread(ThreadPoolExecutor-14_0, started daemon 140131495311104)>
Successfully put the object_id: ObjectID <"o64d1fd18a4000f71">
putting data in the thread: <Thread(ThreadPoolExecutor-14_0, started daemon 140131495311104)>
Successfully put the object_id: ObjectID <"o64d1fd18a6800f74">
putting data in the thread: <Thread(ThreadPoolExecutor-14_0, started daemon 140131495311104)>
Successfully put the object_id: ObjectID <"o64d1fd18a9000f77">
putting data in the thread: <Thread(ThreadPoolExecutor-14_0, started daemon 140131495311104)>
Failed to put the object Name test1561 already exists in the vineyard
putting data in the thread: <Thread(ThreadPoolExecutor-14_0, started daemon 140131495311104)>
Successfully put the object_id: ObjectID <"o64d1fd18ac000f7a">
putting data in the thread: <Thread(ThreadPoolExecutor-14_0, started daemon 140131495311104)>
Successfully put the object_id: ObjectID <"o64d1fd18af400f7d">
putting data in the thread: <Thread(ThreadPoolExecutor-14_0, started daemon 140131495311104)>
Successfully put the object_id: ObjectID <"o64d1fd18b2400f80">
putting data in the thread: <Thread(ThreadPoolExecutor-14_0, started daemon 140131495311104)>
Successfully put the object_id: ObjectID <"o64d1fd18b5000f83">
putting data in the thread: <Thread(ThreadPoolExecutor-14_0, started daemon 140131495311104)>
Successfully put the object_id: ObjectID <"o64d1fd18b8400f86">
putting data in the thread: <Thread(ThreadPoolExecutor-14_0, started daemon 140131495311104)>
Successfully put the object_id: ObjectID <"o64d1fd18bb800f89">
putting data in the thread: <Thread(ThreadPoolExecutor-14_0, started daemon 140131495311104)>
Failed to put the object Name test6771 already exists in the vineyard
putting data in the thread: <Thread(ThreadPoolExecutor-14_0, started daemon 140131495311104)>
Successfully put the object_id: ObjectID <"o64d1fd18be800f8c">
putting data in the thread: <Thread(ThreadPoolExecutor-14_0, started daemon 140131495311104)>
Failed to put the object Name test356 already exists in the vineyard
putting data in the thread: <Thread(ThreadPoolExecutor-14_0, started daemon 140131495311104)>
Successfully put the object_id: ObjectID <"o64d1fd18c1800f8f">
putting data in the thread: <Thread(ThreadPoolExecutor-14_0, started daemon 140131495311104)>
Successfully put the object_id: ObjectID <"o64d1fd18c4c00f92">
putting data in the thread: <Thread(ThreadPoolExecutor-14_0, started daemon 140131495311104)>
Successfully put the object_id: ObjectID <"o64d1fd18c7400f95">
putting data in the thread: <Thread(ThreadPoolExecutor-14_0, started daemon 140131495311104)>
Failed to put the object Name test2319 already exists in the vineyard
putting data in the thread: <Thread(ThreadPoolExecutor-14_0, started daemon 140131495311104)>
Successfully put the object_id: ObjectID <"o64d1fd18ca400f98">
putting data in the thread: <Thread(ThreadPoolExecutor-14_0, started daemon 140131495311104)>
Successfully put the object_id: ObjectID <"o64d1fd18ccc00f9b">
putting data in the thread: <Thread(ThreadPoolExecutor-14_0, started daemon 140131495311104)>
Successfully put the object_id: ObjectID <"o64d1fd18cf800f9e">
putting data in the thread: <Thread(ThreadPoolExecutor-14_0, started daemon 140131495311104)>
Successfully put the object_id: ObjectID <"o64d1fd18d2000fa1">
putting data in the thread: <Thread(ThreadPoolExecutor-14_0, started daemon 140131495311104)>
Successfully put the object_id: ObjectID <"o64d1fd18d4800fa4">
putting data in the thread: <Thread(ThreadPoolExecutor-14_0, started daemon 140131495311104)>
Successfully put the object_id: ObjectID <"o64d1fd18d7000fa7">
putting data in the thread: <Thread(ThreadPoolExecutor-14_0, started daemon 140131495311104)>
Successfully put the object_id: ObjectID <"o64d1fd18da000faa">
putting data in the thread: <Thread(ThreadPoolExecutor-14_0, started daemon 140131495311104)>
Successfully put the object_id: ObjectID <"o64d1fd18eac00fad">
putting data in the thread: <Thread(ThreadPoolExecutor-14_0, started daemon 140131495311104)>
Successfully put the object_id: ObjectID <"o64d1fd18ed800fb0">
putting data in the thread: <Thread(ThreadPoolExecutor-14_0, started daemon 140131495311104)>
Successfully put the object_id: ObjectID <"o64d1fd18f0400fb3">
putting data in the thread: <Thread(ThreadPoolExecutor-14_0, started daemon 140131495311104)>
Successfully put the object_id: ObjectID <"o64d1fd18f2c00fb6">
putting data in the thread: <Thread(ThreadPoolExecutor-14_0, started daemon 140131495311104)>
Successfully put the object_id: ObjectID <"o64d1fd18f5400fb9">
putting data in the thread: <Thread(ThreadPoolExecutor-14_0, started daemon 140131495311104)>
Successfully put the object_id: ObjectID <"o64d1fd18f8000fbc">
putting data in the thread: <Thread(ThreadPoolExecutor-14_0, started daemon 140131495311104)>
Successfully put the object_id: ObjectID <"o64d1fd18fac00fbf">
putting data in the thread: <Thread(ThreadPoolExecutor-14_0, started daemon 140131495311104)>
Successfully put the object_id: ObjectID <"o64d1fd18fd800fc2">
putting data in the thread: <Thread(ThreadPoolExecutor-14_0, started daemon 140131495311104)>
Successfully put the object_id: ObjectID <"o64d1fd1900400fc5">
putting data in the thread: <Thread(ThreadPoolExecutor-14_0, started daemon 140131495311104)>
Successfully put the object_id: ObjectID <"o64d1fd1903800fc8">
putting data in the thread: <Thread(ThreadPoolExecutor-14_0, started daemon 140131495311104)>
Successfully put the object_id: ObjectID <"o64d1fd1905c00fcb">
putting data in the thread: <Thread(ThreadPoolExecutor-14_0, started daemon 140131495311104)>
Successfully put the object_id: ObjectID <"o64d1fd1908800fce">
putting data in the thread: <Thread(ThreadPoolExecutor-14_0, started daemon 140131495311104)>
Successfully put the object_id: ObjectID <"o64d1fd190b000fd1">
putting data in the thread: <Thread(ThreadPoolExecutor-14_0, started daemon 140131495311104)>
Successfully put the object_id: ObjectID <"o64d1fd190d800fd4">
putting data in the thread: <Thread(ThreadPoolExecutor-14_0, started daemon 140131495311104)>
Successfully put the object_id: ObjectID <"o64d1fd1910000fd7">
putting data in the thread: <Thread(ThreadPoolExecutor-14_0, started daemon 140131495311104)>
Successfully put the object_id: ObjectID <"o64d1fd1912800fda">
putting data in the thread: <Thread(ThreadPoolExecutor-14_0, started daemon 140131495311104)>
Successfully put the object_id: ObjectID <"o64d1fd1915000fdd">
putting data in the thread: <Thread(ThreadPoolExecutor-14_0, started daemon 140131495311104)>
Failed to put the object Name test7361 already exists in the vineyard
putting data in the thread: <Thread(ThreadPoolExecutor-14_0, started daemon 140131495311104)>
Successfully put the object_id: ObjectID <"o64d1fd1917800fe0">
putting data in the thread: <Thread(ThreadPoolExecutor-14_0, started daemon 140131495311104)>
Successfully put the object_id: ObjectID <"o64d1fd191a400fe3">
putting data in the thread: <Thread(ThreadPoolExecutor-14_0, started daemon 140131495311104)>
Failed to put the object Name test623 already exists in the vineyard
putting data in the thread: <Thread(ThreadPoolExecutor-14_0, started daemon 140131495311104)>
Successfully put the object_id: ObjectID <"o64d1fd191d800fe6">
putting data in the thread: <Thread(ThreadPoolExecutor-14_0, started daemon 140131495311104)>
Failed to put the object Name test9093 already exists in the vineyard
putting data in the thread: <Thread(ThreadPoolExecutor-14_0, started daemon 140131495311104)>
Failed to put the object Name test9479 already exists in the vineyard
putting data in the thread: <Thread(ThreadPoolExecutor-14_0, started daemon 140131495311104)>
Successfully put the object_id: ObjectID <"o64d1fd1920800fe9">
putting data in the thread: <Thread(ThreadPoolExecutor-14_0, started daemon 140131495311104)>
Successfully put the object_id: ObjectID <"o64d1fd1923800fec">
putting data in the thread: <Thread(ThreadPoolExecutor-14_0, started daemon 140131495311104)>
Successfully put the object_id: ObjectID <"o64d1fd1926000fef">
putting data in the thread: <Thread(ThreadPoolExecutor-14_0, started daemon 140131495311104)>
Successfully put the object_id: ObjectID <"o64d1fd1929000ff2">
putting data in the thread: <Thread(ThreadPoolExecutor-14_0, started daemon 140131495311104)>
Successfully put the object_id: ObjectID <"o64d1fd192b800ff5">
putting data in the thread: <Thread(ThreadPoolExecutor-14_0, started daemon 140131495311104)>
Failed to put the object Name test6057 already exists in the vineyard
putting data in the thread: <Thread(ThreadPoolExecutor-14_0, started daemon 140131495311104)>
Successfully put the object_id: ObjectID <"o64d1fd192ec00ff8">
putting data in the thread: <Thread(ThreadPoolExecutor-14_0, started daemon 140131495311104)>
Successfully put the object_id: ObjectID <"o64d1fd1931800ffb">
putting data in the thread: <Thread(ThreadPoolExecutor-14_0, started daemon 140131495311104)>
Successfully put the object_id: ObjectID <"o64d1fd1941800ffe">
putting data in the thread: <Thread(ThreadPoolExecutor-14_0, started daemon 140131495311104)>
Successfully put the object_id: ObjectID <"o64d1fd1944800001">
putting data in the thread: <Thread(ThreadPoolExecutor-14_0, started daemon 140131495311104)>
Successfully put the object_id: ObjectID <"o64d1fd1947400004">
putting data in the thread: <Thread(ThreadPoolExecutor-14_0, started daemon 140131495311104)>
Successfully put the object_id: ObjectID <"o64d1fd194a000007">
putting data in the thread: <Thread(ThreadPoolExecutor-14_0, started daemon 140131495311104)>
Successfully put the object_id: ObjectID <"o64d1fd194c80000a">
putting data in the thread: <Thread(ThreadPoolExecutor-14_0, started daemon 140131495311104)>
Successfully put the object_id: ObjectID <"o64d1fd194f00000d">
putting data in the thread: <Thread(ThreadPoolExecutor-14_0, started daemon 140131495311104)>
Failed to put the object Name test8114 already exists in the vineyard
putting data in the thread: <Thread(ThreadPoolExecutor-14_0, started daemon 140131495311104)>
Successfully put the object_id: ObjectID <"o64d1fd1951800010">
putting data in the thread: <Thread(ThreadPoolExecutor-14_0, started daemon 140131495311104)>
Successfully put the object_id: ObjectID <"o64d1fd1954000013">
putting data in the thread: <Thread(ThreadPoolExecutor-14_0, started daemon 140131495311104)>
Failed to put the object Name test1643 already exists in the vineyard
putting data in the thread: <Thread(ThreadPoolExecutor-14_0, started daemon 140131495311104)>
Successfully put the object_id: ObjectID <"o64d1fd1956800016">
putting data in the thread: <Thread(ThreadPoolExecutor-14_0, started daemon 140131495311104)>
Successfully put the object_id: ObjectID <"o64d1fd1959000019">
putting data in the thread: <Thread(ThreadPoolExecutor-14_0, started daemon 140131495311104)>
Successfully put the object_id: ObjectID <"o64d1fd195b80001c">
putting data in the thread: <Thread(ThreadPoolExecutor-14_0, started daemon 140131495311104)>
Successfully put the object_id: ObjectID <"o64d1fd195e80001f">
putting data in the thread: <Thread(ThreadPoolExecutor-14_0, started daemon 140131495311104)>
Successfully put the object_id: ObjectID <"o64d1fd1961800022">
putting data in the thread: <Thread(ThreadPoolExecutor-14_0, started daemon 140131495311104)>
Failed to put the object Name test7016 already exists in the vineyard
putting data in the thread: <Thread(ThreadPoolExecutor-14_0, started daemon 140131495311104)>
Successfully put the object_id: ObjectID <"o64d1fd1964400025">
putting data in the thread: <Thread(ThreadPoolExecutor-14_0, started daemon 140131495311104)>
Successfully put the object_id: ObjectID <"o64d1fd1966c00028">
putting data in the thread: <Thread(ThreadPoolExecutor-14_0, started daemon 140131495311104)>
Successfully put the object_id: ObjectID <"o64d1fd196980002b">
putting data in the thread: <Thread(ThreadPoolExecutor-14_0, started daemon 140131495311104)>
Successfully put the object_id: ObjectID <"o64d1fd196c00002e">
putting data in the thread: <Thread(ThreadPoolExecutor-14_0, started daemon 140131495311104)>
Successfully put the object_id: ObjectID <"o64d1fd196e800031">
putting data in the thread: <Thread(ThreadPoolExecutor-14_0, started daemon 140131495311104)>
Successfully put the object_id: ObjectID <"o64d1fd1971400034">
putting data in the thread: <Thread(ThreadPoolExecutor-14_0, started daemon 140131495311104)>
Successfully put the object_id: ObjectID <"o64d1fd1974400037">
putting data in the thread: <Thread(ThreadPoolExecutor-14_0, started daemon 140131495311104)>
Failed to put the object Name test9146 already exists in the vineyard
putting data in the thread: <Thread(ThreadPoolExecutor-14_0, started daemon 140131495311104)>
Successfully put the object_id: ObjectID <"o64d1fd1976c0003a">
putting data in the thread: <Thread(ThreadPoolExecutor-14_0, started daemon 140131495311104)>
Successfully put the object_id: ObjectID <"o64d1fd197940003d">
putting data in the thread: <Thread(ThreadPoolExecutor-14_0, started daemon 140131495311104)>
Successfully put the object_id: ObjectID <"o64d1fd197c400040">
putting data in the thread: <Thread(ThreadPoolExecutor-14_0, started daemon 140131495311104)>
Failed to put the object Name test6826 already exists in the vineyard
putting data in the thread: <Thread(ThreadPoolExecutor-14_0, started daemon 140131495311104)>
Successfully put the object_id: ObjectID <"o64d1fd197f000043">
putting data in the thread: <Thread(ThreadPoolExecutor-14_0, started daemon 140131495311104)>
Successfully put the object_id: ObjectID <"o64d1fd1981800046">
putting data in the thread: <Thread(ThreadPoolExecutor-14_0, started daemon 140131495311104)>
Failed to put the object Name test3949 already exists in the vineyard
putting data in the thread: <Thread(ThreadPoolExecutor-14_0, started daemon 140131495311104)>
Successfully put the object_id: ObjectID <"o64d1fd1984400049">
putting data in the thread: <Thread(ThreadPoolExecutor-14_0, started daemon 140131495311104)>
Failed to put the object Name test9796 already exists in the vineyard
putting data in the thread: <Thread(ThreadPoolExecutor-14_0, started daemon 140131495311104)>
Failed to put the object Name test2431 already exists in the vineyard
putting data in the thread: <Thread(ThreadPoolExecutor-14_0, started daemon 140131495311104)>
Successfully put the object_id: ObjectID <"o64d1fd198740004c">
start the gc thread
putting data in the thread: <Thread(ThreadPoolExecutor-15_0, started daemon 140131495311104)>
Successfully put the object_id: ObjectID <"o64d1fd199800004f">
putting data in the thread: <Thread(ThreadPoolExecutor-15_0, started daemon 140131495311104)>
Failed to put the object Name test6055 already exists in the vineyard
putting data in the thread: <Thread(ThreadPoolExecutor-15_0, started daemon 140131495311104)>
Successfully put the object_id: ObjectID <"o64d1fd199ac00052">
putting data in the thread: <Thread(ThreadPoolExecutor-15_0, started daemon 140131495311104)>
Successfully put the object_id: ObjectID <"o64d1fd199dc00055">
putting data in the thread: <Thread(ThreadPoolExecutor-15_0, started daemon 140131495311104)>
Failed to put the object Name test3595 already exists in the vineyard
putting data in the thread: <Thread(ThreadPoolExecutor-15_0, started daemon 140131495311104)>
Successfully put the object_id: ObjectID <"o64d1fd19a0400058">
putting data in the thread: <Thread(ThreadPoolExecutor-15_0, started daemon 140131495311104)>
Failed to put the object Name test9890 already exists in the vineyard
putting data in the thread: <Thread(ThreadPoolExecutor-15_0, started daemon 140131495311104)>
Successfully put the object_id: ObjectID <"o64d1fd19a2c0005b">
putting data in the thread: <Thread(ThreadPoolExecutor-15_0, started daemon 140131495311104)>
Failed to put the object Name test858 already exists in the vineyard
putting data in the thread: <Thread(ThreadPoolExecutor-15_0, started daemon 140131495311104)>
Successfully put the object_id: ObjectID <"o64d1fd19a580005e">
putting data in the thread: <Thread(ThreadPoolExecutor-15_0, started daemon 140131495311104)>
Successfully put the object_id: ObjectID <"o64d1fd19a8400061">
putting data in the thread: <Thread(ThreadPoolExecutor-15_0, started daemon 140131495311104)>
Successfully put the object_id: ObjectID <"o64d1fd19ab000064">
putting data in the thread: <Thread(ThreadPoolExecutor-15_0, started daemon 140131495311104)>
Successfully put the object_id: ObjectID <"o64d1fd19ad800067">
putting data in the thread: <Thread(ThreadPoolExecutor-15_0, started daemon 140131495311104)>
Successfully put the object_id: ObjectID <"o64d1fd19b000006a">
putting data in the thread: <Thread(ThreadPoolExecutor-15_0, started daemon 140131495311104)>
Successfully put the object_id: ObjectID <"o64d1fd19b280006d">
putting data in the thread: <Thread(ThreadPoolExecutor-15_0, started daemon 140131495311104)>
Successfully put the object_id: ObjectID <"o64d1fd19b5000070">
putting data in the thread: <Thread(ThreadPoolExecutor-15_0, started daemon 140131495311104)>
Successfully put the object_id: ObjectID <"o64d1fd19b7400073">
putting data in the thread: <Thread(ThreadPoolExecutor-15_0, started daemon 140131495311104)>
Successfully put the object_id: ObjectID <"o64d1fd19b9c00076">
putting data in the thread: <Thread(ThreadPoolExecutor-15_0, started daemon 140131495311104)>
Successfully put the object_id: ObjectID <"o64d1fd19bc400079">
putting data in the thread: <Thread(ThreadPoolExecutor-15_0, started daemon 140131495311104)>
Successfully put the object_id: ObjectID <"o64d1fd19bec0007c">
putting data in the thread: <Thread(ThreadPoolExecutor-15_0, started daemon 140131495311104)>
Successfully put the object_id: ObjectID <"o64d1fd19c140007f">
putting data in the thread: <Thread(ThreadPoolExecutor-15_0, started daemon 140131495311104)>
Failed to put the object Name test6494 already exists in the vineyard
putting data in the thread: <Thread(ThreadPoolExecutor-15_0, started daemon 140131495311104)>
Successfully put the object_id: ObjectID <"o64d1fd19c4000082">
putting data in the thread: <Thread(ThreadPoolExecutor-15_0, started daemon 140131495311104)>
Successfully put the object_id: ObjectID <"o64d1fd19c7000085">
putting data in the thread: <Thread(ThreadPoolExecutor-15_0, started daemon 140131495311104)>
Successfully put the object_id: ObjectID <"o64d1fd19c9c00088">
putting data in the thread: <Thread(ThreadPoolExecutor-15_0, started daemon 140131495311104)>
Successfully put the object_id: ObjectID <"o64d1fd19ccc0008b">
putting data in the thread: <Thread(ThreadPoolExecutor-15_0, started daemon 140131495311104)>
Successfully put the object_id: ObjectID <"o64d1fd19cf80008e">
putting data in the thread: <Thread(ThreadPoolExecutor-15_0, started daemon 140131495311104)>
Successfully put the object_id: ObjectID <"o64d1fd19d2000091">
putting data in the thread: <Thread(ThreadPoolExecutor-15_0, started daemon 140131495311104)>
Successfully put the object_id: ObjectID <"o64d1fd19d5000094">
putting data in the thread: <Thread(ThreadPoolExecutor-15_0, started daemon 140131495311104)>
Successfully put the object_id: ObjectID <"o64d1fd19d7c00097">
putting data in the thread: <Thread(ThreadPoolExecutor-15_0, started daemon 140131495311104)>
Failed to put the object Name test8488 already exists in the vineyard
putting data in the thread: <Thread(ThreadPoolExecutor-15_0, started daemon 140131495311104)>
Successfully put the object_id: ObjectID <"o64d1fd19da80009a">
putting data in the thread: <Thread(ThreadPoolExecutor-15_0, started daemon 140131495311104)>
Successfully put the object_id: ObjectID <"o64d1fd19dd80009d">
putting data in the thread: <Thread(ThreadPoolExecutor-15_0, started daemon 140131495311104)>
Successfully put the object_id: ObjectID <"o64d1fd19eec000a0">
putting data in the thread: <Thread(ThreadPoolExecutor-15_0, started daemon 140131495311104)>
Successfully put the object_id: ObjectID <"o64d1fd19f1c000a3">
putting data in the thread: <Thread(ThreadPoolExecutor-15_0, started daemon 140131495311104)>
Successfully put the object_id: ObjectID <"o64d1fd19f4c000a6">
putting data in the thread: <Thread(ThreadPoolExecutor-15_0, started daemon 140131495311104)>
Successfully put the object_id: ObjectID <"o64d1fd19f78000a9">
putting data in the thread: <Thread(ThreadPoolExecutor-15_0, started daemon 140131495311104)>
Successfully put the object_id: ObjectID <"o64d1fd19fa4000ac">
putting data in the thread: <Thread(ThreadPoolExecutor-15_0, started daemon 140131495311104)>
Successfully put the object_id: ObjectID <"o64d1fd19fd4000af">
putting data in the thread: <Thread(ThreadPoolExecutor-15_0, started daemon 140131495311104)>
Successfully put the object_id: ObjectID <"o64d1fd1a000000b2">
putting data in the thread: <Thread(ThreadPoolExecutor-15_0, started daemon 140131495311104)>
Successfully put the object_id: ObjectID <"o64d1fd1a02c000b5">
putting data in the thread: <Thread(ThreadPoolExecutor-15_0, started daemon 140131495311104)>
Successfully put the object_id: ObjectID <"o64d1fd1a058000b8">
putting data in the thread: <Thread(ThreadPoolExecutor-15_0, started daemon 140131495311104)>
Successfully put the object_id: ObjectID <"o64d1fd1a088000bb">
putting data in the thread: <Thread(ThreadPoolExecutor-15_0, started daemon 140131495311104)>
Successfully put the object_id: ObjectID <"o64d1fd1a0b4000be">
putting data in the thread: <Thread(ThreadPoolExecutor-15_0, started daemon 140131495311104)>
Successfully put the object_id: ObjectID <"o64d1fd1a0e4000c1">
putting data in the thread: <Thread(ThreadPoolExecutor-15_0, started daemon 140131495311104)>
Successfully put the object_id: ObjectID <"o64d1fd1a10c000c4">
putting data in the thread: <Thread(ThreadPoolExecutor-15_0, started daemon 140131495311104)>
Successfully put the object_id: ObjectID <"o64d1fd1a138000c7">
putting data in the thread: <Thread(ThreadPoolExecutor-15_0, started daemon 140131495311104)>
Successfully put the object_id: ObjectID <"o64d1fd1a164000ca">
putting data in the thread: <Thread(ThreadPoolExecutor-15_0, started daemon 140131495311104)>
Successfully put the object_id: ObjectID <"o64d1fd1a18c000cd">
putting data in the thread: <Thread(ThreadPoolExecutor-15_0, started daemon 140131495311104)>
Failed to put the object Name test2036 already exists in the vineyard
putting data in the thread: <Thread(ThreadPoolExecutor-15_0, started daemon 140131495311104)>
Successfully put the object_id: ObjectID <"o64d1fd1a1bc000d0">
putting data in the thread: <Thread(ThreadPoolExecutor-15_0, started daemon 140131495311104)>
Successfully put the object_id: ObjectID <"o64d1fd1a1e8000d3">
putting data in the thread: <Thread(ThreadPoolExecutor-15_0, started daemon 140131495311104)>
Failed to put the object Name test1933 already exists in the vineyard
putting data in the thread: <Thread(ThreadPoolExecutor-15_0, started daemon 140131495311104)>
Successfully put the object_id: ObjectID <"o64d1fd1a214000d6">
putting data in the thread: <Thread(ThreadPoolExecutor-15_0, started daemon 140131495311104)>
Failed to put the object Name test8906 already exists in the vineyard
putting data in the thread: <Thread(ThreadPoolExecutor-15_0, started daemon 140131495311104)>
Successfully put the object_id: ObjectID <"o64d1fd1a244000d9">
putting data in the thread: <Thread(ThreadPoolExecutor-15_0, started daemon 140131495311104)>
Successfully put the object_id: ObjectID <"o64d1fd1a274000dc">
putting data in the thread: <Thread(ThreadPoolExecutor-15_0, started daemon 140131495311104)>
Successfully put the object_id: ObjectID <"o64d1fd1a2a0000df">
putting data in the thread: <Thread(ThreadPoolExecutor-15_0, started daemon 140131495311104)>
Successfully put the object_id: ObjectID <"o64d1fd1a2d0000e2">
putting data in the thread: <Thread(ThreadPoolExecutor-15_0, started daemon 140131495311104)>
Successfully put the object_id: ObjectID <"o64d1fd1a300000e5">
putting data in the thread: <Thread(ThreadPoolExecutor-15_0, started daemon 140131495311104)>
Successfully put the object_id: ObjectID <"o64d1fd1a32c000e8">
putting data in the thread: <Thread(ThreadPoolExecutor-15_0, started daemon 140131495311104)>
Successfully put the object_id: ObjectID <"o64d1fd1a360000eb">
putting data in the thread: <Thread(ThreadPoolExecutor-15_0, started daemon 140131495311104)>
Failed to put the object Name test2064 already exists in the vineyard
putting data in the thread: <Thread(ThreadPoolExecutor-15_0, started daemon 140131495311104)>
Successfully put the object_id: ObjectID <"o64d1fd1a394000ee">
putting data in the thread: <Thread(ThreadPoolExecutor-15_0, started daemon 140131495311104)>
Failed to put the object Name test8345 already exists in the vineyard
putting data in the thread: <Thread(ThreadPoolExecutor-15_0, started daemon 140131495311104)>
Successfully put the object_id: ObjectID <"o64d1fd1a49c000f1">
putting data in the thread: <Thread(ThreadPoolExecutor-15_0, started daemon 140131495311104)>
Successfully put the object_id: ObjectID <"o64d1fd1a4d0000f4">
putting data in the thread: <Thread(ThreadPoolExecutor-15_0, started daemon 140131495311104)>
Successfully put the object_id: ObjectID <"o64d1fd1a4f8000f7">
putting data in the thread: <Thread(ThreadPoolExecutor-15_0, started daemon 140131495311104)>
Failed to put the object Name test5925 already exists in the vineyard
putting data in the thread: <Thread(ThreadPoolExecutor-15_0, started daemon 140131495311104)>
Successfully put the object_id: ObjectID <"o64d1fd1a528000fa">
putting data in the thread: <Thread(ThreadPoolExecutor-15_0, started daemon 140131495311104)>
Successfully put the object_id: ObjectID <"o64d1fd1a550000fd">
putting data in the thread: <Thread(ThreadPoolExecutor-15_0, started daemon 140131495311104)>
Successfully put the object_id: ObjectID <"o64d1fd1a57c00100">
putting data in the thread: <Thread(ThreadPoolExecutor-15_0, started daemon 140131495311104)>
Successfully put the object_id: ObjectID <"o64d1fd1a5a400103">
putting data in the thread: <Thread(ThreadPoolExecutor-15_0, started daemon 140131495311104)>
Failed to put the object Name test5442 already exists in the vineyard
putting data in the thread: <Thread(ThreadPoolExecutor-15_0, started daemon 140131495311104)>
Successfully put the object_id: ObjectID <"o64d1fd1a5cc00106">
putting data in the thread: <Thread(ThreadPoolExecutor-15_0, started daemon 140131495311104)>
Successfully put the object_id: ObjectID <"o64d1fd1a5f800109">
putting data in the thread: <Thread(ThreadPoolExecutor-15_0, started daemon 140131495311104)>
Successfully put the object_id: ObjectID <"o64d1fd1a6200010c">
putting data in the thread: <Thread(ThreadPoolExecutor-15_0, started daemon 140131495311104)>
Successfully put the object_id: ObjectID <"o64d1fd1a6480010f">
putting data in the thread: <Thread(ThreadPoolExecutor-15_0, started daemon 140131495311104)>
Failed to put the object Name test2114 already exists in the vineyard
putting data in the thread: <Thread(ThreadPoolExecutor-15_0, started daemon 140131495311104)>
Successfully put the object_id: ObjectID <"o64d1fd1a6cc00112">
putting data in the thread: <Thread(ThreadPoolExecutor-15_0, started daemon 140131495311104)>
Successfully put the object_id: ObjectID <"o64d1fd1a6f400115">
putting data in the thread: <Thread(ThreadPoolExecutor-15_0, started daemon 140131495311104)>
Successfully put the object_id: ObjectID <"o64d1fd1a72000118">
putting data in the thread: <Thread(ThreadPoolExecutor-15_0, started daemon 140131495311104)>
Failed to put the object Name test5318 already exists in the vineyard
putting data in the thread: <Thread(ThreadPoolExecutor-15_0, started daemon 140131495311104)>
Successfully put the object_id: ObjectID <"o64d1fd1a74c0011b">
putting data in the thread: <Thread(ThreadPoolExecutor-15_0, started daemon 140131495311104)>
Successfully put the object_id: ObjectID <"o64d1fd1a7780011e">
putting data in the thread: <Thread(ThreadPoolExecutor-15_0, started daemon 140131495311104)>
Successfully put the object_id: ObjectID <"o64d1fd1a7a400121">
putting data in the thread: <Thread(ThreadPoolExecutor-15_0, started daemon 140131495311104)>
Successfully put the object_id: ObjectID <"o64d1fd1a7d000124">
putting data in the thread: <Thread(ThreadPoolExecutor-15_0, started daemon 140131495311104)>
Successfully put the object_id: ObjectID <"o64d1fd1a7f800127">
putting data in the thread: <Thread(ThreadPoolExecutor-15_0, started daemon 140131495311104)>
Successfully put the object_id: ObjectID <"o64d1fd1a8240012a">
putting data in the thread: <Thread(ThreadPoolExecutor-15_0, started daemon 140131495311104)>
Successfully put the object_id: ObjectID <"o64d1fd1a84c0012d">
putting data in the thread: <Thread(ThreadPoolExecutor-15_0, started daemon 140131495311104)>
Successfully put the object_id: ObjectID <"o64d1fd1a87400130">
putting data in the thread: <Thread(ThreadPoolExecutor-15_0, started daemon 140131495311104)>
Successfully put the object_id: ObjectID <"o64d1fd1a89c00133">
putting data in the thread: <Thread(ThreadPoolExecutor-15_0, started daemon 140131495311104)>
Successfully put the object_id: ObjectID <"o64d1fd1a8c800136">
putting data in the thread: <Thread(ThreadPoolExecutor-15_0, started daemon 140131495311104)>
Successfully put the object_id: ObjectID <"o64d1fd1a8f000139">
putting data in the thread: <Thread(ThreadPoolExecutor-15_0, started daemon 140131495311104)>
Successfully put the object_id: ObjectID <"o64d1fd1a9280013c">
putting data in the thread: <Thread(ThreadPoolExecutor-15_0, started daemon 140131495311104)>
Successfully put the object_id: ObjectID <"o64d1fd1a9540013f">
putting data in the thread: <Thread(ThreadPoolExecutor-15_0, started daemon 140131495311104)>
Successfully put the object_id: ObjectID <"o64d1fd1aa5800142">
putting data in the thread: <Thread(ThreadPoolExecutor-15_0, started daemon 140131495311104)>
Successfully put the object_id: ObjectID <"o64d1fd1aa8400145">
putting data in the thread: <Thread(ThreadPoolExecutor-15_0, started daemon 140131495311104)>
Failed to put the object Name test9005 already exists in the vineyard
putting data in the thread: <Thread(ThreadPoolExecutor-15_0, started daemon 140131495311104)>
Successfully put the object_id: ObjectID <"o64d1fd1aab000148">
start the gc thread
putting data in the thread: <Thread(ThreadPoolExecutor-16_0, started daemon 140131495311104)>
Failed to put the object Name test2671 already exists in the vineyard
putting data in the thread: <Thread(ThreadPoolExecutor-16_0, started daemon 140131495311104)>
Successfully put the object_id: ObjectID <"o64d1fd1aadc0014b">
putting data in the thread: <Thread(ThreadPoolExecutor-16_0, started daemon 140131495311104)>
Successfully put the object_id: ObjectID <"o64d1fd1ab040014e">
putting data in the thread: <Thread(ThreadPoolExecutor-16_0, started daemon 140131495311104)>
Failed to put the object Name test8505 already exists in the vineyard
putting data in the thread: <Thread(ThreadPoolExecutor-16_0, started daemon 140131495311104)>
Successfully put the object_id: ObjectID <"o64d1fd1ab3000151">
putting data in the thread: <Thread(ThreadPoolExecutor-16_0, started daemon 140131495311104)>
Failed to put the object Name test1329 already exists in the vineyard
putting data in the thread: <Thread(ThreadPoolExecutor-16_0, started daemon 140131495311104)>
Failed to put the object Name test1772 already exists in the vineyard
putting data in the thread: <Thread(ThreadPoolExecutor-16_0, started daemon 140131495311104)>
Successfully put the object_id: ObjectID <"o64d1fd1ab5c00154">
putting data in the thread: <Thread(ThreadPoolExecutor-16_0, started daemon 140131495311104)>
Successfully put the object_id: ObjectID <"o64d1fd1ab8c00157">
putting data in the thread: <Thread(ThreadPoolExecutor-16_0, started daemon 140131495311104)>
Successfully put the object_id: ObjectID <"o64d1fd1abb80015a">
putting data in the thread: <Thread(ThreadPoolExecutor-16_0, started daemon 140131495311104)>
Successfully put the object_id: ObjectID <"o64d1fd1abe40015d">
putting data in the thread: <Thread(ThreadPoolExecutor-16_0, started daemon 140131495311104)>
Successfully put the object_id: ObjectID <"o64d1fd1ac1000160">
putting data in the thread: <Thread(ThreadPoolExecutor-16_0, started daemon 140131495311104)>
Successfully put the object_id: ObjectID <"o64d1fd1ac3c00163">
putting data in the thread: <Thread(ThreadPoolExecutor-16_0, started daemon 140131495311104)>
Successfully put the object_id: ObjectID <"o64d1fd1ac6800166">
putting data in the thread: <Thread(ThreadPoolExecutor-16_0, started daemon 140131495311104)>
Successfully put the object_id: ObjectID <"o64d1fd1ac9800169">
putting data in the thread: <Thread(ThreadPoolExecutor-16_0, started daemon 140131495311104)>
Successfully put the object_id: ObjectID <"o64d1fd1acc80016c">
putting data in the thread: <Thread(ThreadPoolExecutor-16_0, started daemon 140131495311104)>
Successfully put the object_id: ObjectID <"o64d1fd1acf80016f">
putting data in the thread: <Thread(ThreadPoolExecutor-16_0, started daemon 140131495311104)>
Successfully put the object_id: ObjectID <"o64d1fd1ad2000172">
putting data in the thread: <Thread(ThreadPoolExecutor-16_0, started daemon 140131495311104)>
Successfully put the object_id: ObjectID <"o64d1fd1ad4c00175">
putting data in the thread: <Thread(ThreadPoolExecutor-16_0, started daemon 140131495311104)>
Failed to put the object Name test7600 already exists in the vineyard
putting data in the thread: <Thread(ThreadPoolExecutor-16_0, started daemon 140131495311104)>
Successfully put the object_id: ObjectID <"o64d1fd1ad7800178">
putting data in the thread: <Thread(ThreadPoolExecutor-16_0, started daemon 140131495311104)>
Successfully put the object_id: ObjectID <"o64d1fd1adac0017b">
putting data in the thread: <Thread(ThreadPoolExecutor-16_0, started daemon 140131495311104)>
Successfully put the object_id: ObjectID <"o64d1fd1add40017e">
putting data in the thread: <Thread(ThreadPoolExecutor-16_0, started daemon 140131495311104)>
Successfully put the object_id: ObjectID <"o64d1fd1ae0000181">
putting data in the thread: <Thread(ThreadPoolExecutor-16_0, started daemon 140131495311104)>
Successfully put the object_id: ObjectID <"o64d1fd1ae2400184">
putting data in the thread: <Thread(ThreadPoolExecutor-16_0, started daemon 140131495311104)>
Successfully put the object_id: ObjectID <"o64d1fd1ae5400187">
putting data in the thread: <Thread(ThreadPoolExecutor-16_0, started daemon 140131495311104)>
Successfully put the object_id: ObjectID <"o64d1fd1ae800018a">
putting data in the thread: <Thread(ThreadPoolExecutor-16_0, started daemon 140131495311104)>
Successfully put the object_id: ObjectID <"o64d1fd1aea80018d">
putting data in the thread: <Thread(ThreadPoolExecutor-16_0, started daemon 140131495311104)>
Successfully put the object_id: ObjectID <"o64d1fd1aed800190">
putting data in the thread: <Thread(ThreadPoolExecutor-16_0, started daemon 140131495311104)>
Successfully put the object_id: ObjectID <"o64d1fd1afd800193">
putting data in the thread: <Thread(ThreadPoolExecutor-16_0, started daemon 140131495311104)>
Successfully put the object_id: ObjectID <"o64d1fd1b00800196">
putting data in the thread: <Thread(ThreadPoolExecutor-16_0, started daemon 140131495311104)>
Successfully put the object_id: ObjectID <"o64d1fd1b03400199">
putting data in the thread: <Thread(ThreadPoolExecutor-16_0, started daemon 140131495311104)>
Successfully put the object_id: ObjectID <"o64d1fd1b0640019c">
putting data in the thread: <Thread(ThreadPoolExecutor-16_0, started daemon 140131495311104)>
Successfully put the object_id: ObjectID <"o64d1fd1b0900019f">
putting data in the thread: <Thread(ThreadPoolExecutor-16_0, started daemon 140131495311104)>
Successfully put the object_id: ObjectID <"o64d1fd1b0b8001a2">
putting data in the thread: <Thread(ThreadPoolExecutor-16_0, started daemon 140131495311104)>
Successfully put the object_id: ObjectID <"o64d1fd1b0e4001a5">
putting data in the thread: <Thread(ThreadPoolExecutor-16_0, started daemon 140131495311104)>
Successfully put the object_id: ObjectID <"o64d1fd1b10c001a8">
putting data in the thread: <Thread(ThreadPoolExecutor-16_0, started daemon 140131495311104)>
Failed to put the object Name test2899 already exists in the vineyard
putting data in the thread: <Thread(ThreadPoolExecutor-16_0, started daemon 140131495311104)>
Successfully put the object_id: ObjectID <"o64d1fd1b13c001ab">
putting data in the thread: <Thread(ThreadPoolExecutor-16_0, started daemon 140131495311104)>
Successfully put the object_id: ObjectID <"o64d1fd1b164001ae">
putting data in the thread: <Thread(ThreadPoolExecutor-16_0, started daemon 140131495311104)>
Successfully put the object_id: ObjectID <"o64d1fd1b194001b1">
putting data in the thread: <Thread(ThreadPoolExecutor-16_0, started daemon 140131495311104)>
Successfully put the object_id: ObjectID <"o64d1fd1b1c0001b4">
putting data in the thread: <Thread(ThreadPoolExecutor-16_0, started daemon 140131495311104)>
Successfully put the object_id: ObjectID <"o64d1fd1b1ec001b7">
putting data in the thread: <Thread(ThreadPoolExecutor-16_0, started daemon 140131495311104)>
Successfully put the object_id: ObjectID <"o64d1fd1b218001ba">
putting data in the thread: <Thread(ThreadPoolExecutor-16_0, started daemon 140131495311104)>
Successfully put the object_id: ObjectID <"o64d1fd1b244001bd">
putting data in the thread: <Thread(ThreadPoolExecutor-16_0, started daemon 140131495311104)>
Successfully put the object_id: ObjectID <"o64d1fd1b26c001c0">
putting data in the thread: <Thread(ThreadPoolExecutor-16_0, started daemon 140131495311104)>
Failed to put the object Name test8376 already exists in the vineyard
putting data in the thread: <Thread(ThreadPoolExecutor-16_0, started daemon 140131495311104)>
Successfully put the object_id: ObjectID <"o64d1fd1b298001c3">
putting data in the thread: <Thread(ThreadPoolExecutor-16_0, started daemon 140131495311104)>
Successfully put the object_id: ObjectID <"o64d1fd1b2c4001c6">
putting data in the thread: <Thread(ThreadPoolExecutor-16_0, started daemon 140131495311104)>
Successfully put the object_id: ObjectID <"o64d1fd1b2ec001c9">
putting data in the thread: <Thread(ThreadPoolExecutor-16_0, started daemon 140131495311104)>
Successfully put the object_id: ObjectID <"o64d1fd1b314001cc">
putting data in the thread: <Thread(ThreadPoolExecutor-16_0, started daemon 140131495311104)>
Successfully put the object_id: ObjectID <"o64d1fd1b344001cf">
putting data in the thread: <Thread(ThreadPoolExecutor-16_0, started daemon 140131495311104)>
Failed to put the object Name test2132 already exists in the vineyard
putting data in the thread: <Thread(ThreadPoolExecutor-16_0, started daemon 140131495311104)>
Successfully put the object_id: ObjectID <"o64d1fd1b370001d2">
putting data in the thread: <Thread(ThreadPoolExecutor-16_0, started daemon 140131495311104)>
Successfully put the object_id: ObjectID <"o64d1fd1b3a0001d5">
putting data in the thread: <Thread(ThreadPoolExecutor-16_0, started daemon 140131495311104)>
Successfully put the object_id: ObjectID <"o64d1fd1b3cc001d8">
putting data in the thread: <Thread(ThreadPoolExecutor-16_0, started daemon 140131495311104)>
Successfully put the object_id: ObjectID <"o64d1fd1b3fc001db">
putting data in the thread: <Thread(ThreadPoolExecutor-16_0, started daemon 140131495311104)>
Successfully put the object_id: ObjectID <"o64d1fd1b42c001de">
putting data in the thread: <Thread(ThreadPoolExecutor-16_0, started daemon 140131495311104)>
Failed to put the object Name test524 already exists in the vineyard
putting data in the thread: <Thread(ThreadPoolExecutor-16_0, started daemon 140131495311104)>
Successfully put the object_id: ObjectID <"o64d1fd1b454001e1">
putting data in the thread: <Thread(ThreadPoolExecutor-16_0, started daemon 140131495311104)>
Failed to put the object Name test3314 already exists in the vineyard
putting data in the thread: <Thread(ThreadPoolExecutor-16_0, started daemon 140131495311104)>
Successfully put the object_id: ObjectID <"o64d1fd1b560001e4">
putting data in the thread: <Thread(ThreadPoolExecutor-16_0, started daemon 140131495311104)>
Successfully put the object_id: ObjectID <"o64d1fd1b590001e7">
putting data in the thread: <Thread(ThreadPoolExecutor-16_0, started daemon 140131495311104)>
Failed to put the object Name test7356 already exists in the vineyard
putting data in the thread: <Thread(ThreadPoolExecutor-16_0, started daemon 140131495311104)>
Successfully put the object_id: ObjectID <"o64d1fd1b5b8001ea">
putting data in the thread: <Thread(ThreadPoolExecutor-16_0, started daemon 140131495311104)>
Failed to put the object Name test9950 already exists in the vineyard
putting data in the thread: <Thread(ThreadPoolExecutor-16_0, started daemon 140131495311104)>
Successfully put the object_id: ObjectID <"o64d1fd1b5e4001ed">
putting data in the thread: <Thread(ThreadPoolExecutor-16_0, started daemon 140131495311104)>
Failed to put the object Name test9247 already exists in the vineyard
putting data in the thread: <Thread(ThreadPoolExecutor-16_0, started daemon 140131495311104)>
Successfully put the object_id: ObjectID <"o64d1fd1b60c001f0">
putting data in the thread: <Thread(ThreadPoolExecutor-16_0, started daemon 140131495311104)>
Successfully put the object_id: ObjectID <"o64d1fd1b634001f3">
putting data in the thread: <Thread(ThreadPoolExecutor-16_0, started daemon 140131495311104)>
Successfully put the object_id: ObjectID <"o64d1fd1b664001f6">
putting data in the thread: <Thread(ThreadPoolExecutor-16_0, started daemon 140131495311104)>
Successfully put the object_id: ObjectID <"o64d1fd1b690001f9">
putting data in the thread: <Thread(ThreadPoolExecutor-16_0, started daemon 140131495311104)>
Successfully put the object_id: ObjectID <"o64d1fd1b6b8001fc">
putting data in the thread: <Thread(ThreadPoolExecutor-16_0, started daemon 140131495311104)>
Failed to put the object Name test9896 already exists in the vineyard
putting data in the thread: <Thread(ThreadPoolExecutor-16_0, started daemon 140131495311104)>
Successfully put the object_id: ObjectID <"o64d1fd1b6e8001ff">
putting data in the thread: <Thread(ThreadPoolExecutor-16_0, started daemon 140131495311104)>
Successfully put the object_id: ObjectID <"o64d1fd1b70c00202">
putting data in the thread: <Thread(ThreadPoolExecutor-16_0, started daemon 140131495311104)>
Successfully put the object_id: ObjectID <"o64d1fd1b73400205">
putting data in the thread: <Thread(ThreadPoolExecutor-16_0, started daemon 140131495311104)>
Successfully put the object_id: ObjectID <"o64d1fd1b75c00208">
putting data in the thread: <Thread(ThreadPoolExecutor-16_0, started daemon 140131495311104)>
Successfully put the object_id: ObjectID <"o64d1fd1b7840020b">
putting data in the thread: <Thread(ThreadPoolExecutor-16_0, started daemon 140131495311104)>
Successfully put the object_id: ObjectID <"o64d1fd1b7ac0020e">
putting data in the thread: <Thread(ThreadPoolExecutor-16_0, started daemon 140131495311104)>
Successfully put the object_id: ObjectID <"o64d1fd1b7d000211">
putting data in the thread: <Thread(ThreadPoolExecutor-16_0, started daemon 140131495311104)>
Successfully put the object_id: ObjectID <"o64d1fd1b7fc00214">
putting data in the thread: <Thread(ThreadPoolExecutor-16_0, started daemon 140131495311104)>
Successfully put the object_id: ObjectID <"o64d1fd1b82400217">
putting data in the thread: <Thread(ThreadPoolExecutor-16_0, started daemon 140131495311104)>
Successfully put the object_id: ObjectID <"o64d1fd1b84c0021a">
putting data in the thread: <Thread(ThreadPoolExecutor-16_0, started daemon 140131495311104)>
Failed to put the object Name test4250 already exists in the vineyard
putting data in the thread: <Thread(ThreadPoolExecutor-16_0, started daemon 140131495311104)>
Successfully put the object_id: ObjectID <"o64d1fd1b8780021d">
putting data in the thread: <Thread(ThreadPoolExecutor-16_0, started daemon 140131495311104)>
Successfully put the object_id: ObjectID <"o64d1fd1b8a400220">
putting data in the thread: <Thread(ThreadPoolExecutor-16_0, started daemon 140131495311104)>
Successfully put the object_id: ObjectID <"o64d1fd1b8d800223">
putting data in the thread: <Thread(ThreadPoolExecutor-16_0, started daemon 140131495311104)>
Successfully put the object_id: ObjectID <"o64d1fd1b90400226">
putting data in the thread: <Thread(ThreadPoolExecutor-16_0, started daemon 140131495311104)>
Successfully put the object_id: ObjectID <"o64d1fd1b93400229">
putting data in the thread: <Thread(ThreadPoolExecutor-16_0, started daemon 140131495311104)>
Successfully put the object_id: ObjectID <"o64d1fd1b9600022c">
putting data in the thread: <Thread(ThreadPoolExecutor-16_0, started daemon 140131495311104)>
Successfully put the object_id: ObjectID <"o64d1fd1b98c0022f">
putting data in the thread: <Thread(ThreadPoolExecutor-16_0, started daemon 140131495311104)>
Successfully put the object_id: ObjectID <"o64d1fd1b9bc00232">
putting data in the thread: <Thread(ThreadPoolExecutor-16_0, started daemon 140131495311104)>
Successfully put the object_id: ObjectID <"o64d1fd1bac000235">
putting data in the thread: <Thread(ThreadPoolExecutor-16_0, started daemon 140131495311104)>
Successfully put the object_id: ObjectID <"o64d1fd1baf000238">
putting data in the thread: <Thread(ThreadPoolExecutor-16_0, started daemon 140131495311104)>
Successfully put the object_id: ObjectID <"o64d1fd1bb180023b">
putting data in the thread: <Thread(ThreadPoolExecutor-16_0, started daemon 140131495311104)>
Successfully put the object_id: ObjectID <"o64d1fd1bb480023e">
putting data in the thread: <Thread(ThreadPoolExecutor-16_0, started daemon 140131495311104)>
Successfully put the object_id: ObjectID <"o64d1fd1bb7400241">
putting data in the thread: <Thread(ThreadPoolExecutor-16_0, started daemon 140131495311104)>
Failed to put the object Name test5985 already exists in the vineyard
putting data in the thread: <Thread(ThreadPoolExecutor-16_0, started daemon 140131495311104)>
Successfully put the object_id: ObjectID <"o64d1fd1bba400244">
start the gc thread
putting data in the thread: <Thread(ThreadPoolExecutor-17_0, started daemon 140131495311104)>
Successfully put the object_id: ObjectID <"o64d1fd1bbd400247">
putting data in the thread: <Thread(ThreadPoolExecutor-17_0, started daemon 140131495311104)>
Failed to put the object Name test6211 already exists in the vineyard
putting data in the thread: <Thread(ThreadPoolExecutor-17_0, started daemon 140131495311104)>
Successfully put the object_id: ObjectID <"o64d1fd1bbfc0024a">
putting data in the thread: <Thread(ThreadPoolExecutor-17_0, started daemon 140131495311104)>
Successfully put the object_id: ObjectID <"o64d1fd1bc2c0024d">
putting data in the thread: <Thread(ThreadPoolExecutor-17_0, started daemon 140131495311104)>
Failed to put the object Name test6737 already exists in the vineyard
putting data in the thread: <Thread(ThreadPoolExecutor-17_0, started daemon 140131495311104)>
Successfully put the object_id: ObjectID <"o64d1fd1bc5400250">
putting data in the thread: <Thread(ThreadPoolExecutor-17_0, started daemon 140131495311104)>
Successfully put the object_id: ObjectID <"o64d1fd1bc8400253">
putting data in the thread: <Thread(ThreadPoolExecutor-17_0, started daemon 140131495311104)>
Failed to put the object Name test6829 already exists in the vineyard
putting data in the thread: <Thread(ThreadPoolExecutor-17_0, started daemon 140131495311104)>
Successfully put the object_id: ObjectID <"o64d1fd1bcb400256">
putting data in the thread: <Thread(ThreadPoolExecutor-17_0, started daemon 140131495311104)>
Successfully put the object_id: ObjectID <"o64d1fd1bce400259">
putting data in the thread: <Thread(ThreadPoolExecutor-17_0, started daemon 140131495311104)>
Successfully put the object_id: ObjectID <"o64d1fd1bd140025c">
putting data in the thread: <Thread(ThreadPoolExecutor-17_0, started daemon 140131495311104)>
Successfully put the object_id: ObjectID <"o64d1fd1bd400025f">
putting data in the thread: <Thread(ThreadPoolExecutor-17_0, started daemon 140131495311104)>
Successfully put the object_id: ObjectID <"o64d1fd1bd7400262">
putting data in the thread: <Thread(ThreadPoolExecutor-17_0, started daemon 140131495311104)>
Successfully put the object_id: ObjectID <"o64d1fd1bd9c00265">
putting data in the thread: <Thread(ThreadPoolExecutor-17_0, started daemon 140131495311104)>
Successfully put the object_id: ObjectID <"o64d1fd1bdc800268">
putting data in the thread: <Thread(ThreadPoolExecutor-17_0, started daemon 140131495311104)>
Successfully put the object_id: ObjectID <"o64d1fd1bdf40026b">
putting data in the thread: <Thread(ThreadPoolExecutor-17_0, started daemon 140131495311104)>
Successfully put the object_id: ObjectID <"o64d1fd1be240026e">
putting data in the thread: <Thread(ThreadPoolExecutor-17_0, started daemon 140131495311104)>
Successfully put the object_id: ObjectID <"o64d1fd1be4c00271">
putting data in the thread: <Thread(ThreadPoolExecutor-17_0, started daemon 140131495311104)>
Successfully put the object_id: ObjectID <"o64d1fd1be7800274">
putting data in the thread: <Thread(ThreadPoolExecutor-17_0, started daemon 140131495311104)>
Successfully put the object_id: ObjectID <"o64d1fd1bea800277">
putting data in the thread: <Thread(ThreadPoolExecutor-17_0, started daemon 140131495311104)>
Failed to put the object Name test9779 already exists in the vineyard
putting data in the thread: <Thread(ThreadPoolExecutor-17_0, started daemon 140131495311104)>
Failed to put the object Name test7302 already exists in the vineyard
putting data in the thread: <Thread(ThreadPoolExecutor-17_0, started daemon 140131495311104)>
Failed to put the object Name test7540 already exists in the vineyard
putting data in the thread: <Thread(ThreadPoolExecutor-17_0, started daemon 140131495311104)>
Successfully put the object_id: ObjectID <"o64d1fd1bed80027a">
putting data in the thread: <Thread(ThreadPoolExecutor-17_0, started daemon 140131495311104)>
Successfully put the object_id: ObjectID <"o64d1fd1bf040027d">
putting data in the thread: <Thread(ThreadPoolExecutor-17_0, started daemon 140131495311104)>
Failed to put the object Name test1673 already exists in the vineyard
putting data in the thread: <Thread(ThreadPoolExecutor-17_0, started daemon 140131495311104)>
Successfully put the object_id: ObjectID <"o64d1fd1bf3400280">
putting data in the thread: <Thread(ThreadPoolExecutor-17_0, started daemon 140131495311104)>
Failed to put the object Name test3334 already exists in the vineyard
putting data in the thread: <Thread(ThreadPoolExecutor-17_0, started daemon 140131495311104)>
Successfully put the object_id: ObjectID <"o64d1fd1bf6c00283">
putting data in the thread: <Thread(ThreadPoolExecutor-17_0, started daemon 140131495311104)>
Successfully put the object_id: ObjectID <"o64d1fd1c07000286">
putting data in the thread: <Thread(ThreadPoolExecutor-17_0, started daemon 140131495311104)>
Successfully put the object_id: ObjectID <"o64d1fd1c09c00289">
putting data in the thread: <Thread(ThreadPoolExecutor-17_0, started daemon 140131495311104)>
Successfully put the object_id: ObjectID <"o64d1fd1c0c80028c">
putting data in the thread: <Thread(ThreadPoolExecutor-17_0, started daemon 140131495311104)>
Successfully put the object_id: ObjectID <"o64d1fd1c0ec0028f">
putting data in the thread: <Thread(ThreadPoolExecutor-17_0, started daemon 140131495311104)>
Successfully put the object_id: ObjectID <"o64d1fd1c11400292">
putting data in the thread: <Thread(ThreadPoolExecutor-17_0, started daemon 140131495311104)>
Successfully put the object_id: ObjectID <"o64d1fd1c13c00295">
putting data in the thread: <Thread(ThreadPoolExecutor-17_0, started daemon 140131495311104)>
Successfully put the object_id: ObjectID <"o64d1fd1c16000298">
putting data in the thread: <Thread(ThreadPoolExecutor-17_0, started daemon 140131495311104)>
Successfully put the object_id: ObjectID <"o64d1fd1c18c0029b">
putting data in the thread: <Thread(ThreadPoolExecutor-17_0, started daemon 140131495311104)>
Successfully put the object_id: ObjectID <"o64d1fd1c1b40029e">
putting data in the thread: <Thread(ThreadPoolExecutor-17_0, started daemon 140131495311104)>
Failed to put the object Name test4370 already exists in the vineyard
putting data in the thread: <Thread(ThreadPoolExecutor-17_0, started daemon 140131495311104)>
Failed to put the object Name test3519 already exists in the vineyard
putting data in the thread: <Thread(ThreadPoolExecutor-17_0, started daemon 140131495311104)>
Failed to put the object Name test9086 already exists in the vineyard
putting data in the thread: <Thread(ThreadPoolExecutor-17_0, started daemon 140131495311104)>
Successfully put the object_id: ObjectID <"o64d1fd1c1e4002a1">
putting data in the thread: <Thread(ThreadPoolExecutor-17_0, started daemon 140131495311104)>
Successfully put the object_id: ObjectID <"o64d1fd1c214002a4">
putting data in the thread: <Thread(ThreadPoolExecutor-17_0, started daemon 140131495311104)>
Successfully put the object_id: ObjectID <"o64d1fd1c23c002a7">
putting data in the thread: <Thread(ThreadPoolExecutor-17_0, started daemon 140131495311104)>
Successfully put the object_id: ObjectID <"o64d1fd1c264002aa">
putting data in the thread: <Thread(ThreadPoolExecutor-17_0, started daemon 140131495311104)>
Successfully put the object_id: ObjectID <"o64d1fd1c28c002ad">
putting data in the thread: <Thread(ThreadPoolExecutor-17_0, started daemon 140131495311104)>
Successfully put the object_id: ObjectID <"o64d1fd1c2b4002b0">
putting data in the thread: <Thread(ThreadPoolExecutor-17_0, started daemon 140131495311104)>
Successfully put the object_id: ObjectID <"o64d1fd1c2dc002b3">
putting data in the thread: <Thread(ThreadPoolExecutor-17_0, started daemon 140131495311104)>
Successfully put the object_id: ObjectID <"o64d1fd1c308002b6">
putting data in the thread: <Thread(ThreadPoolExecutor-17_0, started daemon 140131495311104)>
Successfully put the object_id: ObjectID <"o64d1fd1c338002b9">
putting data in the thread: <Thread(ThreadPoolExecutor-17_0, started daemon 140131495311104)>
Successfully put the object_id: ObjectID <"o64d1fd1c360002bc">
putting data in the thread: <Thread(ThreadPoolExecutor-17_0, started daemon 140131495311104)>
Successfully put the object_id: ObjectID <"o64d1fd1c388002bf">
putting data in the thread: <Thread(ThreadPoolExecutor-17_0, started daemon 140131495311104)>
Successfully put the object_id: ObjectID <"o64d1fd1c3b0002c2">
putting data in the thread: <Thread(ThreadPoolExecutor-17_0, started daemon 140131495311104)>
Successfully put the object_id: ObjectID <"o64d1fd1c3dc002c5">
putting data in the thread: <Thread(ThreadPoolExecutor-17_0, started daemon 140131495311104)>
Failed to put the object Name test5615 already exists in the vineyard
putting data in the thread: <Thread(ThreadPoolExecutor-17_0, started daemon 140131495311104)>
Successfully put the object_id: ObjectID <"o64d1fd1c40c002c8">
putting data in the thread: <Thread(ThreadPoolExecutor-17_0, started daemon 140131495311104)>
Successfully put the object_id: ObjectID <"o64d1fd1c434002cb">
putting data in the thread: <Thread(ThreadPoolExecutor-17_0, started daemon 140131495311104)>
Successfully put the object_id: ObjectID <"o64d1fd1c45c002ce">
putting data in the thread: <Thread(ThreadPoolExecutor-17_0, started daemon 140131495311104)>
Successfully put the object_id: ObjectID <"o64d1fd1c488002d1">
putting data in the thread: <Thread(ThreadPoolExecutor-17_0, started daemon 140131495311104)>
Successfully put the object_id: ObjectID <"o64d1fd1c4ac002d4">
putting data in the thread: <Thread(ThreadPoolExecutor-17_0, started daemon 140131495311104)>
Successfully put the object_id: ObjectID <"o64d1fd1c5b4002d7">
putting data in the thread: <Thread(ThreadPoolExecutor-17_0, started daemon 140131495311104)>
Successfully put the object_id: ObjectID <"o64d1fd1c5e0002da">
putting data in the thread: <Thread(ThreadPoolExecutor-17_0, started daemon 140131495311104)>
Successfully put the object_id: ObjectID <"o64d1fd1c60c002dd">
putting data in the thread: <Thread(ThreadPoolExecutor-17_0, started daemon 140131495311104)>
Successfully put the object_id: ObjectID <"o64d1fd1c634002e0">
putting data in the thread: <Thread(ThreadPoolExecutor-17_0, started daemon 140131495311104)>
Successfully put the object_id: ObjectID <"o64d1fd1c660002e3">
putting data in the thread: <Thread(ThreadPoolExecutor-17_0, started daemon 140131495311104)>
Successfully put the object_id: ObjectID <"o64d1fd1c690002e6">
putting data in the thread: <Thread(ThreadPoolExecutor-17_0, started daemon 140131495311104)>
Failed to put the object Name test4160 already exists in the vineyard
putting data in the thread: <Thread(ThreadPoolExecutor-17_0, started daemon 140131495311104)>
Successfully put the object_id: ObjectID <"o64d1fd1c6c0002e9">
putting data in the thread: <Thread(ThreadPoolExecutor-17_0, started daemon 140131495311104)>
Failed to put the object Name test5711 already exists in the vineyard
putting data in the thread: <Thread(ThreadPoolExecutor-17_0, started daemon 140131495311104)>
Successfully put the object_id: ObjectID <"o64d1fd1c6e8002ec">
putting data in the thread: <Thread(ThreadPoolExecutor-17_0, started daemon 140131495311104)>
Successfully put the object_id: ObjectID <"o64d1fd1c714002ef">
putting data in the thread: <Thread(ThreadPoolExecutor-17_0, started daemon 140131495311104)>
Successfully put the object_id: ObjectID <"o64d1fd1c740002f2">
putting data in the thread: <Thread(ThreadPoolExecutor-17_0, started daemon 140131495311104)>
Successfully put the object_id: ObjectID <"o64d1fd1c76c002f5">
putting data in the thread: <Thread(ThreadPoolExecutor-17_0, started daemon 140131495311104)>
Successfully put the object_id: ObjectID <"o64d1fd1c790002f8">
putting data in the thread: <Thread(ThreadPoolExecutor-17_0, started daemon 140131495311104)>
Successfully put the object_id: ObjectID <"o64d1fd1c7c0002fb">
putting data in the thread: <Thread(ThreadPoolExecutor-17_0, started daemon 140131495311104)>
Successfully put the object_id: ObjectID <"o64d1fd1c7f0002fe">
putting data in the thread: <Thread(ThreadPoolExecutor-17_0, started daemon 140131495311104)>
Failed to put the object Name test5003 already exists in the vineyard
putting data in the thread: <Thread(ThreadPoolExecutor-17_0, started daemon 140131495311104)>
Successfully put the object_id: ObjectID <"o64d1fd1c81c00301">
putting data in the thread: <Thread(ThreadPoolExecutor-17_0, started daemon 140131495311104)>
Successfully put the object_id: ObjectID <"o64d1fd1c84400304">
putting data in the thread: <Thread(ThreadPoolExecutor-17_0, started daemon 140131495311104)>
Failed to put the object Name test8259 already exists in the vineyard
putting data in the thread: <Thread(ThreadPoolExecutor-17_0, started daemon 140131495311104)>
Successfully put the object_id: ObjectID <"o64d1fd1c87000307">
putting data in the thread: <Thread(ThreadPoolExecutor-17_0, started daemon 140131495311104)>
Successfully put the object_id: ObjectID <"o64d1fd1c8a80030a">
putting data in the thread: <Thread(ThreadPoolExecutor-17_0, started daemon 140131495311104)>
Successfully put the object_id: ObjectID <"o64d1fd1c8d40030d">
putting data in the thread: <Thread(ThreadPoolExecutor-17_0, started daemon 140131495311104)>
Successfully put the object_id: ObjectID <"o64d1fd1c90800310">
putting data in the thread: <Thread(ThreadPoolExecutor-17_0, started daemon 140131495311104)>
Successfully put the object_id: ObjectID <"o64d1fd1c93800313">
putting data in the thread: <Thread(ThreadPoolExecutor-17_0, started daemon 140131495311104)>
Successfully put the object_id: ObjectID <"o64d1fd1c96c00316">
putting data in the thread: <Thread(ThreadPoolExecutor-17_0, started daemon 140131495311104)>
Successfully put the object_id: ObjectID <"o64d1fd1c99c00319">
putting data in the thread: <Thread(ThreadPoolExecutor-17_0, started daemon 140131495311104)>
Successfully put the object_id: ObjectID <"o64d1fd1c9d00031c">
putting data in the thread: <Thread(ThreadPoolExecutor-17_0, started daemon 140131495311104)>
Successfully put the object_id: ObjectID <"o64d1fd1ca000031f">
putting data in the thread: <Thread(ThreadPoolExecutor-17_0, started daemon 140131495311104)>
Successfully put the object_id: ObjectID <"o64d1fd1ca2c00322">
putting data in the thread: <Thread(ThreadPoolExecutor-17_0, started daemon 140131495311104)>
Successfully put the object_id: ObjectID <"o64d1fd1ca6000325">
putting data in the thread: <Thread(ThreadPoolExecutor-17_0, started daemon 140131495311104)>
Successfully put the object_id: ObjectID <"o64d1fd1cb7000328">
putting data in the thread: <Thread(ThreadPoolExecutor-17_0, started daemon 140131495311104)>
Failed to put the object Name test7107 already exists in the vineyard
putting data in the thread: <Thread(ThreadPoolExecutor-17_0, started daemon 140131495311104)>
Successfully put the object_id: ObjectID <"o64d1fd1cba40032b">
putting data in the thread: <Thread(ThreadPoolExecutor-17_0, started daemon 140131495311104)>
Successfully put the object_id: ObjectID <"o64d1fd1cbd00032e">
putting data in the thread: <Thread(ThreadPoolExecutor-17_0, started daemon 140131495311104)>
Successfully put the object_id: ObjectID <"o64d1fd1cbf800331">
putting data in the thread: <Thread(ThreadPoolExecutor-17_0, started daemon 140131495311104)>
Successfully put the object_id: ObjectID <"o64d1fd1cc2000334">
putting data in the thread: <Thread(ThreadPoolExecutor-17_0, started daemon 140131495311104)>
Successfully put the object_id: ObjectID <"o64d1fd1cc4c00337">
putting data in the thread: <Thread(ThreadPoolExecutor-17_0, started daemon 140131495311104)>
Successfully put the object_id: ObjectID <"o64d1fd1cc740033a">
putting data in the thread: <Thread(ThreadPoolExecutor-17_0, started daemon 140131495311104)>
Successfully put the object_id: ObjectID <"o64d1fd1cca00033d">
start the gc thread
putting data in the thread: <Thread(ThreadPoolExecutor-18_0, started daemon 140131495311104)>
Successfully put the object_id: ObjectID <"o64d1fd1ccd000340">
putting data in the thread: <Thread(ThreadPoolExecutor-18_0, started daemon 140131495311104)>
Successfully put the object_id: ObjectID <"o64d1fd1ccfc00343">
putting data in the thread: <Thread(ThreadPoolExecutor-18_0, started daemon 140131495311104)>
Successfully put the object_id: ObjectID <"o64d1fd1cd2400346">
putting data in the thread: <Thread(ThreadPoolExecutor-18_0, started daemon 140131495311104)>
Successfully put the object_id: ObjectID <"o64d1fd1cd5000349">
putting data in the thread: <Thread(ThreadPoolExecutor-18_0, started daemon 140131495311104)>
Successfully put the object_id: ObjectID <"o64d1fd1cd740034c">
putting data in the thread: <Thread(ThreadPoolExecutor-18_0, started daemon 140131495311104)>
Successfully put the object_id: ObjectID <"o64d1fd1cda40034f">
putting data in the thread: <Thread(ThreadPoolExecutor-18_0, started daemon 140131495311104)>
Successfully put the object_id: ObjectID <"o64d1fd1cdcc00352">
putting data in the thread: <Thread(ThreadPoolExecutor-18_0, started daemon 140131495311104)>
Successfully put the object_id: ObjectID <"o64d1fd1cdf800355">
putting data in the thread: <Thread(ThreadPoolExecutor-18_0, started daemon 140131495311104)>
Failed to put the object Name test2707 already exists in the vineyard
putting data in the thread: <Thread(ThreadPoolExecutor-18_0, started daemon 140131495311104)>
Successfully put the object_id: ObjectID <"o64d1fd1ce2000358">
putting data in the thread: <Thread(ThreadPoolExecutor-18_0, started daemon 140131495311104)>
Successfully put the object_id: ObjectID <"o64d1fd1ce500035b">
putting data in the thread: <Thread(ThreadPoolExecutor-18_0, started daemon 140131495311104)>
Successfully put the object_id: ObjectID <"o64d1fd1ce800035e">
putting data in the thread: <Thread(ThreadPoolExecutor-18_0, started daemon 140131495311104)>
Successfully put the object_id: ObjectID <"o64d1fd1ceac00361">
putting data in the thread: <Thread(ThreadPoolExecutor-18_0, started daemon 140131495311104)>
Successfully put the object_id: ObjectID <"o64d1fd1ced400364">
putting data in the thread: <Thread(ThreadPoolExecutor-18_0, started daemon 140131495311104)>
Successfully put the object_id: ObjectID <"o64d1fd1cefc00367">
putting data in the thread: <Thread(ThreadPoolExecutor-18_0, started daemon 140131495311104)>
Successfully put the object_id: ObjectID <"o64d1fd1cf280036a">
putting data in the thread: <Thread(ThreadPoolExecutor-18_0, started daemon 140131495311104)>
Successfully put the object_id: ObjectID <"o64d1fd1cfd40036d">
putting data in the thread: <Thread(ThreadPoolExecutor-18_0, started daemon 140131495311104)>
Successfully put the object_id: ObjectID <"o64d1fd1d00800370">
putting data in the thread: <Thread(ThreadPoolExecutor-18_0, started daemon 140131495311104)>
Successfully put the object_id: ObjectID <"o64d1fd1d03000373">
putting data in the thread: <Thread(ThreadPoolExecutor-18_0, started daemon 140131495311104)>
Successfully put the object_id: ObjectID <"o64d1fd1d05c00376">
putting data in the thread: <Thread(ThreadPoolExecutor-18_0, started daemon 140131495311104)>
Failed to put the object Name test6127 already exists in the vineyard
putting data in the thread: <Thread(ThreadPoolExecutor-18_0, started daemon 140131495311104)>
Successfully put the object_id: ObjectID <"o64d1fd1d15c00379">
putting data in the thread: <Thread(ThreadPoolExecutor-18_0, started daemon 140131495311104)>
Successfully put the object_id: ObjectID <"o64d1fd1d1900037c">
putting data in the thread: <Thread(ThreadPoolExecutor-18_0, started daemon 140131495311104)>
Successfully put the object_id: ObjectID <"o64d1fd1d1bc0037f">
putting data in the thread: <Thread(ThreadPoolExecutor-18_0, started daemon 140131495311104)>
Failed to put the object Name test938 already exists in the vineyard
putting data in the thread: <Thread(ThreadPoolExecutor-18_0, started daemon 140131495311104)>
Successfully put the object_id: ObjectID <"o64d1fd1d1e400382">
putting data in the thread: <Thread(ThreadPoolExecutor-18_0, started daemon 140131495311104)>
Successfully put the object_id: ObjectID <"o64d1fd1d20c00385">
putting data in the thread: <Thread(ThreadPoolExecutor-18_0, started daemon 140131495311104)>
Failed to put the object Name test5547 already exists in the vineyard
putting data in the thread: <Thread(ThreadPoolExecutor-18_0, started daemon 140131495311104)>
Successfully put the object_id: ObjectID <"o64d1fd1d23400388">
putting data in the thread: <Thread(ThreadPoolExecutor-18_0, started daemon 140131495311104)>
Successfully put the object_id: ObjectID <"o64d1fd1d25c0038b">
putting data in the thread: <Thread(ThreadPoolExecutor-18_0, started daemon 140131495311104)>
Successfully put the object_id: ObjectID <"o64d1fd1d2800038e">
putting data in the thread: <Thread(ThreadPoolExecutor-18_0, started daemon 140131495311104)>
Successfully put the object_id: ObjectID <"o64d1fd1d2ac00391">
putting data in the thread: <Thread(ThreadPoolExecutor-18_0, started daemon 140131495311104)>
Successfully put the object_id: ObjectID <"o64d1fd1d2dc00394">
putting data in the thread: <Thread(ThreadPoolExecutor-18_0, started daemon 140131495311104)>
Traceback (most recent call last):
  File "/opt/caoye/fix-e2e-test/v6d/test.py", line 101, in <module>
    time.sleep(1000)
KeyboardInterrupt
Successfully put the object_id: ObjectID <"o64d1fd1d30400397">
putting data in the thread: <Thread(ThreadPoolExecutor-18_0, started daemon 140131495311104)>
Successfully put the object_id: ObjectID <"o64d1fd1d3300039a">
putting data in the thread: <Thread(ThreadPoolExecutor-18_0, started daemon 140131495311104)>
Successfully put the object_id: ObjectID <"o64d1fd1d3600039d">
putting data in the thread: <Thread(ThreadPoolExecutor-18_0, started daemon 140131495311104)>
Successfully put the object_id: ObjectID <"o64d1fd1d38c003a0">
putting data in the thread: <Thread(ThreadPoolExecutor-18_0, started daemon 140131495311104)>
Failed to put the object Name test3211 already exists in the vineyard
putting data in the thread: <Thread(ThreadPoolExecutor-18_0, started daemon 140131495311104)>
Successfully put the object_id: ObjectID <"o64d1fd1d3c0003a3">
putting data in the thread: <Thread(ThreadPoolExecutor-18_0, started daemon 140131495311104)>
Successfully put the object_id: ObjectID <"o64d1fd1d3ec003a6">
putting data in the thread: <Thread(ThreadPoolExecutor-18_0, started daemon 140131495311104)>
Successfully put the object_id: ObjectID <"o64d1fd1d41c003a9">
putting data in the thread: <Thread(ThreadPoolExecutor-18_0, started daemon 140131495311104)>
Successfully put the object_id: ObjectID <"o64d1fd1d448003ac">
putting data in the thread: <Thread(ThreadPoolExecutor-18_0, started daemon 140131495311104)>
Successfully put the object_id: ObjectID <"o64d1fd1d474003af">
putting data in the thread: <Thread(ThreadPoolExecutor-18_0, started daemon 140131495311104)>
Successfully put the object_id: ObjectID <"o64d1fd1d4a8003b2">
putting data in the thread: <Thread(ThreadPoolExecutor-18_0, started daemon 140131495311104)>
Successfully put the object_id: ObjectID <"o64d1fd1d4d0003b5">
putting data in the thread: <Thread(ThreadPoolExecutor-18_0, started daemon 140131495311104)>
Failed to put the object Name test4230 already exists in the vineyard
putting data in the thread: <Thread(ThreadPoolExecutor-18_0, started daemon 140131495311104)>
Failed to put the object Name test2958 already exists in the vineyard
putting data in the thread: <Thread(ThreadPoolExecutor-18_0, started daemon 140131495311104)>
Successfully put the object_id: ObjectID <"o64d1fd1d504003b8">
putting data in the thread: <Thread(ThreadPoolExecutor-18_0, started daemon 140131495311104)>
Failed to put the object Name test4382 already exists in the vineyard
putting data in the thread: <Thread(ThreadPoolExecutor-18_0, started daemon 140131495311104)>
Successfully put the object_id: ObjectID <"o64d1fd1d530003bb">
putting data in the thread: <Thread(ThreadPoolExecutor-18_0, started daemon 140131495311104)>
Successfully put the object_id: ObjectID <"o64d1fd1d55c003be">
putting data in the thread: <Thread(ThreadPoolExecutor-18_0, started daemon 140131495311104)>
Failed to put the object Name test2893 already exists in the vineyard
putting data in the thread: <Thread(ThreadPoolExecutor-18_0, started daemon 140131495311104)>
Successfully put the object_id: ObjectID <"o64d1fd1d58c003c1">
putting data in the thread: <Thread(ThreadPoolExecutor-18_0, started daemon 140131495311104)>
Successfully put the object_id: ObjectID <"o64d1fd1d5b4003c4">
putting data in the thread: <Thread(ThreadPoolExecutor-18_0, started daemon 140131495311104)>
Successfully put the object_id: ObjectID <"o64d1fd1d5e4003c7">
putting data in the thread: <Thread(ThreadPoolExecutor-18_0, started daemon 140131495311104)>
Successfully put the object_id: ObjectID <"o64d1fd1d6f0003ca">
putting data in the thread: <Thread(ThreadPoolExecutor-18_0, started daemon 140131495311104)>
Successfully put the object_id: ObjectID <"o64d1fd1d730003cd">
putting data in the thread: <Thread(ThreadPoolExecutor-18_0, started daemon 140131495311104)>
Successfully put the object_id: ObjectID <"o64d1fd1d75c003d0">
putting data in the thread: <Thread(ThreadPoolExecutor-18_0, started daemon 140131495311104)>
Successfully put the object_id: ObjectID <"o64d1fd1d788003d3">
putting data in the thread: <Thread(ThreadPoolExecutor-18_0, started daemon 140131495311104)>
Successfully put the object_id: ObjectID <"o64d1fd1d7b4003d6">
putting data in the thread: <Thread(ThreadPoolExecutor-18_0, started daemon 140131495311104)>
Successfully put the object_id: ObjectID <"o64d1fd1d7e4003d9">
putting data in the thread: <Thread(ThreadPoolExecutor-18_0, started daemon 140131495311104)>
Successfully put the object_id: ObjectID <"o64d1fd1d810003dc">
putting data in the thread: <Thread(ThreadPoolExecutor-18_0, started daemon 140131495311104)>
Successfully put the object_id: ObjectID <"o64d1fd1d838003df">
putting data in the thread: <Thread(ThreadPoolExecutor-18_0, started daemon 140131495311104)>
Successfully put the object_id: ObjectID <"o64d1fd1d860003e2">
putting data in the thread: <Thread(ThreadPoolExecutor-18_0, started daemon 140131495311104)>
Successfully put the object_id: ObjectID <"o64d1fd1d888003e5">
putting data in the thread: <Thread(ThreadPoolExecutor-18_0, started daemon 140131495311104)>
Successfully put the object_id: ObjectID <"o64d1fd1d8b0003e8">
putting data in the thread: <Thread(ThreadPoolExecutor-18_0, started daemon 140131495311104)>
Successfully put the object_id: ObjectID <"o64d1fd1d8d8003eb">
putting data in the thread: <Thread(ThreadPoolExecutor-18_0, started daemon 140131495311104)>
Failed to put the object Name test1502 already exists in the vineyard
putting data in the thread: <Thread(ThreadPoolExecutor-18_0, started daemon 140131495311104)>
Successfully put the object_id: ObjectID <"o64d1fd1d900003ee">
putting data in the thread: <Thread(ThreadPoolExecutor-18_0, started daemon 140131495311104)>
Successfully put the object_id: ObjectID <"o64d1fd1d928003f1">
putting data in the thread: <Thread(ThreadPoolExecutor-18_0, started daemon 140131495311104)>
Successfully put the object_id: ObjectID <"o64d1fd1d950003f4">
putting data in the thread: <Thread(ThreadPoolExecutor-18_0, started daemon 140131495311104)>
Successfully put the object_id: ObjectID <"o64d1fd1d97c003f7">
putting data in the thread: <Thread(ThreadPoolExecutor-18_0, started daemon 140131495311104)>
Successfully put the object_id: ObjectID <"o64d1fd1d9a4003fa">
putting data in the thread: <Thread(ThreadPoolExecutor-18_0, started daemon 140131495311104)>
Successfully put the object_id: ObjectID <"o64d1fd1d9d4003fd">
putting data in the thread: <Thread(ThreadPoolExecutor-18_0, started daemon 140131495311104)>
Successfully put the object_id: ObjectID <"o64d1fd1da0000400">
putting data in the thread: <Thread(ThreadPoolExecutor-18_0, started daemon 140131495311104)>
Successfully put the object_id: ObjectID <"o64d1fd1da2800403">
putting data in the thread: <Thread(ThreadPoolExecutor-18_0, started daemon 140131495311104)>
Successfully put the object_id: ObjectID <"o64d1fd1da5400406">
putting data in the thread: <Thread(ThreadPoolExecutor-18_0, started daemon 140131495311104)>
Failed to put the object Name test4160 already exists in the vineyard
putting data in the thread: <Thread(ThreadPoolExecutor-18_0, started daemon 140131495311104)>
Failed to put the object Name test2987 already exists in the vineyard
putting data in the thread: <Thread(ThreadPoolExecutor-18_0, started daemon 140131495311104)>
Successfully put the object_id: ObjectID <"o64d1fd1da8000409">
putting data in the thread: <Thread(ThreadPoolExecutor-18_0, started daemon 140131495311104)>
Successfully put the object_id: ObjectID <"o64d1fd1dab00040c">
putting data in the thread: <Thread(ThreadPoolExecutor-18_0, started daemon 140131495311104)>
Successfully put the object_id: ObjectID <"o64d1fd1dadc0040f">
putting data in the thread: <Thread(ThreadPoolExecutor-18_0, started daemon 140131495311104)>
Successfully put the object_id: ObjectID <"o64d1fd1db1000412">
putting data in the thread: <Thread(ThreadPoolExecutor-18_0, started daemon 140131495311104)>
Failed to put the object Name test9543 already exists in the vineyard
putting data in the thread: <Thread(ThreadPoolExecutor-18_0, started daemon 140131495311104)>
Failed to put the object Name test1709 already exists in the vineyard
putting data in the thread: <Thread(ThreadPoolExecutor-18_0, started daemon 140131495311104)>
Successfully put the object_id: ObjectID <"o64d1fd1db4000415">
putting data in the thread: <Thread(ThreadPoolExecutor-18_0, started daemon 140131495311104)>
Failed to put the object Name test1056 already exists in the vineyard
putting data in the thread: <Thread(ThreadPoolExecutor-18_0, started daemon 140131495311104)>
Successfully put the object_id: ObjectID <"o64d1fd1db6800418">
putting data in the thread: <Thread(ThreadPoolExecutor-18_0, started daemon 140131495311104)>
Failed to put the object Name test657 already exists in the vineyard
putting data in the thread: <Thread(ThreadPoolExecutor-18_0, started daemon 140131495311104)>
Successfully put the object_id: ObjectID <"o64d1fd1dc740041b">
putting data in the thread: <Thread(ThreadPoolExecutor-18_0, started daemon 140131495311104)>
Failed to put the object Name test910 already exists in the vineyard
putting data in the thread: <Thread(ThreadPoolExecutor-18_0, started daemon 140131495311104)>
Successfully put the object_id: ObjectID <"o64d1fd1dcac0041e">
putting data in the thread: <Thread(ThreadPoolExecutor-18_0, started daemon 140131495311104)>
Successfully put the object_id: ObjectID <"o64d1fd1dcd800421">
putting data in the thread: <Thread(ThreadPoolExecutor-18_0, started daemon 140131495311104)>
Successfully put the object_id: ObjectID <"o64d1fd1dcfc00424">
putting data in the thread: <Thread(ThreadPoolExecutor-18_0, started daemon 140131495311104)>
Successfully put the object_id: ObjectID <"o64d1fd1dd2400427">
putting data in the thread: <Thread(ThreadPoolExecutor-18_0, started daemon 140131495311104)>
Successfully put the object_id: ObjectID <"o64d1fd1dd4c0042a">
putting data in the thread: <Thread(ThreadPoolExecutor-18_0, started daemon 140131495311104)>
Successfully put the object_id: ObjectID <"o64d1fd1dd740042d">
putting data in the thread: <Thread(ThreadPoolExecutor-18_0, started daemon 140131495311104)>
Successfully put the object_id: ObjectID <"o64d1fd1dd9c00430">
putting data in the thread: <Thread(ThreadPoolExecutor-18_0, started daemon 140131495311104)>
Failed to put the object Name test618 already exists in the vineyard
putting data in the thread: <Thread(ThreadPoolExecutor-18_0, started daemon 140131495311104)>
Successfully put the object_id: ObjectID <"o64d1fd1ddc400433">
